<?xml version="1.0" encoding="ISO-8859-1" ?>
<link_info>
   <banner>TI ARM Clang Linker PC v4.0.4.LTS</banner>
   <copyright>Copyright (c) 1996-2018 Texas Instruments Incorporated</copyright>
   <command_line>C:\ti\ccs2040\ccs\tools\compiler\ti-cgt-armllvm_4.0.4.LTS\bin\tiarmlnk -IC:\ti\ccs2040\ccs\tools\compiler\ti-cgt-armllvm_4.0.4.LTS\lib -o LaunchpadController.out -mLaunchpadController.map -iC:/ti/mspm0_sdk_2_09_00_01/source -iC:/Users/sokja/ti/workspace_ccstheia/LaunchpadController -iC:/ti/ccs2040/ccs/tools/compiler/ti-cgt-armllvm_4.0.4.LTS/lib --diag_wrap=off --display_error_number --warn_sections --xml_link_info=LaunchpadController_linkInfo.xml --rom_model ./main.o ./startup_mspm0g350x_ticlang.o ./LP-MSPM0G3507/ADC.o ./LP-MSPM0G3507/LCD.o ./LP-MSPM0G3507/MKII.o ./LP-MSPM0G3507/SPI.o ./LP-MSPM0G3507/bsp.o ./LP-MSPM0G3507/clock.o ./LP-MSPM0G3507/mspm0g350x_int.o ./LP-MSPM0G3507/timer.o ./LP-MSPM0G3507/uart.o ../mspm0g3507.cmd -lC:/ti/mspm0_sdk_2_09_00_01/source/ti/driverlib/lib/ticlang/m0p/mspm0g1x0x_g3x0x/driverlib.a -llibc.a --start-group -llibc++.a -llibc++abi.a -llibc.a -llibsys.a -llibsysbm.a -llibclang_rt.builtins.a -llibclang_rt.profile.a --end-group --cg_opt_level=0</command_line>
   <link_time>0x69fd6040</link_time>
   <link_errors>0x0</link_errors>
   <output_file>C:\Users\sokja\ti\workspace_ccstheia\LaunchpadController\Debug\LaunchpadController.out</output_file>
   <entry_point>
      <name>_c_int00_noargs</name>
      <address>0x3829</address>
   </entry_point>
   <input_file_list>
      <input_file id="fl-1">
         <path>C:\Users\sokja\ti\workspace_ccstheia\LaunchpadController\Debug\.\</path>
         <kind>object</kind>
         <file>main.o</file>
         <name>main.o</name>
      </input_file>
      <input_file id="fl-2">
         <path>C:\Users\sokja\ti\workspace_ccstheia\LaunchpadController\Debug\.\</path>
         <kind>object</kind>
         <file>startup_mspm0g350x_ticlang.o</file>
         <name>startup_mspm0g350x_ticlang.o</name>
      </input_file>
      <input_file id="fl-3">
         <path>C:\Users\sokja\ti\workspace_ccstheia\LaunchpadController\Debug\.\LP-MSPM0G3507\</path>
         <kind>object</kind>
         <file>ADC.o</file>
         <name>ADC.o</name>
      </input_file>
      <input_file id="fl-4">
         <path>C:\Users\sokja\ti\workspace_ccstheia\LaunchpadController\Debug\.\LP-MSPM0G3507\</path>
         <kind>object</kind>
         <file>LCD.o</file>
         <name>LCD.o</name>
      </input_file>
      <input_file id="fl-5">
         <path>C:\Users\sokja\ti\workspace_ccstheia\LaunchpadController\Debug\.\LP-MSPM0G3507\</path>
         <kind>object</kind>
         <file>MKII.o</file>
         <name>MKII.o</name>
      </input_file>
      <input_file id="fl-6">
         <path>C:\Users\sokja\ti\workspace_ccstheia\LaunchpadController\Debug\.\LP-MSPM0G3507\</path>
         <kind>object</kind>
         <file>SPI.o</file>
         <name>SPI.o</name>
      </input_file>
      <input_file id="fl-7">
         <path>C:\Users\sokja\ti\workspace_ccstheia\LaunchpadController\Debug\.\LP-MSPM0G3507\</path>
         <kind>object</kind>
         <file>bsp.o</file>
         <name>bsp.o</name>
      </input_file>
      <input_file id="fl-8">
         <path>C:\Users\sokja\ti\workspace_ccstheia\LaunchpadController\Debug\.\LP-MSPM0G3507\</path>
         <kind>object</kind>
         <file>clock.o</file>
         <name>clock.o</name>
      </input_file>
      <input_file id="fl-9">
         <path>C:\Users\sokja\ti\workspace_ccstheia\LaunchpadController\Debug\.\LP-MSPM0G3507\</path>
         <kind>object</kind>
         <file>mspm0g350x_int.o</file>
         <name>mspm0g350x_int.o</name>
      </input_file>
      <input_file id="fl-a">
         <path>C:\Users\sokja\ti\workspace_ccstheia\LaunchpadController\Debug\.\LP-MSPM0G3507\</path>
         <kind>object</kind>
         <file>timer.o</file>
         <name>timer.o</name>
      </input_file>
      <input_file id="fl-b">
         <path>C:\Users\sokja\ti\workspace_ccstheia\LaunchpadController\Debug\.\LP-MSPM0G3507\</path>
         <kind>object</kind>
         <file>uart.o</file>
         <name>uart.o</name>
      </input_file>
      <input_file id="fl-17">
         <path>C:\Users\sokja\ti\workspace_ccstheia\LaunchpadController\Debug\</path>
         <kind>object</kind>
         <file>&lt;internal&gt;</file>
         <name>&lt;internal&gt;</name>
      </input_file>
      <input_file id="fl-2e">
         <path>C:\ti\ccs2040\ccs\tools\compiler\ti-cgt-armllvm_4.0.4.LTS\lib\armv6m-ti-none-eabi\c\</path>
         <kind>archive</kind>
         <file>libc.a</file>
         <name>snprintf.c.obj</name>
      </input_file>
      <input_file id="fl-2f">
         <path>C:\ti\ccs2040\ccs\tools\compiler\ti-cgt-armllvm_4.0.4.LTS\lib\armv6m-ti-none-eabi\c\</path>
         <kind>archive</kind>
         <file>libc.a</file>
         <name>boot_cortex_m.c.obj</name>
      </input_file>
      <input_file id="fl-30">
         <path>C:\ti\ccs2040\ccs\tools\compiler\ti-cgt-armllvm_4.0.4.LTS\lib\armv6m-ti-none-eabi\c\</path>
         <kind>archive</kind>
         <file>libc.a</file>
         <name>mathacl_init.c.obj</name>
      </input_file>
      <input_file id="fl-31">
         <path>C:\ti\ccs2040\ccs\tools\compiler\ti-cgt-armllvm_4.0.4.LTS\lib\armv6m-ti-none-eabi\c\</path>
         <kind>archive</kind>
         <file>libc.a</file>
         <name>autoinit.c.obj</name>
      </input_file>
      <input_file id="fl-32">
         <path>C:\ti\ccs2040\ccs\tools\compiler\ti-cgt-armllvm_4.0.4.LTS\lib\armv6m-ti-none-eabi\c\</path>
         <kind>archive</kind>
         <file>libc.a</file>
         <name>pre_init.c.obj</name>
      </input_file>
      <input_file id="fl-33">
         <path>C:\ti\ccs2040\ccs\tools\compiler\ti-cgt-armllvm_4.0.4.LTS\lib\armv6m-ti-none-eabi\c\</path>
         <kind>archive</kind>
         <file>libc.a</file>
         <name>cpy_tbl.c.obj</name>
      </input_file>
      <input_file id="fl-34">
         <path>C:\ti\ccs2040\ccs\tools\compiler\ti-cgt-armllvm_4.0.4.LTS\lib\armv6m-ti-none-eabi\c\</path>
         <kind>archive</kind>
         <file>libc.a</file>
         <name>copy_zero_init.c.obj</name>
      </input_file>
      <input_file id="fl-35">
         <path>C:\ti\ccs2040\ccs\tools\compiler\ti-cgt-armllvm_4.0.4.LTS\lib\armv6m-ti-none-eabi\c\</path>
         <kind>archive</kind>
         <file>libc.a</file>
         <name>copy_decompress_none.c.obj</name>
      </input_file>
      <input_file id="fl-36">
         <path>C:\ti\ccs2040\ccs\tools\compiler\ti-cgt-armllvm_4.0.4.LTS\lib\armv6m-ti-none-eabi\c\</path>
         <kind>archive</kind>
         <file>libc.a</file>
         <name>copy_decompress_lzss.c.obj</name>
      </input_file>
      <input_file id="fl-37">
         <path>C:\ti\ccs2040\ccs\tools\compiler\ti-cgt-armllvm_4.0.4.LTS\lib\armv6m-ti-none-eabi\c\</path>
         <kind>archive</kind>
         <file>libc.a</file>
         <name>_printfi.c.obj</name>
      </input_file>
      <input_file id="fl-38">
         <path>C:\ti\ccs2040\ccs\tools\compiler\ti-cgt-armllvm_4.0.4.LTS\lib\armv6m-ti-none-eabi\c\</path>
         <kind>archive</kind>
         <file>libc.a</file>
         <name>aeabi_portable.c.obj</name>
      </input_file>
      <input_file id="fl-39">
         <path>C:\ti\ccs2040\ccs\tools\compiler\ti-cgt-armllvm_4.0.4.LTS\lib\armv6m-ti-none-eabi\c\</path>
         <kind>archive</kind>
         <file>libc.a</file>
         <name>exit.c.obj</name>
      </input_file>
      <input_file id="fl-3a">
         <path>C:\ti\ccs2040\ccs\tools\compiler\ti-cgt-armllvm_4.0.4.LTS\lib\armv6m-ti-none-eabi\c\</path>
         <kind>archive</kind>
         <file>libc.a</file>
         <name>_lock.c.obj</name>
      </input_file>
      <input_file id="fl-3b">
         <path>C:\ti\ccs2040\ccs\tools\compiler\ti-cgt-armllvm_4.0.4.LTS\lib\armv6m-ti-none-eabi\c\</path>
         <kind>archive</kind>
         <file>libc.a</file>
         <name>_ltoa.c.obj</name>
      </input_file>
      <input_file id="fl-3c">
         <path>C:\ti\ccs2040\ccs\tools\compiler\ti-cgt-armllvm_4.0.4.LTS\lib\armv6m-ti-none-eabi\c\</path>
         <kind>archive</kind>
         <file>libc.a</file>
         <name>args_main.c.obj</name>
      </input_file>
      <input_file id="fl-3d">
         <path>C:\ti\ccs2040\ccs\tools\compiler\ti-cgt-armllvm_4.0.4.LTS\lib\armv6m-ti-none-eabi\c\</path>
         <kind>archive</kind>
         <file>libc.a</file>
         <name>assert.c.obj</name>
      </input_file>
      <input_file id="fl-3e">
         <path>C:\ti\ccs2040\ccs\tools\compiler\ti-cgt-armllvm_4.0.4.LTS\lib\armv6m-ti-none-eabi\c\</path>
         <kind>archive</kind>
         <file>libc.a</file>
         <name>atoi.c.obj</name>
      </input_file>
      <input_file id="fl-3f">
         <path>C:\ti\ccs2040\ccs\tools\compiler\ti-cgt-armllvm_4.0.4.LTS\lib\armv6m-ti-none-eabi\c\</path>
         <kind>archive</kind>
         <file>libc.a</file>
         <name>defs.c.obj</name>
      </input_file>
      <input_file id="fl-40">
         <path>C:\ti\ccs2040\ccs\tools\compiler\ti-cgt-armllvm_4.0.4.LTS\lib\armv6m-ti-none-eabi\c\</path>
         <kind>archive</kind>
         <file>libc.a</file>
         <name>memccpy.c.obj</name>
      </input_file>
      <input_file id="fl-41">
         <path>C:\ti\ccs2040\ccs\tools\compiler\ti-cgt-armllvm_4.0.4.LTS\lib\armv6m-ti-none-eabi\c\</path>
         <kind>archive</kind>
         <file>libc.a</file>
         <name>memory.c.obj</name>
      </input_file>
      <input_file id="fl-42">
         <path>C:\ti\ccs2040\ccs\tools\compiler\ti-cgt-armllvm_4.0.4.LTS\lib\armv6m-ti-none-eabi\c\</path>
         <kind>archive</kind>
         <file>libc.a</file>
         <name>s_frexp.c.obj</name>
      </input_file>
      <input_file id="fl-43">
         <path>C:\ti\ccs2040\ccs\tools\compiler\ti-cgt-armllvm_4.0.4.LTS\lib\armv6m-ti-none-eabi\c\</path>
         <kind>archive</kind>
         <file>libc.a</file>
         <name>s_scalbn.c.obj</name>
      </input_file>
      <input_file id="fl-44">
         <path>C:\ti\ccs2040\ccs\tools\compiler\ti-cgt-armllvm_4.0.4.LTS\lib\armv6m-ti-none-eabi\c\</path>
         <kind>archive</kind>
         <file>libc.a</file>
         <name>wcslen.c.obj</name>
      </input_file>
      <input_file id="fl-45">
         <path>C:\ti\ccs2040\ccs\tools\compiler\ti-cgt-armllvm_4.0.4.LTS\lib\armv6m-ti-none-eabi\c\</path>
         <kind>archive</kind>
         <file>libc.a</file>
         <name>sprintf.c.obj</name>
      </input_file>
      <input_file id="fl-46">
         <path>C:\ti\ccs2040\ccs\tools\compiler\ti-cgt-armllvm_4.0.4.LTS\lib\armv6m-ti-none-eabi\c\</path>
         <kind>archive</kind>
         <file>libc.a</file>
         <name>fflush.c.obj</name>
      </input_file>
      <input_file id="fl-47">
         <path>C:\ti\ccs2040\ccs\tools\compiler\ti-cgt-armllvm_4.0.4.LTS\lib\armv6m-ti-none-eabi\c\</path>
         <kind>archive</kind>
         <file>libc.a</file>
         <name>fputs.c.obj</name>
      </input_file>
      <input_file id="fl-48">
         <path>C:\ti\ccs2040\ccs\tools\compiler\ti-cgt-armllvm_4.0.4.LTS\lib\armv6m-ti-none-eabi\c\</path>
         <kind>archive</kind>
         <file>libc.a</file>
         <name>_io_perm.c.obj</name>
      </input_file>
      <input_file id="fl-49">
         <path>C:\ti\ccs2040\ccs\tools\compiler\ti-cgt-armllvm_4.0.4.LTS\lib\armv6m-ti-none-eabi\c\</path>
         <kind>archive</kind>
         <file>libc.a</file>
         <name>setvbuf.c.obj</name>
      </input_file>
      <input_file id="fl-4a">
         <path>C:\ti\ccs2040\ccs\tools\compiler\ti-cgt-armllvm_4.0.4.LTS\lib\armv6m-ti-none-eabi\c\</path>
         <kind>archive</kind>
         <file>libc.a</file>
         <name>aeabi_ctype.S.obj</name>
      </input_file>
      <input_file id="fl-4b">
         <path>C:\ti\ccs2040\ccs\tools\compiler\ti-cgt-armllvm_4.0.4.LTS\lib\armv6m-ti-none-eabi\c\</path>
         <kind>archive</kind>
         <file>libc.a</file>
         <name>fopen.c.obj</name>
      </input_file>
      <input_file id="fl-4c">
         <path>C:\ti\ccs2040\ccs\tools\compiler\ti-cgt-armllvm_4.0.4.LTS\lib\armv6m-ti-none-eabi\c\</path>
         <kind>archive</kind>
         <file>libc.a</file>
         <name>fseek.c.obj</name>
      </input_file>
      <input_file id="fl-4d">
         <path>C:\ti\ccs2040\ccs\tools\compiler\ti-cgt-armllvm_4.0.4.LTS\lib\armv6m-ti-none-eabi\c\</path>
         <kind>archive</kind>
         <file>libc.a</file>
         <name>fclose.c.obj</name>
      </input_file>
      <input_file id="fl-ed">
         <path>C:\ti\ccs2040\ccs\tools\compiler\ti-cgt-armllvm_4.0.4.LTS\lib\armv6m-ti-none-eabi\c\</path>
         <kind>archive</kind>
         <file>libsysbm.a</file>
         <name>hostexit.c.obj</name>
      </input_file>
      <input_file id="fl-ee">
         <path>C:\ti\ccs2040\ccs\tools\compiler\ti-cgt-armllvm_4.0.4.LTS\lib\armv6m-ti-none-eabi\c\</path>
         <kind>archive</kind>
         <file>libsysbm.a</file>
         <name>write.c.obj</name>
      </input_file>
      <input_file id="fl-ef">
         <path>C:\ti\ccs2040\ccs\tools\compiler\ti-cgt-armllvm_4.0.4.LTS\lib\armv6m-ti-none-eabi\c\</path>
         <kind>archive</kind>
         <file>libsysbm.a</file>
         <name>host_device.c.obj</name>
      </input_file>
      <input_file id="fl-f0">
         <path>C:\ti\ccs2040\ccs\tools\compiler\ti-cgt-armllvm_4.0.4.LTS\lib\armv6m-ti-none-eabi\c\</path>
         <kind>archive</kind>
         <file>libsysbm.a</file>
         <name>remove.c.obj</name>
      </input_file>
      <input_file id="fl-f1">
         <path>C:\ti\ccs2040\ccs\tools\compiler\ti-cgt-armllvm_4.0.4.LTS\lib\armv6m-ti-none-eabi\c\</path>
         <kind>archive</kind>
         <file>libsysbm.a</file>
         <name>open.c.obj</name>
      </input_file>
      <input_file id="fl-f2">
         <path>C:\ti\ccs2040\ccs\tools\compiler\ti-cgt-armllvm_4.0.4.LTS\lib\armv6m-ti-none-eabi\c\</path>
         <kind>archive</kind>
         <file>libsysbm.a</file>
         <name>lseek.c.obj</name>
      </input_file>
      <input_file id="fl-f3">
         <path>C:\ti\ccs2040\ccs\tools\compiler\ti-cgt-armllvm_4.0.4.LTS\lib\armv6m-ti-none-eabi\c\</path>
         <kind>archive</kind>
         <file>libsysbm.a</file>
         <name>close.c.obj</name>
      </input_file>
      <input_file id="fl-f4">
         <path>C:\ti\ccs2040\ccs\tools\compiler\ti-cgt-armllvm_4.0.4.LTS\lib\armv6m-ti-none-eabi\c\</path>
         <kind>archive</kind>
         <file>libsysbm.a</file>
         <name>unlink.c.obj</name>
      </input_file>
      <input_file id="fl-f5">
         <path>C:\ti\ccs2040\ccs\tools\compiler\ti-cgt-armllvm_4.0.4.LTS\lib\armv6m-ti-none-eabi\c\</path>
         <kind>archive</kind>
         <file>libsysbm.a</file>
         <name>hostclose.c.obj</name>
      </input_file>
      <input_file id="fl-f6">
         <path>C:\ti\ccs2040\ccs\tools\compiler\ti-cgt-armllvm_4.0.4.LTS\lib\armv6m-ti-none-eabi\c\</path>
         <kind>archive</kind>
         <file>libsysbm.a</file>
         <name>hostlseek.c.obj</name>
      </input_file>
      <input_file id="fl-f7">
         <path>C:\ti\ccs2040\ccs\tools\compiler\ti-cgt-armllvm_4.0.4.LTS\lib\armv6m-ti-none-eabi\c\</path>
         <kind>archive</kind>
         <file>libsysbm.a</file>
         <name>hostopen.c.obj</name>
      </input_file>
      <input_file id="fl-f8">
         <path>C:\ti\ccs2040\ccs\tools\compiler\ti-cgt-armllvm_4.0.4.LTS\lib\armv6m-ti-none-eabi\c\</path>
         <kind>archive</kind>
         <file>libsysbm.a</file>
         <name>hostread.c.obj</name>
      </input_file>
      <input_file id="fl-f9">
         <path>C:\ti\ccs2040\ccs\tools\compiler\ti-cgt-armllvm_4.0.4.LTS\lib\armv6m-ti-none-eabi\c\</path>
         <kind>archive</kind>
         <file>libsysbm.a</file>
         <name>hostrename.c.obj</name>
      </input_file>
      <input_file id="fl-fa">
         <path>C:\ti\ccs2040\ccs\tools\compiler\ti-cgt-armllvm_4.0.4.LTS\lib\armv6m-ti-none-eabi\c\</path>
         <kind>archive</kind>
         <file>libsysbm.a</file>
         <name>hostunlink.c.obj</name>
      </input_file>
      <input_file id="fl-fb">
         <path>C:\ti\ccs2040\ccs\tools\compiler\ti-cgt-armllvm_4.0.4.LTS\lib\armv6m-ti-none-eabi\c\</path>
         <kind>archive</kind>
         <file>libsysbm.a</file>
         <name>hostwrite.c.obj</name>
      </input_file>
      <input_file id="fl-fc">
         <path>C:\ti\ccs2040\ccs\tools\compiler\ti-cgt-armllvm_4.0.4.LTS\lib\armv6m-ti-none-eabi\c\</path>
         <kind>archive</kind>
         <file>libsysbm.a</file>
         <name>trgmsg.c.obj</name>
      </input_file>
      <input_file id="fl-fd">
         <path>C:\ti\ccs2040\ccs\tools\compiler\ti-cgt-armllvm_4.0.4.LTS\lib\armv6m-ti-none-eabi\</path>
         <kind>archive</kind>
         <file>libclang_rt.builtins.a</file>
         <name>addsf3.S.obj</name>
      </input_file>
      <input_file id="fl-fe">
         <path>C:\ti\ccs2040\ccs\tools\compiler\ti-cgt-armllvm_4.0.4.LTS\lib\armv6m-ti-none-eabi\</path>
         <kind>archive</kind>
         <file>libclang_rt.builtins.a</file>
         <name>adddf3.S.obj</name>
      </input_file>
      <input_file id="fl-ff">
         <path>C:\ti\ccs2040\ccs\tools\compiler\ti-cgt-armllvm_4.0.4.LTS\lib\armv6m-ti-none-eabi\</path>
         <kind>archive</kind>
         <file>libclang_rt.builtins.a</file>
         <name>muldf3.S.obj</name>
      </input_file>
      <input_file id="fl-100">
         <path>C:\ti\ccs2040\ccs\tools\compiler\ti-cgt-armllvm_4.0.4.LTS\lib\armv6m-ti-none-eabi\</path>
         <kind>archive</kind>
         <file>libclang_rt.builtins.a</file>
         <name>muldsi3.S.obj</name>
      </input_file>
      <input_file id="fl-101">
         <path>C:\ti\ccs2040\ccs\tools\compiler\ti-cgt-armllvm_4.0.4.LTS\lib\armv6m-ti-none-eabi\</path>
         <kind>archive</kind>
         <file>libclang_rt.builtins.a</file>
         <name>mulsf3.S.obj</name>
      </input_file>
      <input_file id="fl-102">
         <path>C:\ti\ccs2040\ccs\tools\compiler\ti-cgt-armllvm_4.0.4.LTS\lib\armv6m-ti-none-eabi\</path>
         <kind>archive</kind>
         <file>libclang_rt.builtins.a</file>
         <name>divsf3.S.obj</name>
      </input_file>
      <input_file id="fl-103">
         <path>C:\ti\ccs2040\ccs\tools\compiler\ti-cgt-armllvm_4.0.4.LTS\lib\armv6m-ti-none-eabi\</path>
         <kind>archive</kind>
         <file>libclang_rt.builtins.a</file>
         <name>divdf3.S.obj</name>
      </input_file>
      <input_file id="fl-104">
         <path>C:\ti\ccs2040\ccs\tools\compiler\ti-cgt-armllvm_4.0.4.LTS\lib\armv6m-ti-none-eabi\</path>
         <kind>archive</kind>
         <file>libclang_rt.builtins.a</file>
         <name>extendsfdf2.S.obj</name>
      </input_file>
      <input_file id="fl-105">
         <path>C:\ti\ccs2040\ccs\tools\compiler\ti-cgt-armllvm_4.0.4.LTS\lib\armv6m-ti-none-eabi\</path>
         <kind>archive</kind>
         <file>libclang_rt.builtins.a</file>
         <name>fixdfsi.S.obj</name>
      </input_file>
      <input_file id="fl-106">
         <path>C:\ti\ccs2040\ccs\tools\compiler\ti-cgt-armllvm_4.0.4.LTS\lib\armv6m-ti-none-eabi\</path>
         <kind>archive</kind>
         <file>libclang_rt.builtins.a</file>
         <name>fixsfsi.S.obj</name>
      </input_file>
      <input_file id="fl-107">
         <path>C:\ti\ccs2040\ccs\tools\compiler\ti-cgt-armllvm_4.0.4.LTS\lib\armv6m-ti-none-eabi\</path>
         <kind>archive</kind>
         <file>libclang_rt.builtins.a</file>
         <name>floatsidf.S.obj</name>
      </input_file>
      <input_file id="fl-108">
         <path>C:\ti\ccs2040\ccs\tools\compiler\ti-cgt-armllvm_4.0.4.LTS\lib\armv6m-ti-none-eabi\</path>
         <kind>archive</kind>
         <file>libclang_rt.builtins.a</file>
         <name>floatsisf.S.obj</name>
      </input_file>
      <input_file id="fl-109">
         <path>C:\ti\ccs2040\ccs\tools\compiler\ti-cgt-armllvm_4.0.4.LTS\lib\armv6m-ti-none-eabi\</path>
         <kind>archive</kind>
         <file>libclang_rt.builtins.a</file>
         <name>floatunsisf.S.obj</name>
      </input_file>
      <input_file id="fl-10a">
         <path>C:\ti\ccs2040\ccs\tools\compiler\ti-cgt-armllvm_4.0.4.LTS\lib\armv6m-ti-none-eabi\</path>
         <kind>archive</kind>
         <file>libclang_rt.builtins.a</file>
         <name>muldi3.S.obj</name>
      </input_file>
      <input_file id="fl-10b">
         <path>C:\ti\ccs2040\ccs\tools\compiler\ti-cgt-armllvm_4.0.4.LTS\lib\armv6m-ti-none-eabi\</path>
         <kind>archive</kind>
         <file>libclang_rt.builtins.a</file>
         <name>truncdfsf2.S.obj</name>
      </input_file>
      <input_file id="fl-10c">
         <path>C:\ti\ccs2040\ccs\tools\compiler\ti-cgt-armllvm_4.0.4.LTS\lib\armv6m-ti-none-eabi\</path>
         <kind>archive</kind>
         <file>libclang_rt.builtins.a</file>
         <name>aeabi_dcmp.S.obj</name>
      </input_file>
      <input_file id="fl-10d">
         <path>C:\ti\ccs2040\ccs\tools\compiler\ti-cgt-armllvm_4.0.4.LTS\lib\armv6m-ti-none-eabi\</path>
         <kind>archive</kind>
         <file>libclang_rt.builtins.a</file>
         <name>aeabi_fcmp.S.obj</name>
      </input_file>
      <input_file id="fl-10e">
         <path>C:\ti\ccs2040\ccs\tools\compiler\ti-cgt-armllvm_4.0.4.LTS\lib\armv6m-ti-none-eabi\</path>
         <kind>archive</kind>
         <file>libclang_rt.builtins.a</file>
         <name>aeabi_idivmod.S.obj</name>
      </input_file>
      <input_file id="fl-10f">
         <path>C:\ti\ccs2040\ccs\tools\compiler\ti-cgt-armllvm_4.0.4.LTS\lib\armv6m-ti-none-eabi\</path>
         <kind>archive</kind>
         <file>libclang_rt.builtins.a</file>
         <name>aeabi_memcpy.S.obj</name>
      </input_file>
      <input_file id="fl-110">
         <path>C:\ti\ccs2040\ccs\tools\compiler\ti-cgt-armllvm_4.0.4.LTS\lib\armv6m-ti-none-eabi\</path>
         <kind>archive</kind>
         <file>libclang_rt.builtins.a</file>
         <name>aeabi_memset.S.obj</name>
      </input_file>
      <input_file id="fl-111">
         <path>C:\ti\ccs2040\ccs\tools\compiler\ti-cgt-armllvm_4.0.4.LTS\lib\armv6m-ti-none-eabi\</path>
         <kind>archive</kind>
         <file>libclang_rt.builtins.a</file>
         <name>aeabi_uidivmod.S.obj</name>
      </input_file>
      <input_file id="fl-112">
         <path>C:\ti\ccs2040\ccs\tools\compiler\ti-cgt-armllvm_4.0.4.LTS\lib\armv6m-ti-none-eabi\</path>
         <kind>archive</kind>
         <file>libclang_rt.builtins.a</file>
         <name>aeabi_uldivmod.S.obj</name>
      </input_file>
      <input_file id="fl-113">
         <path>C:\ti\ccs2040\ccs\tools\compiler\ti-cgt-armllvm_4.0.4.LTS\lib\armv6m-ti-none-eabi\</path>
         <kind>archive</kind>
         <file>libclang_rt.builtins.a</file>
         <name>comparesf2.S.obj</name>
      </input_file>
      <input_file id="fl-114">
         <path>C:\ti\ccs2040\ccs\tools\compiler\ti-cgt-armllvm_4.0.4.LTS\lib\armv6m-ti-none-eabi\</path>
         <kind>archive</kind>
         <file>libclang_rt.builtins.a</file>
         <name>udivmoddi4.S.obj</name>
      </input_file>
      <input_file id="fl-115">
         <path>C:\ti\ccs2040\ccs\tools\compiler\ti-cgt-armllvm_4.0.4.LTS\lib\armv6m-ti-none-eabi\</path>
         <kind>archive</kind>
         <file>libclang_rt.builtins.a</file>
         <name>ashldi3.S.obj</name>
      </input_file>
      <input_file id="fl-116">
         <path>C:\ti\ccs2040\ccs\tools\compiler\ti-cgt-armllvm_4.0.4.LTS\lib\armv6m-ti-none-eabi\</path>
         <kind>archive</kind>
         <file>libclang_rt.builtins.a</file>
         <name>comparedf2.c.obj</name>
      </input_file>
      <input_file id="fl-117">
         <path>C:\ti\ccs2040\ccs\tools\compiler\ti-cgt-armllvm_4.0.4.LTS\lib\armv6m-ti-none-eabi\</path>
         <kind>archive</kind>
         <file>libclang_rt.builtins.a</file>
         <name>aeabi_div0.c.obj</name>
      </input_file>
      <input_file id="fl-118">
         <path>C:\ti\ccs2040\ccs\tools\compiler\ti-cgt-armllvm_4.0.4.LTS\lib\armv6m-ti-none-eabi\c\</path>
         <kind>archive</kind>
         <file>libc.a</file>
         <name>getdevice.c.obj</name>
      </input_file>
      <input_file id="fl-119">
         <path>C:\ti\ccs2040\ccs\tools\compiler\ti-cgt-armllvm_4.0.4.LTS\lib\armv6m-ti-none-eabi\c\</path>
         <kind>archive</kind>
         <file>libc.a</file>
         <name>memcpy16.S.obj</name>
      </input_file>
      <input_file id="fl-11a">
         <path>C:\ti\ccs2040\ccs\tools\compiler\ti-cgt-armllvm_4.0.4.LTS\lib\armv6m-ti-none-eabi\c\</path>
         <kind>archive</kind>
         <file>libc.a</file>
         <name>memset16.S.obj</name>
      </input_file>
      <input_file id="fl-11b">
         <path>C:\ti\ccs2040\ccs\tools\compiler\ti-cgt-armllvm_4.0.4.LTS\lib\armv6m-ti-none-eabi\c\</path>
         <kind>archive</kind>
         <file>libc.a</file>
         <name>strcmp-armv6m.S.obj</name>
      </input_file>
   </input_file_list>
   <object_component_list>
      <object_component id="oc-18">
         <name>.intvecs</name>
         <load_address>0x0</load_address>
         <readonly>true</readonly>
         <run_address>0x0</run_address>
         <size>0xc0</size>
         <alignment>0x4</alignment>
         <input_file_ref idref="fl-2"/>
      </object_component>
      <object_component id="oc-1aa">
         <name>.text:__TI_printfi</name>
         <load_address>0xc0</load_address>
         <readonly>true</readonly>
         <executable>true</executable>
         <run_address>0xc0</run_address>
         <size>0x9d0</size>
         <alignment>0x4</alignment>
         <input_file_ref idref="fl-37"/>
      </object_component>
      <object_component id="oc-102">
         <name>.text.OutputLCDMenu</name>
         <load_address>0xa90</load_address>
         <readonly>true</readonly>
         <executable>true</executable>
         <run_address>0xa90</run_address>
         <size>0x304</size>
         <alignment>0x4</alignment>
         <input_file_ref idref="fl-1"/>
      </object_component>
      <object_component id="oc-1d4">
         <name>.text._pconv_a</name>
         <load_address>0xd94</load_address>
         <readonly>true</readonly>
         <executable>true</executable>
         <run_address>0xd94</run_address>
         <size>0x220</size>
         <alignment>0x4</alignment>
         <input_file_ref idref="fl-37"/>
      </object_component>
      <object_component id="oc-ec">
         <name>.text.ClockInitialization_80MHz</name>
         <load_address>0xfb4</load_address>
         <readonly>true</readonly>
         <executable>true</executable>
         <run_address>0xfb4</run_address>
         <size>0x1ec</size>
         <alignment>0x4</alignment>
         <input_file_ref idref="fl-8"/>
      </object_component>
      <object_component id="oc-1d9">
         <name>.text._pconv_g</name>
         <load_address>0x11a0</load_address>
         <readonly>true</readonly>
         <executable>true</executable>
         <run_address>0x11a0</run_address>
         <size>0x1dc</size>
         <alignment>0x4</alignment>
         <input_file_ref idref="fl-37"/>
      </object_component>
      <object_component id="oc-18e">
         <name>.text.LCD_DrawChar</name>
         <load_address>0x137c</load_address>
         <readonly>true</readonly>
         <executable>true</executable>
         <run_address>0x137c</run_address>
         <size>0x1a8</size>
         <alignment>0x4</alignment>
         <input_file_ref idref="fl-4"/>
      </object_component>
      <object_component id="oc-14c">
         <name>.text.adddf3_subdf3</name>
         <load_address>0x1524</load_address>
         <readonly>true</readonly>
         <executable>true</executable>
         <run_address>0x1524</run_address>
         <size>0x192</size>
         <alignment>0x4</alignment>
         <input_file_ref idref="fl-fe"/>
      </object_component>
      <object_component id="oc-1ad">
         <name>.text.__aeabi_idiv0</name>
         <load_address>0x16b6</load_address>
         <readonly>true</readonly>
         <executable>true</executable>
         <run_address>0x16b6</run_address>
         <size>0x2</size>
         <alignment>0x2</alignment>
         <input_file_ref idref="fl-117"/>
      </object_component>
      <object_component id="oc-a6">
         <name>.text.InitializeUART</name>
         <load_address>0x16b8</load_address>
         <readonly>true</readonly>
         <executable>true</executable>
         <run_address>0x16b8</run_address>
         <size>0x144</size>
         <alignment>0x4</alignment>
         <input_file_ref idref="fl-b"/>
      </object_component>
      <object_component id="oc-e7">
         <name>.text.ClockInitialization_40MHz</name>
         <load_address>0x17fc</load_address>
         <readonly>true</readonly>
         <executable>true</executable>
         <run_address>0x17fc</run_address>
         <size>0x140</size>
         <alignment>0x4</alignment>
         <input_file_ref idref="fl-8"/>
      </object_component>
      <object_component id="oc-214">
         <name>.text.fcvt</name>
         <load_address>0x193c</load_address>
         <readonly>true</readonly>
         <executable>true</executable>
         <run_address>0x193c</run_address>
         <size>0x13c</size>
         <alignment>0x4</alignment>
         <input_file_ref idref="fl-37"/>
      </object_component>
      <object_component id="oc-1db">
         <name>.text._pconv_e</name>
         <load_address>0x1a78</load_address>
         <readonly>true</readonly>
         <executable>true</executable>
         <run_address>0x1a78</run_address>
         <size>0x120</size>
         <alignment>0x4</alignment>
         <input_file_ref idref="fl-37"/>
      </object_component>
      <object_component id="oc-f9">
         <name>.text.LCD_FillRect</name>
         <load_address>0x1b98</load_address>
         <readonly>true</readonly>
         <executable>true</executable>
         <run_address>0x1b98</run_address>
         <size>0x118</size>
         <alignment>0x4</alignment>
         <input_file_ref idref="fl-4"/>
      </object_component>
      <object_component id="oc-85">
         <name>.text.main</name>
         <load_address>0x1cb0</load_address>
         <readonly>true</readonly>
         <executable>true</executable>
         <run_address>0x1cb0</run_address>
         <size>0x118</size>
         <alignment>0x4</alignment>
         <input_file_ref idref="fl-1"/>
      </object_component>
      <object_component id="oc-210">
         <name>.text.__divdf3</name>
         <load_address>0x1dc8</load_address>
         <readonly>true</readonly>
         <executable>true</executable>
         <run_address>0x1dc8</run_address>
         <size>0x10c</size>
         <alignment>0x4</alignment>
         <input_file_ref idref="fl-103"/>
      </object_component>
      <object_component id="oc-b0">
         <name>.text.ADC1_Init</name>
         <load_address>0x1ed4</load_address>
         <readonly>true</readonly>
         <executable>true</executable>
         <run_address>0x1ed4</run_address>
         <size>0xfc</size>
         <alignment>0x4</alignment>
         <input_file_ref idref="fl-3"/>
      </object_component>
      <object_component id="oc-ab">
         <name>.text.ADC0_Init</name>
         <load_address>0x1fd0</load_address>
         <readonly>true</readonly>
         <executable>true</executable>
         <run_address>0x1fd0</run_address>
         <size>0xf4</size>
         <alignment>0x4</alignment>
         <input_file_ref idref="fl-3"/>
      </object_component>
      <object_component id="oc-ba">
         <name>.text.UpdateReadFeedback</name>
         <load_address>0x20c4</load_address>
         <readonly>true</readonly>
         <executable>true</executable>
         <run_address>0x20c4</run_address>
         <size>0xf0</size>
         <alignment>0x4</alignment>
         <input_file_ref idref="fl-1"/>
      </object_component>
      <object_component id="oc-118">
         <name>.text.commonInit</name>
         <load_address>0x21b4</load_address>
         <readonly>true</readonly>
         <executable>true</executable>
         <run_address>0x21b4</run_address>
         <size>0xec</size>
         <alignment>0x4</alignment>
         <input_file_ref idref="fl-4"/>
      </object_component>
      <object_component id="oc-16a">
         <name>.text.InitializeSPI</name>
         <load_address>0x22a0</load_address>
         <readonly>true</readonly>
         <executable>true</executable>
         <run_address>0x22a0</run_address>
         <size>0xe4</size>
         <alignment>0x4</alignment>
         <input_file_ref idref="fl-6"/>
      </object_component>
      <object_component id="oc-136">
         <name>.text.__muldf3</name>
         <load_address>0x2384</load_address>
         <readonly>true</readonly>
         <executable>true</executable>
         <run_address>0x2384</run_address>
         <size>0xe4</size>
         <alignment>0x4</alignment>
         <input_file_ref idref="fl-ff"/>
      </object_component>
      <object_component id="oc-1f7">
         <name>.text.scalbn</name>
         <load_address>0x2468</load_address>
         <readonly>true</readonly>
         <executable>true</executable>
         <run_address>0x2468</run_address>
         <size>0xd8</size>
         <alignment>0x4</alignment>
         <input_file_ref idref="fl-43"/>
      </object_component>
      <object_component id="oc-12d">
         <name>.text</name>
         <load_address>0x2540</load_address>
         <readonly>true</readonly>
         <executable>true</executable>
         <run_address>0x2540</run_address>
         <size>0xd8</size>
         <alignment>0x4</alignment>
         <input_file_ref idref="fl-fd"/>
      </object_component>
      <object_component id="oc-ed">
         <name>.text.ClockInitialization_4MHz_32MHz</name>
         <load_address>0x2618</load_address>
         <readonly>true</readonly>
         <executable>true</executable>
         <run_address>0x2618</run_address>
         <size>0xb8</size>
         <alignment>0x4</alignment>
         <input_file_ref idref="fl-8"/>
      </object_component>
      <object_component id="oc-a1">
         <name>.text.InitializeBoosterpack</name>
         <load_address>0x26d0</load_address>
         <readonly>true</readonly>
         <executable>true</executable>
         <run_address>0x26d0</run_address>
         <size>0xa4</size>
         <alignment>0x4</alignment>
         <input_file_ref idref="fl-5"/>
      </object_component>
      <object_component id="oc-fe">
         <name>.text.UpdateWriteControl</name>
         <load_address>0x2774</load_address>
         <readonly>true</readonly>
         <executable>true</executable>
         <run_address>0x2774</run_address>
         <size>0xa4</size>
         <alignment>0x4</alignment>
         <input_file_ref idref="fl-1"/>
      </object_component>
      <object_component id="oc-119">
         <name>.text.commandList</name>
         <load_address>0x2818</load_address>
         <readonly>true</readonly>
         <executable>true</executable>
         <run_address>0x2818</run_address>
         <size>0xa2</size>
         <alignment>0x2</alignment>
         <input_file_ref idref="fl-4"/>
      </object_component>
      <object_component id="oc-216">
         <name>.text.__aeabi_ldiv0</name>
         <load_address>0x28ba</load_address>
         <readonly>true</readonly>
         <executable>true</executable>
         <run_address>0x28ba</run_address>
         <size>0x2</size>
         <alignment>0x2</alignment>
         <input_file_ref idref="fl-117"/>
      </object_component>
      <object_component id="oc-1ee">
         <name>.text</name>
         <load_address>0x28bc</load_address>
         <readonly>true</readonly>
         <executable>true</executable>
         <run_address>0x28bc</run_address>
         <size>0xa2</size>
         <alignment>0x4</alignment>
         <input_file_ref idref="fl-114"/>
      </object_component>
      <object_component id="oc-f6">
         <name>.text.ST7735_InitR</name>
         <load_address>0x2960</load_address>
         <readonly>true</readonly>
         <executable>true</executable>
         <run_address>0x2960</run_address>
         <size>0x90</size>
         <alignment>0x4</alignment>
         <input_file_ref idref="fl-4"/>
      </object_component>
      <object_component id="oc-17d">
         <name>.text.__mulsf3</name>
         <load_address>0x29f0</load_address>
         <readonly>true</readonly>
         <executable>true</executable>
         <run_address>0x29f0</run_address>
         <size>0x8c</size>
         <alignment>0x4</alignment>
         <input_file_ref idref="fl-101"/>
      </object_component>
      <object_component id="oc-123">
         <name>.text.setAddrWindow</name>
         <load_address>0x2a7c</load_address>
         <readonly>true</readonly>
         <executable>true</executable>
         <run_address>0x2a7c</run_address>
         <size>0x88</size>
         <alignment>0x4</alignment>
         <input_file_ref idref="fl-4"/>
      </object_component>
      <object_component id="oc-147">
         <name>.text.LCD_DrawString</name>
         <load_address>0x2b04</load_address>
         <readonly>true</readonly>
         <executable>true</executable>
         <run_address>0x2b04</run_address>
         <size>0x84</size>
         <alignment>0x2</alignment>
         <input_file_ref idref="fl-4"/>
      </object_component>
      <object_component id="oc-b2">
         <name>.text.__NVIC_SetPriority</name>
         <load_address>0x2b88</load_address>
         <readonly>true</readonly>
         <executable>true</executable>
         <run_address>0x2b88</run_address>
         <size>0x84</size>
         <alignment>0x4</alignment>
         <input_file_ref idref="fl-1"/>
      </object_component>
      <object_component id="oc-129">
         <name>.text.__divsf3</name>
         <load_address>0x2c0c</load_address>
         <readonly>true</readonly>
         <executable>true</executable>
         <run_address>0x2c0c</run_address>
         <size>0x82</size>
         <alignment>0x4</alignment>
         <input_file_ref idref="fl-102"/>
      </object_component>
      <object_component id="oc-1c">
         <name>.text:decompress:lzss</name>
         <load_address>0x2c90</load_address>
         <readonly>true</readonly>
         <executable>true</executable>
         <run_address>0x2c90</run_address>
         <size>0x7c</size>
         <alignment>0x4</alignment>
         <input_file_ref idref="fl-36"/>
      </object_component>
      <object_component id="oc-20e">
         <name>.text.__gedf2</name>
         <load_address>0x2d0c</load_address>
         <readonly>true</readonly>
         <executable>true</executable>
         <run_address>0x2d0c</run_address>
         <size>0x74</size>
         <alignment>0x4</alignment>
         <input_file_ref idref="fl-116"/>
      </object_component>
      <object_component id="oc-13a">
         <name>.text.__truncdfsf2</name>
         <load_address>0x2d80</load_address>
         <readonly>true</readonly>
         <executable>true</executable>
         <run_address>0x2d80</run_address>
         <size>0x74</size>
         <alignment>0x10</alignment>
         <input_file_ref idref="fl-10b"/>
      </object_component>
      <object_component id="oc-208">
         <name>.text.__ledf2</name>
         <load_address>0x2df4</load_address>
         <readonly>true</readonly>
         <executable>true</executable>
         <run_address>0x2df4</run_address>
         <size>0x68</size>
         <alignment>0x4</alignment>
         <input_file_ref idref="fl-116"/>
      </object_component>
      <object_component id="oc-207">
         <name>.text._mcpy</name>
         <load_address>0x2e5c</load_address>
         <readonly>true</readonly>
         <executable>true</executable>
         <run_address>0x2e5c</run_address>
         <size>0x66</size>
         <alignment>0x2</alignment>
         <input_file_ref idref="fl-37"/>
      </object_component>
      <object_component id="oc-1d5">
         <name>.text.__aeabi_dcmp</name>
         <load_address>0x2ec4</load_address>
         <readonly>true</readonly>
         <executable>true</executable>
         <run_address>0x2ec4</run_address>
         <size>0x62</size>
         <alignment>0x4</alignment>
         <input_file_ref idref="fl-10c"/>
      </object_component>
      <object_component id="oc-181">
         <name>.text.__aeabi_fcmp</name>
         <load_address>0x2f28</load_address>
         <readonly>true</readonly>
         <executable>true</executable>
         <run_address>0x2f28</run_address>
         <size>0x62</size>
         <alignment>0x4</alignment>
         <input_file_ref idref="fl-10d"/>
      </object_component>
      <object_component id="oc-1f3">
         <name>.text.frexp</name>
         <load_address>0x2f8c</load_address>
         <readonly>true</readonly>
         <executable>true</executable>
         <run_address>0x2f8c</run_address>
         <size>0x5c</size>
         <alignment>0x4</alignment>
         <input_file_ref idref="fl-42"/>
      </object_component>
      <object_component id="oc-1b3">
         <name>.text.CPUCyclesPer1us</name>
         <load_address>0x2fe8</load_address>
         <readonly>true</readonly>
         <executable>true</executable>
         <run_address>0x2fe8</run_address>
         <size>0x58</size>
         <alignment>0x4</alignment>
         <input_file_ref idref="fl-7"/>
      </object_component>
      <object_component id="oc-1fb">
         <name>.text.__TI_ltoa</name>
         <load_address>0x3040</load_address>
         <readonly>true</readonly>
         <executable>true</executable>
         <run_address>0x3040</run_address>
         <size>0x58</size>
         <alignment>0x2</alignment>
         <input_file_ref idref="fl-3b"/>
      </object_component>
      <object_component id="oc-1da">
         <name>.text._pconv_f</name>
         <load_address>0x3098</load_address>
         <readonly>true</readonly>
         <executable>true</executable>
         <run_address>0x3098</run_address>
         <size>0x58</size>
         <alignment>0x2</alignment>
         <input_file_ref idref="fl-37"/>
      </object_component>
      <object_component id="oc-222">
         <name>.text.__aeabi_idivmod</name>
         <load_address>0x30f0</load_address>
         <readonly>true</readonly>
         <executable>true</executable>
         <run_address>0x30f0</run_address>
         <size>0x56</size>
         <alignment>0x4</alignment>
         <input_file_ref idref="fl-10e"/>
      </object_component>
      <object_component id="oc-13e">
         <name>.text.ConvertToCurrent</name>
         <load_address>0x3148</load_address>
         <readonly>true</readonly>
         <executable>true</executable>
         <run_address>0x3148</run_address>
         <size>0x54</size>
         <alignment>0x4</alignment>
         <input_file_ref idref="fl-1"/>
      </object_component>
      <object_component id="oc-205">
         <name>.text._ecpy</name>
         <load_address>0x319c</load_address>
         <readonly>true</readonly>
         <executable>true</executable>
         <run_address>0x319c</run_address>
         <size>0x52</size>
         <alignment>0x2</alignment>
         <input_file_ref idref="fl-37"/>
      </object_component>
      <object_component id="oc-13f">
         <name>.text.UART_WriteControl</name>
         <load_address>0x31f0</load_address>
         <readonly>true</readonly>
         <executable>true</executable>
         <run_address>0x31f0</run_address>
         <size>0x4c</size>
         <alignment>0x4</alignment>
         <input_file_ref idref="fl-b"/>
      </object_component>
      <object_component id="oc-141">
         <name>.text.snprintf</name>
         <load_address>0x323c</load_address>
         <readonly>true</readonly>
         <executable>true</executable>
         <run_address>0x323c</run_address>
         <size>0x4c</size>
         <alignment>0x4</alignment>
         <input_file_ref idref="fl-2e"/>
      </object_component>
      <object_component id="oc-150">
         <name>.text.__fixdfsi</name>
         <load_address>0x3288</load_address>
         <readonly>true</readonly>
         <executable>true</executable>
         <run_address>0x3288</run_address>
         <size>0x4a</size>
         <alignment>0x4</alignment>
         <input_file_ref idref="fl-105"/>
      </object_component>
      <object_component id="oc-124">
         <name>.text.ADC0_In</name>
         <load_address>0x32d4</load_address>
         <readonly>true</readonly>
         <executable>true</executable>
         <run_address>0x32d4</run_address>
         <size>0x44</size>
         <alignment>0x4</alignment>
         <input_file_ref idref="fl-3"/>
      </object_component>
      <object_component id="oc-131">
         <name>.text.ADC1_In</name>
         <load_address>0x3318</load_address>
         <readonly>true</readonly>
         <executable>true</executable>
         <run_address>0x3318</run_address>
         <size>0x44</size>
         <alignment>0x4</alignment>
         <input_file_ref idref="fl-3"/>
      </object_component>
      <object_component id="oc-192">
         <name>.text.__aeabi_uidivmod</name>
         <load_address>0x335c</load_address>
         <readonly>true</readonly>
         <executable>true</executable>
         <run_address>0x335c</run_address>
         <size>0x40</size>
         <alignment>0x4</alignment>
         <input_file_ref idref="fl-111"/>
      </object_component>
      <object_component id="oc-132">
         <name>.text.__extendsfdf2</name>
         <load_address>0x339c</load_address>
         <readonly>true</readonly>
         <executable>true</executable>
         <run_address>0x339c</run_address>
         <size>0x40</size>
         <alignment>0x4</alignment>
         <input_file_ref idref="fl-104"/>
      </object_component>
      <object_component id="oc-1be">
         <name>.text.atoi</name>
         <load_address>0x33dc</load_address>
         <readonly>true</readonly>
         <executable>true</executable>
         <run_address>0x33dc</run_address>
         <size>0x40</size>
         <alignment>0x4</alignment>
         <input_file_ref idref="fl-3e"/>
      </object_component>
      <object_component id="oc-148">
         <name>.text.__floatsisf</name>
         <load_address>0x341c</load_address>
         <readonly>true</readonly>
         <executable>true</executable>
         <run_address>0x341c</run_address>
         <size>0x3c</size>
         <alignment>0x4</alignment>
         <input_file_ref idref="fl-108"/>
      </object_component>
      <object_component id="oc-1a0">
         <name>.text.__gtsf2</name>
         <load_address>0x3458</load_address>
         <readonly>true</readonly>
         <executable>true</executable>
         <run_address>0x3458</run_address>
         <size>0x3c</size>
         <alignment>0x4</alignment>
         <input_file_ref idref="fl-113"/>
      </object_component>
      <object_component id="oc-c7">
         <name>.text:__TI_auto_init_nobinit_nopinit</name>
         <load_address>0x3494</load_address>
         <readonly>true</readonly>
         <executable>true</executable>
         <run_address>0x3494</run_address>
         <size>0x3c</size>
         <alignment>0x4</alignment>
         <input_file_ref idref="fl-31"/>
      </object_component>
      <object_component id="oc-19b">
         <name>.text.__eqsf2</name>
         <load_address>0x34d0</load_address>
         <readonly>true</readonly>
         <executable>true</executable>
         <run_address>0x34d0</run_address>
         <size>0x3a</size>
         <alignment>0x4</alignment>
         <input_file_ref idref="fl-113"/>
      </object_component>
      <object_component id="oc-177">
         <name>.text.__muldsi3</name>
         <load_address>0x350c</load_address>
         <readonly>true</readonly>
         <executable>true</executable>
         <run_address>0x350c</run_address>
         <size>0x3a</size>
         <alignment>0x4</alignment>
         <input_file_ref idref="fl-100"/>
      </object_component>
      <object_component id="oc-e0">
         <name>.text.ActivatePortAandB</name>
         <load_address>0x3548</load_address>
         <readonly>true</readonly>
         <executable>true</executable>
         <run_address>0x3548</run_address>
         <size>0x38</size>
         <alignment>0x4</alignment>
         <input_file_ref idref="fl-7"/>
      </object_component>
      <object_component id="oc-185">
         <name>.text.__fixsfsi</name>
         <load_address>0x3580</load_address>
         <readonly>true</readonly>
         <executable>true</executable>
         <run_address>0x3580</run_address>
         <size>0x38</size>
         <alignment>0x4</alignment>
         <input_file_ref idref="fl-106"/>
      </object_component>
      <object_component id="oc-11c">
         <name>.text.LCD_SetCursor</name>
         <load_address>0x35b8</load_address>
         <readonly>true</readonly>
         <executable>true</executable>
         <run_address>0x35b8</run_address>
         <size>0x34</size>
         <alignment>0x4</alignment>
         <input_file_ref idref="fl-4"/>
      </object_component>
      <object_component id="oc-101">
         <name>.text.NextStateTable</name>
         <load_address>0x35ec</load_address>
         <readonly>true</readonly>
         <executable>true</executable>
         <run_address>0x35ec</run_address>
         <size>0x30</size>
         <alignment>0x4</alignment>
         <input_file_ref idref="fl-1"/>
      </object_component>
      <object_component id="oc-170">
         <name>.text.SPISendByte</name>
         <load_address>0x361c</load_address>
         <readonly>true</readonly>
         <executable>true</executable>
         <run_address>0x361c</run_address>
         <size>0x30</size>
         <alignment>0x4</alignment>
         <input_file_ref idref="fl-6"/>
      </object_component>
      <object_component id="oc-206">
         <name>.text._fcpy</name>
         <load_address>0x364c</load_address>
         <readonly>true</readonly>
         <executable>true</executable>
         <run_address>0x364c</run_address>
         <size>0x30</size>
         <alignment>0x2</alignment>
         <input_file_ref idref="fl-37"/>
      </object_component>
      <object_component id="oc-18a">
         <name>.text._outs</name>
         <load_address>0x367c</load_address>
         <readonly>true</readonly>
         <executable>true</executable>
         <run_address>0x367c</run_address>
         <size>0x30</size>
         <alignment>0x2</alignment>
         <input_file_ref idref="fl-2e"/>
      </object_component>
      <object_component id="oc-16f">
         <name>.text.ClockDelay_1ms</name>
         <load_address>0x36ac</load_address>
         <readonly>true</readonly>
         <executable>true</executable>
         <run_address>0x36ac</run_address>
         <size>0x2c</size>
         <alignment>0x2</alignment>
         <input_file_ref idref="fl-8"/>
      </object_component>
      <object_component id="oc-fd">
         <name>.text.GetUserInput</name>
         <load_address>0x36d8</load_address>
         <readonly>true</readonly>
         <executable>true</executable>
         <run_address>0x36d8</run_address>
         <size>0x2c</size>
         <alignment>0x4</alignment>
         <input_file_ref idref="fl-b"/>
      </object_component>
      <object_component id="oc-b8">
         <name>.text.LCD_FillScreen</name>
         <load_address>0x3704</load_address>
         <readonly>true</readonly>
         <executable>true</executable>
         <run_address>0x3704</run_address>
         <size>0x2c</size>
         <alignment>0x4</alignment>
         <input_file_ref idref="fl-4"/>
      </object_component>
      <object_component id="oc-b1">
         <name>.text.__NVIC_EnableIRQ</name>
         <load_address>0x3730</load_address>
         <readonly>true</readonly>
         <executable>true</executable>
         <run_address>0x3730</run_address>
         <size>0x2c</size>
         <alignment>0x4</alignment>
         <input_file_ref idref="fl-1"/>
      </object_component>
      <object_component id="oc-1ff">
         <name>.text.__floatsidf</name>
         <load_address>0x375c</load_address>
         <readonly>true</readonly>
         <executable>true</executable>
         <run_address>0x375c</run_address>
         <size>0x2c</size>
         <alignment>0x4</alignment>
         <input_file_ref idref="fl-107"/>
      </object_component>
      <object_component id="oc-93">
         <name>.text.Group1CallbackFunction</name>
         <load_address>0x3788</load_address>
         <readonly>true</readonly>
         <executable>true</executable>
         <run_address>0x3788</run_address>
         <size>0x28</size>
         <alignment>0x4</alignment>
         <input_file_ref idref="fl-1"/>
      </object_component>
      <object_component id="oc-11a">
         <name>.text.SPI_OutCommand</name>
         <load_address>0x37b0</load_address>
         <readonly>true</readonly>
         <executable>true</executable>
         <run_address>0x37b0</run_address>
         <size>0x28</size>
         <alignment>0x4</alignment>
         <input_file_ref idref="fl-4"/>
      </object_component>
      <object_component id="oc-11b">
         <name>.text.SPI_OutData</name>
         <load_address>0x37d8</load_address>
         <readonly>true</readonly>
         <executable>true</executable>
         <run_address>0x37d8</run_address>
         <size>0x28</size>
         <alignment>0x4</alignment>
         <input_file_ref idref="fl-4"/>
      </object_component>
      <object_component id="oc-125">
         <name>.text.__floatunsisf</name>
         <load_address>0x3800</load_address>
         <readonly>true</readonly>
         <executable>true</executable>
         <run_address>0x3800</run_address>
         <size>0x28</size>
         <alignment>0x4</alignment>
         <input_file_ref idref="fl-109"/>
      </object_component>
      <object_component id="oc-6b">
         <name>.text:_c_int00_noargs</name>
         <load_address>0x3828</load_address>
         <readonly>true</readonly>
         <executable>true</executable>
         <run_address>0x3828</run_address>
         <size>0x28</size>
         <alignment>0x4</alignment>
         <input_file_ref idref="fl-2f"/>
      </object_component>
      <object_component id="oc-1cb">
         <name>.text.__muldi3</name>
         <load_address>0x3850</load_address>
         <readonly>true</readonly>
         <executable>true</executable>
         <run_address>0x3850</run_address>
         <size>0x24</size>
         <alignment>0x4</alignment>
         <input_file_ref idref="fl-10a"/>
      </object_component>
      <object_component id="oc-1b7">
         <name>.text.memccpy</name>
         <load_address>0x3874</load_address>
         <readonly>true</readonly>
         <executable>true</executable>
         <run_address>0x3874</run_address>
         <size>0x22</size>
         <alignment>0x2</alignment>
         <input_file_ref idref="fl-40"/>
      </object_component>
      <object_component id="oc-217">
         <name>.text.__ashldi3</name>
         <load_address>0x3898</load_address>
         <readonly>true</readonly>
         <executable>true</executable>
         <run_address>0x3898</run_address>
         <size>0x1e</size>
         <alignment>0x4</alignment>
         <input_file_ref idref="fl-115"/>
      </object_component>
      <object_component id="oc-1ab">
         <name>.text.pushColor</name>
         <load_address>0x38b6</load_address>
         <readonly>true</readonly>
         <executable>true</executable>
         <run_address>0x38b6</run_address>
         <size>0x1e</size>
         <alignment>0x2</alignment>
         <input_file_ref idref="fl-4"/>
      </object_component>
      <object_component id="oc-198">
         <name>.text.CPUCyclesPer1ms</name>
         <load_address>0x38d4</load_address>
         <readonly>true</readonly>
         <executable>true</executable>
         <run_address>0x38d4</run_address>
         <size>0x18</size>
         <alignment>0x2</alignment>
         <input_file_ref idref="fl-7"/>
      </object_component>
      <object_component id="oc-18b">
         <name>.text._outc</name>
         <load_address>0x38ec</load_address>
         <readonly>true</readonly>
         <executable>true</executable>
         <run_address>0x38ec</run_address>
         <size>0x18</size>
         <alignment>0x2</alignment>
         <input_file_ref idref="fl-2e"/>
      </object_component>
      <object_component id="oc-62">
         <name>.text:decompress:ZI:__TI_zero_init_nomemset</name>
         <load_address>0x3904</load_address>
         <readonly>true</readonly>
         <executable>true</executable>
         <run_address>0x3904</run_address>
         <size>0x16</size>
         <alignment>0x2</alignment>
         <input_file_ref idref="fl-34"/>
      </object_component>
      <object_component id="oc-e6">
         <name>.text.BP_TurnOffBlueLED</name>
         <load_address>0x391c</load_address>
         <readonly>true</readonly>
         <executable>true</executable>
         <run_address>0x391c</run_address>
         <size>0x14</size>
         <alignment>0x4</alignment>
         <input_file_ref idref="fl-5"/>
      </object_component>
      <object_component id="oc-e5">
         <name>.text.BP_TurnOffGreenLED</name>
         <load_address>0x3930</load_address>
         <readonly>true</readonly>
         <executable>true</executable>
         <run_address>0x3930</run_address>
         <size>0x14</size>
         <alignment>0x4</alignment>
         <input_file_ref idref="fl-5"/>
      </object_component>
      <object_component id="oc-b9">
         <name>.text.LCD_SetTextColor</name>
         <load_address>0x3944</load_address>
         <readonly>true</readonly>
         <executable>true</executable>
         <run_address>0x3944</run_address>
         <size>0x14</size>
         <alignment>0x4</alignment>
         <input_file_ref idref="fl-4"/>
      </object_component>
      <object_component id="oc-1d0">
         <name>.text.__aeabi_uldivmod</name>
         <load_address>0x3958</load_address>
         <readonly>true</readonly>
         <executable>true</executable>
         <run_address>0x3958</run_address>
         <size>0x14</size>
         <alignment>0x4</alignment>
         <input_file_ref idref="fl-112"/>
      </object_component>
      <object_component id="oc-204">
         <name>.text.strchr</name>
         <load_address>0x396c</load_address>
         <readonly>true</readonly>
         <executable>true</executable>
         <run_address>0x396c</run_address>
         <size>0x14</size>
         <alignment>0x2</alignment>
         <input_file_ref idref="fl-37"/>
      </object_component>
      <object_component id="oc-97">
         <name>.text:TI_memcpy_small</name>
         <load_address>0x3980</load_address>
         <readonly>true</readonly>
         <executable>true</executable>
         <run_address>0x3980</run_address>
         <size>0x12</size>
         <alignment>0x1</alignment>
         <input_file_ref idref="fl-119"/>
      </object_component>
      <object_component id="oc-20">
         <name>.text:decompress:none</name>
         <load_address>0x3992</load_address>
         <readonly>true</readonly>
         <executable>true</executable>
         <run_address>0x3992</run_address>
         <size>0x12</size>
         <alignment>0x2</alignment>
         <input_file_ref idref="fl-35"/>
      </object_component>
      <object_component id="oc-e4">
         <name>.text.BP_TurnOffRedLED</name>
         <load_address>0x39a4</load_address>
         <readonly>true</readonly>
         <executable>true</executable>
         <run_address>0x39a4</run_address>
         <size>0x10</size>
         <alignment>0x4</alignment>
         <input_file_ref idref="fl-5"/>
      </object_component>
      <object_component id="oc-f0">
         <name>.text.ClockDelay</name>
         <load_address>0x39b4</load_address>
         <readonly>true</readonly>
         <executable>true</executable>
         <run_address>0x39b4</run_address>
         <size>0x10</size>
         <alignment>0x2</alignment>
         <input_file_ref idref="fl-8"/>
      </object_component>
      <object_component id="oc-39">
         <name>.text.GROUP1_IRQHandler</name>
         <load_address>0x39c4</load_address>
         <readonly>true</readonly>
         <executable>true</executable>
         <run_address>0x39c4</run_address>
         <size>0x10</size>
         <alignment>0x4</alignment>
         <input_file_ref idref="fl-9"/>
      </object_component>
      <object_component id="oc-46">
         <name>.text.TIMG6_IRQHandler</name>
         <load_address>0x39d4</load_address>
         <readonly>true</readonly>
         <executable>true</executable>
         <run_address>0x39d4</run_address>
         <size>0x10</size>
         <alignment>0x4</alignment>
         <input_file_ref idref="fl-9"/>
      </object_component>
      <object_component id="oc-3a">
         <name>.text.TIMG8_IRQHandler</name>
         <load_address>0x39e4</load_address>
         <readonly>true</readonly>
         <executable>true</executable>
         <run_address>0x39e4</run_address>
         <size>0x10</size>
         <alignment>0x4</alignment>
         <input_file_ref idref="fl-9"/>
      </object_component>
      <object_component id="oc-1c2">
         <name>.text.wcslen</name>
         <load_address>0x39f4</load_address>
         <readonly>true</readonly>
         <executable>true</executable>
         <run_address>0x39f4</run_address>
         <size>0x10</size>
         <alignment>0x2</alignment>
         <input_file_ref idref="fl-44"/>
      </object_component>
      <object_component id="oc-96">
         <name>.text.Default_Callback</name>
         <load_address>0x3a04</load_address>
         <readonly>true</readonly>
         <executable>true</executable>
         <run_address>0x3a04</run_address>
         <size>0xe</size>
         <alignment>0x2</alignment>
         <input_file_ref idref="fl-9"/>
      </object_component>
      <object_component id="oc-1b6">
         <name>.text.__aeabi_memset</name>
         <load_address>0x3a14</load_address>
         <readonly>true</readonly>
         <executable>true</executable>
         <run_address>0x3a14</run_address>
         <size>0xe</size>
         <alignment>0x4</alignment>
         <input_file_ref idref="fl-110"/>
      </object_component>
      <object_component id="oc-1b5">
         <name>.text.strlen</name>
         <load_address>0x3a22</load_address>
         <readonly>true</readonly>
         <executable>true</executable>
         <run_address>0x3a22</run_address>
         <size>0xe</size>
         <alignment>0x2</alignment>
         <input_file_ref idref="fl-37"/>
      </object_component>
      <object_component id="oc-da">
         <name>.text:TI_memset_small</name>
         <load_address>0x3a30</load_address>
         <readonly>true</readonly>
         <executable>true</executable>
         <run_address>0x3a30</run_address>
         <size>0xe</size>
         <alignment>0x1</alignment>
         <input_file_ref idref="fl-11a"/>
      </object_component>
      <object_component id="oc-b3">
         <name>.text.LCD_Init</name>
         <load_address>0x3a3e</load_address>
         <readonly>true</readonly>
         <executable>true</executable>
         <run_address>0x3a3e</run_address>
         <size>0xa</size>
         <alignment>0x2</alignment>
         <input_file_ref idref="fl-4"/>
      </object_component>
      <object_component id="oc-203">
         <name>.text.OUTLINED_FUNCTION_0</name>
         <load_address>0x3a48</load_address>
         <readonly>true</readonly>
         <executable>true</executable>
         <run_address>0x3a48</run_address>
         <size>0xa</size>
         <alignment>0x2</alignment>
         <input_file_ref idref="fl-37"/>
      </object_component>
      <object_component id="oc-276">
         <name>.tramp.__aeabi_dsub.1</name>
         <load_address>0x3a54</load_address>
         <readonly>true</readonly>
         <executable>true</executable>
         <run_address>0x3a54</run_address>
         <size>0x10</size>
         <alignment>0x4</alignment>
         <input_file_ref idref="fl-fe"/>
      </object_component>
      <object_component id="oc-215">
         <name>.text.OUTLINED_FUNCTION_1</name>
         <load_address>0x3a64</load_address>
         <readonly>true</readonly>
         <executable>true</executable>
         <run_address>0x3a64</run_address>
         <size>0xa</size>
         <alignment>0x2</alignment>
         <input_file_ref idref="fl-37"/>
      </object_component>
      <object_component id="oc-3c">
         <name>.text.ADC0_IRQHandler</name>
         <load_address>0x3a6e</load_address>
         <readonly>true</readonly>
         <executable>true</executable>
         <run_address>0x3a6e</run_address>
         <size>0x8</size>
         <alignment>0x2</alignment>
         <input_file_ref idref="fl-9"/>
      </object_component>
      <object_component id="oc-3d">
         <name>.text.ADC1_IRQHandler</name>
         <load_address>0x3a76</load_address>
         <readonly>true</readonly>
         <executable>true</executable>
         <run_address>0x3a76</run_address>
         <size>0x8</size>
         <alignment>0x2</alignment>
         <input_file_ref idref="fl-9"/>
      </object_component>
      <object_component id="oc-4d">
         <name>.text.AES_IRQHandler</name>
         <load_address>0x3a7e</load_address>
         <readonly>true</readonly>
         <executable>true</executable>
         <run_address>0x3a7e</run_address>
         <size>0x8</size>
         <alignment>0x2</alignment>
         <input_file_ref idref="fl-9"/>
      </object_component>
      <object_component id="oc-3e">
         <name>.text.CANFD0_IRQHandler</name>
         <load_address>0x3a86</load_address>
         <readonly>true</readonly>
         <executable>true</executable>
         <run_address>0x3a86</run_address>
         <size>0x8</size>
         <alignment>0x2</alignment>
         <input_file_ref idref="fl-9"/>
      </object_component>
      <object_component id="oc-3f">
         <name>.text.DAC0_IRQHandler</name>
         <load_address>0x3a8e</load_address>
         <readonly>true</readonly>
         <executable>true</executable>
         <run_address>0x3a8e</run_address>
         <size>0x8</size>
         <alignment>0x2</alignment>
         <input_file_ref idref="fl-9"/>
      </object_component>
      <object_component id="oc-4f">
         <name>.text.DMA_IRQHandler</name>
         <load_address>0x3a96</load_address>
         <readonly>true</readonly>
         <executable>true</executable>
         <run_address>0x3a96</run_address>
         <size>0x8</size>
         <alignment>0x2</alignment>
         <input_file_ref idref="fl-9"/>
      </object_component>
      <object_component id="oc-f1">
         <name>.text.Error_Handler</name>
         <load_address>0x3a9e</load_address>
         <readonly>true</readonly>
         <executable>true</executable>
         <run_address>0x3a9e</run_address>
         <size>0x8</size>
         <alignment>0x2</alignment>
         <input_file_ref idref="fl-7"/>
      </object_component>
      <object_component id="oc-34">
         <name>.text.GROUP0_IRQHandler</name>
         <load_address>0x3aa6</load_address>
         <readonly>true</readonly>
         <executable>true</executable>
         <run_address>0x3aa6</run_address>
         <size>0x8</size>
         <alignment>0x2</alignment>
         <input_file_ref idref="fl-9"/>
      </object_component>
      <object_component id="oc-4b">
         <name>.text.I2C0_IRQHandler</name>
         <load_address>0x3aae</load_address>
         <readonly>true</readonly>
         <executable>true</executable>
         <run_address>0x3aae</run_address>
         <size>0x8</size>
         <alignment>0x2</alignment>
         <input_file_ref idref="fl-9"/>
      </object_component>
      <object_component id="oc-4c">
         <name>.text.I2C1_IRQHandler</name>
         <load_address>0x3ab6</load_address>
         <readonly>true</readonly>
         <executable>true</executable>
         <run_address>0x3ab6</run_address>
         <size>0x8</size>
         <alignment>0x2</alignment>
         <input_file_ref idref="fl-9"/>
      </object_component>
      <object_component id="oc-4e">
         <name>.text.RTC_IRQHandler</name>
         <load_address>0x3abe</load_address>
         <readonly>true</readonly>
         <executable>true</executable>
         <run_address>0x3abe</run_address>
         <size>0x8</size>
         <alignment>0x2</alignment>
         <input_file_ref idref="fl-9"/>
      </object_component>
      <object_component id="oc-40">
         <name>.text.SPI0_IRQHandler</name>
         <load_address>0x3ac6</load_address>
         <readonly>true</readonly>
         <executable>true</executable>
         <run_address>0x3ac6</run_address>
         <size>0x8</size>
         <alignment>0x2</alignment>
         <input_file_ref idref="fl-9"/>
      </object_component>
      <object_component id="oc-41">
         <name>.text.SPI1_IRQHandler</name>
         <load_address>0x3ace</load_address>
         <readonly>true</readonly>
         <executable>true</executable>
         <run_address>0x3ace</run_address>
         <size>0x8</size>
         <alignment>0x2</alignment>
         <input_file_ref idref="fl-9"/>
      </object_component>
      <object_component id="oc-47">
         <name>.text.TIMA0_IRQHandler</name>
         <load_address>0x3ad6</load_address>
         <readonly>true</readonly>
         <executable>true</executable>
         <run_address>0x3ad6</run_address>
         <size>0x8</size>
         <alignment>0x2</alignment>
         <input_file_ref idref="fl-9"/>
      </object_component>
      <object_component id="oc-48">
         <name>.text.TIMA1_IRQHandler</name>
         <load_address>0x3ade</load_address>
         <readonly>true</readonly>
         <executable>true</executable>
         <run_address>0x3ade</run_address>
         <size>0x8</size>
         <alignment>0x2</alignment>
         <input_file_ref idref="fl-9"/>
      </object_component>
      <object_component id="oc-45">
         <name>.text.TIMG0_IRQHandler</name>
         <load_address>0x3ae6</load_address>
         <readonly>true</readonly>
         <executable>true</executable>
         <run_address>0x3ae6</run_address>
         <size>0x8</size>
         <alignment>0x2</alignment>
         <input_file_ref idref="fl-9"/>
      </object_component>
      <object_component id="oc-4a">
         <name>.text.TIMG12_IRQHandler</name>
         <load_address>0x3aee</load_address>
         <readonly>true</readonly>
         <executable>true</executable>
         <run_address>0x3aee</run_address>
         <size>0x8</size>
         <alignment>0x2</alignment>
         <input_file_ref idref="fl-9"/>
      </object_component>
      <object_component id="oc-49">
         <name>.text.TIMG7_IRQHandler</name>
         <load_address>0x3af6</load_address>
         <readonly>true</readonly>
         <executable>true</executable>
         <run_address>0x3af6</run_address>
         <size>0x8</size>
         <alignment>0x2</alignment>
         <input_file_ref idref="fl-9"/>
      </object_component>
      <object_component id="oc-44">
         <name>.text.UART0_IRQHandler</name>
         <load_address>0x3afe</load_address>
         <readonly>true</readonly>
         <executable>true</executable>
         <run_address>0x3afe</run_address>
         <size>0x8</size>
         <alignment>0x2</alignment>
         <input_file_ref idref="fl-9"/>
      </object_component>
      <object_component id="oc-42">
         <name>.text.UART1_IRQHandler</name>
         <load_address>0x3b06</load_address>
         <readonly>true</readonly>
         <executable>true</executable>
         <run_address>0x3b06</run_address>
         <size>0x8</size>
         <alignment>0x2</alignment>
         <input_file_ref idref="fl-9"/>
      </object_component>
      <object_component id="oc-43">
         <name>.text.UART2_IRQHandler</name>
         <load_address>0x3b0e</load_address>
         <readonly>true</readonly>
         <executable>true</executable>
         <run_address>0x3b0e</run_address>
         <size>0x8</size>
         <alignment>0x2</alignment>
         <input_file_ref idref="fl-9"/>
      </object_component>
      <object_component id="oc-3b">
         <name>.text.UART3_IRQHandler</name>
         <load_address>0x3b16</load_address>
         <readonly>true</readonly>
         <executable>true</executable>
         <run_address>0x3b16</run_address>
         <size>0x8</size>
         <alignment>0x2</alignment>
         <input_file_ref idref="fl-9"/>
      </object_component>
      <object_component id="oc-1c6">
         <name>.text.__aeabi_errno_addr</name>
         <load_address>0x3b20</load_address>
         <readonly>true</readonly>
         <executable>true</executable>
         <run_address>0x3b20</run_address>
         <size>0x8</size>
         <alignment>0x4</alignment>
         <input_file_ref idref="fl-38"/>
      </object_component>
      <object_component id="oc-5b">
         <name>.text.__aeabi_memcpy</name>
         <load_address>0x3b28</load_address>
         <readonly>true</readonly>
         <executable>true</executable>
         <run_address>0x3b28</run_address>
         <size>0x8</size>
         <alignment>0x4</alignment>
         <input_file_ref idref="fl-10f"/>
      </object_component>
      <object_component id="oc-c0">
         <name>.text:abort</name>
         <load_address>0x3b30</load_address>
         <readonly>true</readonly>
         <executable>true</executable>
         <run_address>0x3b30</run_address>
         <size>0x6</size>
         <alignment>0x2</alignment>
         <input_file_ref idref="fl-39"/>
      </object_component>
      <object_component id="oc-33">
         <name>.text.Default_Handler</name>
         <load_address>0x3b36</load_address>
         <readonly>true</readonly>
         <executable>true</executable>
         <run_address>0x3b36</run_address>
         <size>0x4</size>
         <alignment>0x2</alignment>
         <input_file_ref idref="fl-2"/>
      </object_component>
      <object_component id="oc-105">
         <name>.text.HOSTexit</name>
         <load_address>0x3b3a</load_address>
         <readonly>true</readonly>
         <executable>true</executable>
         <run_address>0x3b3a</run_address>
         <size>0x4</size>
         <alignment>0x2</alignment>
         <input_file_ref idref="fl-ed"/>
      </object_component>
      <object_component id="oc-2f">
         <name>.text.Reset_Handler</name>
         <load_address>0x3b3e</load_address>
         <readonly>true</readonly>
         <executable>true</executable>
         <run_address>0x3b3e</run_address>
         <size>0x4</size>
         <alignment>0x2</alignment>
         <input_file_ref idref="fl-2"/>
      </object_component>
      <object_component id="oc-81">
         <name>.text._system_pre_init</name>
         <load_address>0x3b42</load_address>
         <readonly>true</readonly>
         <executable>true</executable>
         <run_address>0x3b42</run_address>
         <size>0x4</size>
         <alignment>0x2</alignment>
         <input_file_ref idref="fl-32"/>
      </object_component>
      <object_component id="oc-272">
         <name>.cinit..data.load</name>
         <load_address>0x4290</load_address>
         <readonly>true</readonly>
         <run_address>0x4290</run_address>
         <size>0x27</size>
         <alignment>0x1</alignment>
      </object_component>
      <object_component id="oc-270">
         <name>__TI_handler_table</name>
         <load_address>0x42b8</load_address>
         <readonly>true</readonly>
         <run_address>0x42b8</run_address>
         <size>0xc</size>
         <alignment>0x4</alignment>
      </object_component>
      <object_component id="oc-273">
         <name>.cinit..bss.load</name>
         <load_address>0x42c4</load_address>
         <readonly>true</readonly>
         <run_address>0x42c4</run_address>
         <size>0x8</size>
         <alignment>0x4</alignment>
      </object_component>
      <object_component id="oc-271">
         <name>__TI_cinit_table</name>
         <load_address>0x42cc</load_address>
         <readonly>true</readonly>
         <run_address>0x42cc</run_address>
         <size>0x10</size>
         <alignment>0x4</alignment>
      </object_component>
      <object_component id="oc-1ac">
         <name>.rodata.Font</name>
         <load_address>0x3b50</load_address>
         <readonly>true</readonly>
         <run_address>0x3b50</run_address>
         <size>0x500</size>
         <alignment>0x1</alignment>
         <input_file_ref idref="fl-4"/>
      </object_component>
      <object_component id="oc-1e2">
         <name>.rodata:__aeabi_ctype_table_</name>
         <load_address>0x4050</load_address>
         <readonly>true</readonly>
         <run_address>0x4050</run_address>
         <size>0x101</size>
         <alignment>0x10</alignment>
         <input_file_ref idref="fl-4a"/>
      </object_component>
      <object_component id="oc-11d">
         <name>.rodata.Rcmd1</name>
         <load_address>0x4151</load_address>
         <readonly>true</readonly>
         <run_address>0x4151</run_address>
         <size>0x3b</size>
         <alignment>0x1</alignment>
         <input_file_ref idref="fl-4"/>
      </object_component>
      <object_component id="oc-122">
         <name>.rodata.Rcmd3</name>
         <load_address>0x418c</load_address>
         <readonly>true</readonly>
         <run_address>0x418c</run_address>
         <size>0x2b</size>
         <alignment>0x1</alignment>
         <input_file_ref idref="fl-4"/>
      </object_component>
      <object_component id="oc-155">
         <name>.rodata.str1.2846389346932560359.1</name>
         <load_address>0x41b7</load_address>
         <readonly>true</readonly>
         <run_address>0x41b7</run_address>
         <size>0x12</size>
         <alignment>0x1</alignment>
         <input_file_ref idref="fl-1"/>
      </object_component>
      <object_component id="oc-1cf">
         <name>.rodata.str1.10348868589481759720.1</name>
         <load_address>0x41c9</load_address>
         <readonly>true</readonly>
         <run_address>0x41c9</run_address>
         <size>0x11</size>
         <alignment>0x1</alignment>
         <input_file_ref idref="fl-37"/>
      </object_component>
      <object_component id="oc-1bb">
         <name>.rodata.str1.15363888844622738466.1</name>
         <load_address>0x41da</load_address>
         <readonly>true</readonly>
         <run_address>0x41da</run_address>
         <size>0x11</size>
         <alignment>0x1</alignment>
         <input_file_ref idref="fl-37"/>
      </object_component>
      <object_component id="oc-bb">
         <name>.rodata..L__const.main.UI_Menu_FSM</name>
         <load_address>0x41ec</load_address>
         <readonly>true</readonly>
         <run_address>0x41ec</run_address>
         <size>0x10</size>
         <alignment>0x4</alignment>
         <input_file_ref idref="fl-1"/>
      </object_component>
      <object_component id="oc-11f">
         <name>.rodata.Rcmd2green</name>
         <load_address>0x41fc</load_address>
         <readonly>true</readonly>
         <run_address>0x41fc</run_address>
         <size>0xd</size>
         <alignment>0x1</alignment>
         <input_file_ref idref="fl-4"/>
      </object_component>
      <object_component id="oc-11e">
         <name>.rodata.Rcmd2red</name>
         <load_address>0x4209</load_address>
         <readonly>true</readonly>
         <run_address>0x4209</run_address>
         <size>0xd</size>
[...]
         <object_component_ref idref="oc-42"/>
      </symbol>
      <symbol id="sm-180">
         <name>UART2_IRQHandler</name>
         <value>0x3b0f</value>
         <object_component_ref idref="oc-43"/>
      </symbol>
      <symbol id="sm-181">
         <name>UART0_IRQHandler</name>
         <value>0x3aff</value>
         <object_component_ref idref="oc-44"/>
      </symbol>
      <symbol id="sm-182">
         <name>TIMG0_IRQHandler</name>
         <value>0x3ae7</value>
         <object_component_ref idref="oc-45"/>
      </symbol>
      <symbol id="sm-183">
         <name>TIMG6_IRQHandler</name>
         <value>0x39d5</value>
         <object_component_ref idref="oc-46"/>
      </symbol>
      <symbol id="sm-184">
         <name>TimerG6</name>
         <value>0x20200064</value>
         <object_component_ref idref="oc-77"/>
      </symbol>
      <symbol id="sm-185">
         <name>TIMA0_IRQHandler</name>
         <value>0x3ad7</value>
         <object_component_ref idref="oc-47"/>
      </symbol>
      <symbol id="sm-186">
         <name>TIMA1_IRQHandler</name>
         <value>0x3adf</value>
         <object_component_ref idref="oc-48"/>
      </symbol>
      <symbol id="sm-187">
         <name>TIMG7_IRQHandler</name>
         <value>0x3af7</value>
         <object_component_ref idref="oc-49"/>
      </symbol>
      <symbol id="sm-188">
         <name>TIMG12_IRQHandler</name>
         <value>0x3aef</value>
         <object_component_ref idref="oc-4a"/>
      </symbol>
      <symbol id="sm-189">
         <name>I2C0_IRQHandler</name>
         <value>0x3aaf</value>
         <object_component_ref idref="oc-4b"/>
      </symbol>
      <symbol id="sm-18a">
         <name>I2C1_IRQHandler</name>
         <value>0x3ab7</value>
         <object_component_ref idref="oc-4c"/>
      </symbol>
      <symbol id="sm-18b">
         <name>AES_IRQHandler</name>
         <value>0x3a7f</value>
         <object_component_ref idref="oc-4d"/>
      </symbol>
      <symbol id="sm-18c">
         <name>RTC_IRQHandler</name>
         <value>0x3abf</value>
         <object_component_ref idref="oc-4e"/>
      </symbol>
      <symbol id="sm-18d">
         <name>DMA_IRQHandler</name>
         <value>0x3a97</value>
         <object_component_ref idref="oc-4f"/>
      </symbol>
      <symbol id="sm-19e">
         <name>InitializeUART</name>
         <value>0x16b9</value>
         <object_component_ref idref="oc-a6"/>
      </symbol>
      <symbol id="sm-19f">
         <name>GetUserInput</name>
         <value>0x36d9</value>
         <object_component_ref idref="oc-fd"/>
      </symbol>
      <symbol id="sm-1a0">
         <name>UART_WriteControl</name>
         <value>0x31f1</value>
         <object_component_ref idref="oc-13f"/>
      </symbol>
      <symbol id="sm-1a1">
         <name>__TI_ATRegion0_src_addr</name>
         <value>0x0</value>
      </symbol>
      <symbol id="sm-1a2">
         <name>__TI_ATRegion0_trg_addr</name>
         <value>0x0</value>
      </symbol>
      <symbol id="sm-1a3">
         <name>__TI_ATRegion0_region_sz</name>
         <value>0x0</value>
      </symbol>
      <symbol id="sm-1a4">
         <name>__TI_ATRegion1_src_addr</name>
         <value>0x0</value>
      </symbol>
      <symbol id="sm-1a5">
         <name>__TI_ATRegion1_trg_addr</name>
         <value>0x0</value>
      </symbol>
      <symbol id="sm-1a6">
         <name>__TI_ATRegion1_region_sz</name>
         <value>0x0</value>
      </symbol>
      <symbol id="sm-1a7">
         <name>__TI_ATRegion2_src_addr</name>
         <value>0x0</value>
      </symbol>
      <symbol id="sm-1a8">
         <name>__TI_ATRegion2_trg_addr</name>
         <value>0x0</value>
      </symbol>
      <symbol id="sm-1a9">
         <name>__TI_ATRegion2_region_sz</name>
         <value>0x0</value>
      </symbol>
      <symbol id="sm-1ba">
         <name>snprintf</name>
         <value>0x323d</value>
         <object_component_ref idref="oc-141"/>
      </symbol>
      <symbol id="sm-1c5">
         <name>_c_int00_noargs</name>
         <value>0x3829</value>
         <object_component_ref idref="oc-6b"/>
      </symbol>
      <symbol id="sm-1c6">
         <name>__stack</name>
         <value>0x20207e00</value>
         <object_component_ref idref="oc-1a"/>
      </symbol>
      <symbol id="sm-1d2">
         <name>__TI_auto_init_nobinit_nopinit</name>
         <value>0x3495</value>
         <object_component_ref idref="oc-c7"/>
      </symbol>
      <symbol id="sm-1da">
         <name>_system_pre_init</name>
         <value>0x3b43</value>
         <object_component_ref idref="oc-81"/>
      </symbol>
      <symbol id="sm-1e5">
         <name>__TI_zero_init_nomemset</name>
         <value>0x3905</value>
         <object_component_ref idref="oc-62"/>
      </symbol>
      <symbol id="sm-1ee">
         <name>__TI_decompress_none</name>
         <value>0x3993</value>
         <object_component_ref idref="oc-20"/>
      </symbol>
      <symbol id="sm-1f9">
         <name>__TI_decompress_lzss</name>
         <value>0x2c91</value>
         <object_component_ref idref="oc-1c"/>
      </symbol>
      <symbol id="sm-242">
         <name>__TI_printfi</name>
         <value>0xc1</value>
         <object_component_ref idref="oc-1aa"/>
      </symbol>
      <symbol id="sm-24d">
         <name>__aeabi_errno_addr</name>
         <value>0x3b21</value>
         <object_component_ref idref="oc-1c6"/>
      </symbol>
      <symbol id="sm-24e">
         <name>__aeabi_errno</name>
         <value>0x20200080</value>
         <object_component_ref idref="oc-1e9"/>
      </symbol>
      <symbol id="sm-258">
         <name>abort</name>
         <value>0x3b31</value>
         <object_component_ref idref="oc-c0"/>
      </symbol>
      <symbol id="sm-262">
         <name>__TI_ltoa</name>
         <value>0x3041</value>
         <object_component_ref idref="oc-1fb"/>
      </symbol>
      <symbol id="sm-26e">
         <name>atoi</name>
         <value>0x33dd</value>
         <object_component_ref idref="oc-1be"/>
      </symbol>
      <symbol id="sm-278">
         <name>memccpy</name>
         <value>0x3875</value>
         <object_component_ref idref="oc-1b7"/>
      </symbol>
      <symbol id="sm-283">
         <name>frexp</name>
         <value>0x2f8d</value>
         <object_component_ref idref="oc-1f3"/>
      </symbol>
      <symbol id="sm-284">
         <name>frexpl</name>
         <value>0x2f8d</value>
         <object_component_ref idref="oc-1f3"/>
      </symbol>
      <symbol id="sm-28e">
         <name>scalbn</name>
         <value>0x2469</value>
         <object_component_ref idref="oc-1f7"/>
      </symbol>
      <symbol id="sm-28f">
         <name>ldexp</name>
         <value>0x2469</value>
         <object_component_ref idref="oc-1f7"/>
      </symbol>
      <symbol id="sm-290">
         <name>scalbnl</name>
         <value>0x2469</value>
         <object_component_ref idref="oc-1f7"/>
      </symbol>
      <symbol id="sm-291">
         <name>ldexpl</name>
         <value>0x2469</value>
         <object_component_ref idref="oc-1f7"/>
      </symbol>
      <symbol id="sm-29a">
         <name>wcslen</name>
         <value>0x39f5</value>
         <object_component_ref idref="oc-1c2"/>
      </symbol>
      <symbol id="sm-2a0">
         <name>__aeabi_ctype_table_</name>
         <value>0x4050</value>
         <object_component_ref idref="oc-1e2"/>
      </symbol>
      <symbol id="sm-2a1">
         <name>__aeabi_ctype_table_C</name>
         <value>0x4050</value>
         <object_component_ref idref="oc-1e2"/>
      </symbol>
      <symbol id="sm-2ac">
         <name>HOSTexit</name>
         <value>0x3b3b</value>
         <object_component_ref idref="oc-105"/>
      </symbol>
      <symbol id="sm-2ad">
         <name>C$$EXIT</name>
         <value>0x3b3a</value>
         <object_component_ref idref="oc-105"/>
      </symbol>
      <symbol id="sm-2c2">
         <name>__aeabi_fadd</name>
         <value>0x254b</value>
         <object_component_ref idref="oc-12d"/>
      </symbol>
      <symbol id="sm-2c3">
         <name>__addsf3</name>
         <value>0x254b</value>
         <object_component_ref idref="oc-12d"/>
      </symbol>
      <symbol id="sm-2c4">
         <name>__aeabi_fsub</name>
         <value>0x2541</value>
         <object_component_ref idref="oc-12d"/>
      </symbol>
      <symbol id="sm-2c5">
         <name>__subsf3</name>
         <value>0x2541</value>
         <object_component_ref idref="oc-12d"/>
      </symbol>
      <symbol id="sm-2cb">
         <name>__aeabi_dadd</name>
         <value>0x152f</value>
         <object_component_ref idref="oc-14c"/>
      </symbol>
      <symbol id="sm-2cc">
         <name>__adddf3</name>
         <value>0x152f</value>
         <object_component_ref idref="oc-14c"/>
      </symbol>
      <symbol id="sm-2cd">
         <name>__aeabi_dsub</name>
         <value>0x1525</value>
         <object_component_ref idref="oc-14c"/>
      </symbol>
      <symbol id="sm-2ce">
         <name>__subdf3</name>
         <value>0x1525</value>
         <object_component_ref idref="oc-14c"/>
      </symbol>
      <symbol id="sm-2d7">
         <name>__aeabi_dmul</name>
         <value>0x2385</value>
         <object_component_ref idref="oc-136"/>
      </symbol>
      <symbol id="sm-2d8">
         <name>__muldf3</name>
         <value>0x2385</value>
         <object_component_ref idref="oc-136"/>
      </symbol>
      <symbol id="sm-2de">
         <name>__muldsi3</name>
         <value>0x350d</value>
         <object_component_ref idref="oc-177"/>
      </symbol>
      <symbol id="sm-2e4">
         <name>__aeabi_fmul</name>
         <value>0x29f1</value>
         <object_component_ref idref="oc-17d"/>
      </symbol>
      <symbol id="sm-2e5">
         <name>__mulsf3</name>
         <value>0x29f1</value>
         <object_component_ref idref="oc-17d"/>
      </symbol>
      <symbol id="sm-2eb">
         <name>__aeabi_fdiv</name>
         <value>0x2c0d</value>
         <object_component_ref idref="oc-129"/>
      </symbol>
      <symbol id="sm-2ec">
         <name>__divsf3</name>
         <value>0x2c0d</value>
         <object_component_ref idref="oc-129"/>
      </symbol>
      <symbol id="sm-2f2">
         <name>__aeabi_ddiv</name>
         <value>0x1dc9</value>
         <object_component_ref idref="oc-210"/>
      </symbol>
      <symbol id="sm-2f3">
         <name>__divdf3</name>
         <value>0x1dc9</value>
         <object_component_ref idref="oc-210"/>
      </symbol>
      <symbol id="sm-2f9">
         <name>__aeabi_f2d</name>
         <value>0x339d</value>
         <object_component_ref idref="oc-132"/>
      </symbol>
      <symbol id="sm-2fa">
         <name>__extendsfdf2</name>
         <value>0x339d</value>
         <object_component_ref idref="oc-132"/>
      </symbol>
      <symbol id="sm-300">
         <name>__aeabi_d2iz</name>
         <value>0x3289</value>
         <object_component_ref idref="oc-150"/>
      </symbol>
      <symbol id="sm-301">
         <name>__fixdfsi</name>
         <value>0x3289</value>
         <object_component_ref idref="oc-150"/>
      </symbol>
      <symbol id="sm-307">
         <name>__aeabi_f2iz</name>
         <value>0x3581</value>
         <object_component_ref idref="oc-185"/>
      </symbol>
      <symbol id="sm-308">
         <name>__fixsfsi</name>
         <value>0x3581</value>
         <object_component_ref idref="oc-185"/>
      </symbol>
      <symbol id="sm-30e">
         <name>__aeabi_i2d</name>
         <value>0x375d</value>
         <object_component_ref idref="oc-1ff"/>
      </symbol>
      <symbol id="sm-30f">
         <name>__floatsidf</name>
         <value>0x375d</value>
         <object_component_ref idref="oc-1ff"/>
      </symbol>
      <symbol id="sm-315">
         <name>__aeabi_i2f</name>
         <value>0x341d</value>
         <object_component_ref idref="oc-148"/>
      </symbol>
      <symbol id="sm-316">
         <name>__floatsisf</name>
         <value>0x341d</value>
         <object_component_ref idref="oc-148"/>
      </symbol>
      <symbol id="sm-31c">
         <name>__aeabi_ui2f</name>
         <value>0x3801</value>
         <object_component_ref idref="oc-125"/>
      </symbol>
      <symbol id="sm-31d">
         <name>__floatunsisf</name>
         <value>0x3801</value>
         <object_component_ref idref="oc-125"/>
      </symbol>
      <symbol id="sm-323">
         <name>__aeabi_lmul</name>
         <value>0x3851</value>
         <object_component_ref idref="oc-1cb"/>
      </symbol>
      <symbol id="sm-324">
         <name>__muldi3</name>
         <value>0x3851</value>
         <object_component_ref idref="oc-1cb"/>
      </symbol>
      <symbol id="sm-32b">
         <name>__aeabi_d2f</name>
         <value>0x2d81</value>
         <object_component_ref idref="oc-13a"/>
      </symbol>
      <symbol id="sm-32c">
         <name>__truncdfsf2</name>
         <value>0x2d81</value>
         <object_component_ref idref="oc-13a"/>
      </symbol>
      <symbol id="sm-332">
         <name>__aeabi_dcmpeq</name>
         <value>0x2ec5</value>
         <object_component_ref idref="oc-1d5"/>
      </symbol>
      <symbol id="sm-333">
         <name>__aeabi_dcmplt</name>
         <value>0x2ed9</value>
         <object_component_ref idref="oc-1d5"/>
      </symbol>
      <symbol id="sm-334">
         <name>__aeabi_dcmple</name>
         <value>0x2eed</value>
         <object_component_ref idref="oc-1d5"/>
      </symbol>
      <symbol id="sm-335">
         <name>__aeabi_dcmpge</name>
         <value>0x2f01</value>
         <object_component_ref idref="oc-1d5"/>
      </symbol>
      <symbol id="sm-336">
         <name>__aeabi_dcmpgt</name>
         <value>0x2f15</value>
         <object_component_ref idref="oc-1d5"/>
      </symbol>
      <symbol id="sm-33c">
         <name>__aeabi_fcmpeq</name>
         <value>0x2f29</value>
         <object_component_ref idref="oc-181"/>
      </symbol>
      <symbol id="sm-33d">
         <name>__aeabi_fcmplt</name>
         <value>0x2f3d</value>
         <object_component_ref idref="oc-181"/>
      </symbol>
      <symbol id="sm-33e">
         <name>__aeabi_fcmple</name>
         <value>0x2f51</value>
         <object_component_ref idref="oc-181"/>
      </symbol>
      <symbol id="sm-33f">
         <name>__aeabi_fcmpge</name>
         <value>0x2f65</value>
         <object_component_ref idref="oc-181"/>
      </symbol>
      <symbol id="sm-340">
         <name>__aeabi_fcmpgt</name>
         <value>0x2f79</value>
         <object_component_ref idref="oc-181"/>
      </symbol>
      <symbol id="sm-346">
         <name>__aeabi_idiv</name>
         <value>0x30f1</value>
         <object_component_ref idref="oc-222"/>
      </symbol>
      <symbol id="sm-347">
         <name>__aeabi_idivmod</name>
         <value>0x30f1</value>
         <object_component_ref idref="oc-222"/>
      </symbol>
      <symbol id="sm-34d">
         <name>__aeabi_memcpy</name>
         <value>0x3b29</value>
         <object_component_ref idref="oc-5b"/>
      </symbol>
      <symbol id="sm-34e">
         <name>__aeabi_memcpy4</name>
         <value>0x3b29</value>
         <object_component_ref idref="oc-5b"/>
      </symbol>
      <symbol id="sm-34f">
         <name>__aeabi_memcpy8</name>
         <value>0x3b29</value>
         <object_component_ref idref="oc-5b"/>
      </symbol>
      <symbol id="sm-356">
         <name>__aeabi_memset</name>
         <value>0x3a15</value>
         <object_component_ref idref="oc-1b6"/>
      </symbol>
      <symbol id="sm-357">
         <name>__aeabi_memset4</name>
         <value>0x3a15</value>
         <object_component_ref idref="oc-1b6"/>
      </symbol>
      <symbol id="sm-358">
         <name>__aeabi_memset8</name>
         <value>0x3a15</value>
         <object_component_ref idref="oc-1b6"/>
      </symbol>
      <symbol id="sm-35e">
         <name>__aeabi_uidiv</name>
         <value>0x335d</value>
         <object_component_ref idref="oc-192"/>
      </symbol>
      <symbol id="sm-35f">
         <name>__aeabi_uidivmod</name>
         <value>0x335d</value>
         <object_component_ref idref="oc-192"/>
      </symbol>
      <symbol id="sm-365">
         <name>__aeabi_uldivmod</name>
         <value>0x3959</value>
         <object_component_ref idref="oc-1d0"/>
      </symbol>
      <symbol id="sm-36e">
         <name>__eqsf2</name>
         <value>0x34d1</value>
         <object_component_ref idref="oc-19b"/>
      </symbol>
      <symbol id="sm-36f">
         <name>__lesf2</name>
         <value>0x34d1</value>
         <object_component_ref idref="oc-19b"/>
      </symbol>
      <symbol id="sm-370">
         <name>__ltsf2</name>
         <value>0x34d1</value>
         <object_component_ref idref="oc-19b"/>
      </symbol>
      <symbol id="sm-371">
         <name>__nesf2</name>
         <value>0x34d1</value>
         <object_component_ref idref="oc-19b"/>
      </symbol>
      <symbol id="sm-372">
         <name>__cmpsf2</name>
         <value>0x34d1</value>
         <object_component_ref idref="oc-19b"/>
      </symbol>
      <symbol id="sm-373">
         <name>__gtsf2</name>
         <value>0x3459</value>
         <object_component_ref idref="oc-1a0"/>
      </symbol>
      <symbol id="sm-374">
         <name>__gesf2</name>
         <value>0x3459</value>
         <object_component_ref idref="oc-1a0"/>
      </symbol>
      <symbol id="sm-37a">
         <name>__udivmoddi4</name>
         <value>0x28bd</value>
         <object_component_ref idref="oc-1ee"/>
      </symbol>
      <symbol id="sm-380">
         <name>__aeabi_llsl</name>
         <value>0x3899</value>
         <object_component_ref idref="oc-217"/>
      </symbol>
      <symbol id="sm-381">
         <name>__ashldi3</name>
         <value>0x3899</value>
         <object_component_ref idref="oc-217"/>
      </symbol>
      <symbol id="sm-38f">
         <name>__ledf2</name>
         <value>0x2df5</value>
         <object_component_ref idref="oc-208"/>
      </symbol>
      <symbol id="sm-390">
         <name>__gedf2</name>
         <value>0x2d0d</value>
         <object_component_ref idref="oc-20e"/>
      </symbol>
      <symbol id="sm-391">
         <name>__cmpdf2</name>
         <value>0x2df5</value>
         <object_component_ref idref="oc-208"/>
      </symbol>
      <symbol id="sm-392">
         <name>__eqdf2</name>
         <value>0x2df5</value>
         <object_component_ref idref="oc-208"/>
      </symbol>
      <symbol id="sm-393">
         <name>__ltdf2</name>
         <value>0x2df5</value>
         <object_component_ref idref="oc-208"/>
      </symbol>
      <symbol id="sm-394">
         <name>__nedf2</name>
         <value>0x2df5</value>
         <object_component_ref idref="oc-208"/>
      </symbol>
      <symbol id="sm-395">
         <name>__gtdf2</name>
         <value>0x2d0d</value>
         <object_component_ref idref="oc-20e"/>
      </symbol>
      <symbol id="sm-3a1">
         <name>__aeabi_idiv0</name>
         <value>0x16b7</value>
         <object_component_ref idref="oc-1ad"/>
      </symbol>
      <symbol id="sm-3a2">
         <name>__aeabi_ldiv0</name>
         <value>0x28bb</value>
         <object_component_ref idref="oc-216"/>
      </symbol>
      <symbol id="sm-3ac">
         <name>TI_memcpy_small</name>
         <value>0x3981</value>
         <object_component_ref idref="oc-97"/>
      </symbol>
      <symbol id="sm-3b5">
         <name>TI_memset_small</name>
         <value>0x3a31</value>
         <object_component_ref idref="oc-da"/>
      </symbol>
      <symbol id="sm-3b6">
         <name>__TI_static_base__</name>
         <value>0x0</value>
      </symbol>
      <symbol id="sm-3ba">
         <name>__mpu_init</name>
         <value>0x0</value>
      </symbol>
      <symbol id="sm-3bb">
         <name>_system_post_cinit</name>
         <value>0x0</value>
      </symbol>
   </symbol_table>
   <title>Link successful</title>
</link_info>
