******************************************************************************
            TI ARM Clang Linker PC v4.0.4                      
******************************************************************************
>> Linked Fri May  8 00:02:08 2026

OUTPUT FILE NAME:   <LaunchpadController.out>
ENTRY POINT SYMBOL: "_c_int00_noargs"  address: 00003829


MEMORY CONFIGURATION

         name            origin    length      used     unused   attr    fill
----------------------  --------  ---------  --------  --------  ----  --------
  FLASH                 00000000   00020000  000042e0  0001bd20  R  X
  SRAM                  20200000   00008000  0000028a  00007d76  RW X
  BCR_CONFIG            41c00000   000000ff  00000000  000000ff  R   
  BSL_CONFIG            41c00100   00000080  00000000  00000080  R   


SEGMENT ALLOCATION MAP

run origin  load origin   length   init length attrs members
----------  ----------- ---------- ----------- ----- -------
00000000    00000000    000042e0   000042e0    r-x
  00000000    00000000    000000c0   000000c0    r-- .intvecs
  000000c0    000000c0    00003a90   00003a90    r-x .text
  00003b50    00003b50    00000740   00000740    r-- .rodata
  00004290    00004290    00000050   00000050    r-- .cinit
20200000    20200000    0000008a   00000000    rw-
  20200000    20200000    00000048   00000000    rw- .bss
  20200048    20200048    00000042   00000000    rw- .data
20207e00    20207e00    00000200   00000000    rw-
  20207e00    20207e00    00000200   00000000    rw- .stack


SECTION ALLOCATION MAP

 output                                  attributes/
section   page    origin      length       input sections
--------  ----  ----------  ----------   ----------------
.intvecs   0    00000000    000000c0     
                  00000000    000000c0     startup_mspm0g350x_ticlang.o (.intvecs)

.text      0    000000c0    00003a90     
                  000000c0    000009d0     libc.a : _printfi.c.obj (.text:__TI_printfi)
                  00000a90    00000304     main.o (.text.OutputLCDMenu)
                  00000d94    00000220     libc.a : _printfi.c.obj (.text._pconv_a)
                  00000fb4    000001ec     clock.o (.text.ClockInitialization_80MHz)
                  000011a0    000001dc     libc.a : _printfi.c.obj (.text._pconv_g)
                  0000137c    000001a8     LCD.o (.text.LCD_DrawChar)
                  00001524    00000192     libclang_rt.builtins.a : adddf3.S.obj (.text.adddf3_subdf3)
                  000016b6    00000002                            : aeabi_div0.c.obj (.text.__aeabi_idiv0)
                  000016b8    00000144     uart.o (.text.InitializeUART)
                  000017fc    00000140     clock.o (.text.ClockInitialization_40MHz)
                  0000193c    0000013c     libc.a : _printfi.c.obj (.text.fcvt)
                  00001a78    00000120            : _printfi.c.obj (.text._pconv_e)
                  00001b98    00000118     LCD.o (.text.LCD_FillRect)
                  00001cb0    00000118     main.o (.text.main)
                  00001dc8    0000010c     libclang_rt.builtins.a : divdf3.S.obj (.text.__divdf3)
                  00001ed4    000000fc     ADC.o (.text.ADC1_Init)
                  00001fd0    000000f4     ADC.o (.text.ADC0_Init)
                  000020c4    000000f0     main.o (.text.UpdateReadFeedback)
                  000021b4    000000ec     LCD.o (.text.commonInit)
                  000022a0    000000e4     SPI.o (.text.InitializeSPI)
                  00002384    000000e4     libclang_rt.builtins.a : muldf3.S.obj (.text.__muldf3)
                  00002468    000000d8     libc.a : s_scalbn.c.obj (.text.scalbn)
                  00002540    000000d8     libclang_rt.builtins.a : addsf3.S.obj (.text)
                  00002618    000000b8     clock.o (.text.ClockInitialization_4MHz_32MHz)
                  000026d0    000000a4     MKII.o (.text.InitializeBoosterpack)
                  00002774    000000a4     main.o (.text.UpdateWriteControl)
                  00002818    000000a2     LCD.o (.text.commandList)
                  000028ba    00000002     libclang_rt.builtins.a : aeabi_div0.c.obj (.text.__aeabi_ldiv0)
                  000028bc    000000a2                            : udivmoddi4.S.obj (.text)
                  0000295e    00000002     --HOLE-- [fill = 0]
                  00002960    00000090     LCD.o (.text.ST7735_InitR)
                  000029f0    0000008c     libclang_rt.builtins.a : mulsf3.S.obj (.text.__mulsf3)
                  00002a7c    00000088     LCD.o (.text.setAddrWindow)
                  00002b04    00000084     LCD.o (.text.LCD_DrawString)
                  00002b88    00000084     main.o (.text.__NVIC_SetPriority)
                  00002c0c    00000082     libclang_rt.builtins.a : divsf3.S.obj (.text.__divsf3)
                  00002c8e    00000002     --HOLE-- [fill = 0]
                  00002c90    0000007c     libc.a : copy_decompress_lzss.c.obj (.text:decompress:lzss)
                  00002d0c    00000074     libclang_rt.builtins.a : comparedf2.c.obj (.text.__gedf2)
                  00002d80    00000074                            : truncdfsf2.S.obj (.text.__truncdfsf2)
                  00002df4    00000068                            : comparedf2.c.obj (.text.__ledf2)
                  00002e5c    00000066     libc.a : _printfi.c.obj (.text._mcpy)
                  00002ec2    00000002     --HOLE-- [fill = 0]
                  00002ec4    00000062     libclang_rt.builtins.a : aeabi_dcmp.S.obj (.text.__aeabi_dcmp)
                  00002f26    00000002     --HOLE-- [fill = 0]
                  00002f28    00000062                            : aeabi_fcmp.S.obj (.text.__aeabi_fcmp)
                  00002f8a    00000002     --HOLE-- [fill = 0]
                  00002f8c    0000005c     libc.a : s_frexp.c.obj (.text.frexp)
                  00002fe8    00000058     bsp.o (.text.CPUCyclesPer1us)
                  00003040    00000058     libc.a : _ltoa.c.obj (.text.__TI_ltoa)
                  00003098    00000058            : _printfi.c.obj (.text._pconv_f)
                  000030f0    00000056     libclang_rt.builtins.a : aeabi_idivmod.S.obj (.text.__aeabi_idivmod)
                  00003146    00000002     --HOLE-- [fill = 0]
                  00003148    00000054     main.o (.text.ConvertToCurrent)
                  0000319c    00000052     libc.a : _printfi.c.obj (.text._ecpy)
                  000031ee    00000002     --HOLE-- [fill = 0]
                  000031f0    0000004c     uart.o (.text.UART_WriteControl)
                  0000323c    0000004c     libc.a : snprintf.c.obj (.text.snprintf)
                  00003288    0000004a     libclang_rt.builtins.a : fixdfsi.S.obj (.text.__fixdfsi)
                  000032d2    00000002     --HOLE-- [fill = 0]
                  000032d4    00000044     ADC.o (.text.ADC0_In)
                  00003318    00000044     ADC.o (.text.ADC1_In)
                  0000335c    00000040     libclang_rt.builtins.a : aeabi_uidivmod.S.obj (.text.__aeabi_uidivmod)
                  0000339c    00000040                            : extendsfdf2.S.obj (.text.__extendsfdf2)
                  000033dc    00000040     libc.a : atoi.c.obj (.text.atoi)
                  0000341c    0000003c     libclang_rt.builtins.a : floatsisf.S.obj (.text.__floatsisf)
                  00003458    0000003c                            : comparesf2.S.obj (.text.__gtsf2)
                  00003494    0000003c     libc.a : autoinit.c.obj (.text:__TI_auto_init_nobinit_nopinit)
                  000034d0    0000003a     libclang_rt.builtins.a : comparesf2.S.obj (.text.__eqsf2)
                  0000350a    00000002     --HOLE-- [fill = 0]
                  0000350c    0000003a                            : muldsi3.S.obj (.text.__muldsi3)
                  00003546    00000002     --HOLE-- [fill = 0]
                  00003548    00000038     bsp.o (.text.ActivatePortAandB)
                  00003580    00000038     libclang_rt.builtins.a : fixsfsi.S.obj (.text.__fixsfsi)
                  000035b8    00000034     LCD.o (.text.LCD_SetCursor)
                  000035ec    00000030     main.o (.text.NextStateTable)
                  0000361c    00000030     SPI.o (.text.SPISendByte)
                  0000364c    00000030     libc.a : _printfi.c.obj (.text._fcpy)
                  0000367c    00000030            : snprintf.c.obj (.text._outs)
                  000036ac    0000002c     clock.o (.text.ClockDelay_1ms)
                  000036d8    0000002c     uart.o (.text.GetUserInput)
                  00003704    0000002c     LCD.o (.text.LCD_FillScreen)
                  00003730    0000002c     main.o (.text.__NVIC_EnableIRQ)
                  0000375c    0000002c     libclang_rt.builtins.a : floatsidf.S.obj (.text.__floatsidf)
                  00003788    00000028     main.o (.text.Group1CallbackFunction)
                  000037b0    00000028     LCD.o (.text.SPI_OutCommand)
                  000037d8    00000028     LCD.o (.text.SPI_OutData)
                  00003800    00000028     libclang_rt.builtins.a : floatunsisf.S.obj (.text.__floatunsisf)
                  00003828    00000028     libc.a : boot_cortex_m.c.obj (.text:_c_int00_noargs)
                  00003850    00000024     libclang_rt.builtins.a : muldi3.S.obj (.text.__muldi3)
                  00003874    00000022     libc.a : memccpy.c.obj (.text.memccpy)
                  00003896    00000002     --HOLE-- [fill = 0]
                  00003898    0000001e     libclang_rt.builtins.a : ashldi3.S.obj (.text.__ashldi3)
                  000038b6    0000001e     LCD.o (.text.pushColor)
                  000038d4    00000018     bsp.o (.text.CPUCyclesPer1ms)
                  000038ec    00000018     libc.a : snprintf.c.obj (.text._outc)
                  00003904    00000016            : copy_zero_init.c.obj (.text:decompress:ZI:__TI_zero_init_nomemset)
                  0000391a    00000002     --HOLE-- [fill = 0]
                  0000391c    00000014     MKII.o (.text.BP_TurnOffBlueLED)
                  00003930    00000014     MKII.o (.text.BP_TurnOffGreenLED)
                  00003944    00000014     LCD.o (.text.LCD_SetTextColor)
                  00003958    00000014     libclang_rt.builtins.a : aeabi_uldivmod.S.obj (.text.__aeabi_uldivmod)
                  0000396c    00000014     libc.a : _printfi.c.obj (.text.strchr)
                  00003980    00000012            : memcpy16.S.obj (.text:TI_memcpy_small)
                  00003992    00000012            : copy_decompress_none.c.obj (.text:decompress:none)
                  000039a4    00000010     MKII.o (.text.BP_TurnOffRedLED)
                  000039b4    00000010     clock.o (.text.ClockDelay)
                  000039c4    00000010     mspm0g350x_int.o (.text.GROUP1_IRQHandler)
                  000039d4    00000010     mspm0g350x_int.o (.text.TIMG6_IRQHandler)
                  000039e4    00000010     mspm0g350x_int.o (.text.TIMG8_IRQHandler)
                  000039f4    00000010     libc.a : wcslen.c.obj (.text.wcslen)
                  00003a04    0000000e     mspm0g350x_int.o (.text.Default_Callback)
                  00003a12    00000002     --HOLE-- [fill = 0]
                  00003a14    0000000e     libclang_rt.builtins.a : aeabi_memset.S.obj (.text.__aeabi_memset)
                  00003a22    0000000e     libc.a : _printfi.c.obj (.text.strlen)
                  00003a30    0000000e            : memset16.S.obj (.text:TI_memset_small)
                  00003a3e    0000000a     LCD.o (.text.LCD_Init)
                  00003a48    0000000a     libc.a : _printfi.c.obj (.text.OUTLINED_FUNCTION_0)
                  00003a52    00000002     --HOLE-- [fill = 0]
                  00003a54    00000010     libclang_rt.builtins.a : adddf3.S.obj (.tramp.__aeabi_dsub.1)
                  00003a64    0000000a     libc.a : _printfi.c.obj (.text.OUTLINED_FUNCTION_1)
                  00003a6e    00000008     mspm0g350x_int.o (.text.ADC0_IRQHandler)
                  00003a76    00000008     mspm0g350x_int.o (.text.ADC1_IRQHandler)
                  00003a7e    00000008     mspm0g350x_int.o (.text.AES_IRQHandler)
                  00003a86    00000008     mspm0g350x_int.o (.text.CANFD0_IRQHandler)
                  00003a8e    00000008     mspm0g350x_int.o (.text.DAC0_IRQHandler)
                  00003a96    00000008     mspm0g350x_int.o (.text.DMA_IRQHandler)
                  00003a9e    00000008     bsp.o (.text.Error_Handler)
                  00003aa6    00000008     mspm0g350x_int.o (.text.GROUP0_IRQHandler)
                  00003aae    00000008     mspm0g350x_int.o (.text.I2C0_IRQHandler)
                  00003ab6    00000008     mspm0g350x_int.o (.text.I2C1_IRQHandler)
                  00003abe    00000008     mspm0g350x_int.o (.text.RTC_IRQHandler)
                  00003ac6    00000008     mspm0g350x_int.o (.text.SPI0_IRQHandler)
                  00003ace    00000008     mspm0g350x_int.o (.text.SPI1_IRQHandler)
                  00003ad6    00000008     mspm0g350x_int.o (.text.TIMA0_IRQHandler)
                  00003ade    00000008     mspm0g350x_int.o (.text.TIMA1_IRQHandler)
                  00003ae6    00000008     mspm0g350x_int.o (.text.TIMG0_IRQHandler)
                  00003aee    00000008     mspm0g350x_int.o (.text.TIMG12_IRQHandler)
                  00003af6    00000008     mspm0g350x_int.o (.text.TIMG7_IRQHandler)
                  00003afe    00000008     mspm0g350x_int.o (.text.UART0_IRQHandler)
                  00003b06    00000008     mspm0g350x_int.o (.text.UART1_IRQHandler)
                  00003b0e    00000008     mspm0g350x_int.o (.text.UART2_IRQHandler)
                  00003b16    00000008     mspm0g350x_int.o (.text.UART3_IRQHandler)
                  00003b1e    00000002     --HOLE-- [fill = 0]
                  00003b20    00000008     libc.a : aeabi_portable.c.obj (.text.__aeabi_errno_addr)
                  00003b28    00000008     libclang_rt.builtins.a : aeabi_memcpy.S.obj (.text.__aeabi_memcpy)
                  00003b30    00000006     libc.a : exit.c.obj (.text:abort)
                  00003b36    00000004     startup_mspm0g350x_ticlang.o (.text.Default_Handler)
                  00003b3a    00000004     libsysbm.a : hostexit.c.obj (.text.HOSTexit)
                  00003b3e    00000004     startup_mspm0g350x_ticlang.o (.text.Reset_Handler)
                  00003b42    00000004     libc.a : pre_init.c.obj (.text._system_pre_init)
                  00003b46    0000000a     --HOLE-- [fill = 0]

.cinit     0    00004290    00000050     
                  00004290    00000027     (.cinit..data.load) [load image, compression = lzss]
                  000042b7    00000001     --HOLE-- [fill = 0]
                  000042b8    0000000c     (__TI_handler_table)
                  000042c4    00000008     (.cinit..bss.load) [load image, compression = zero_init]
                  000042cc    00000010     (__TI_cinit_table)
                  000042dc    00000004     --HOLE-- [fill = 0]

.rodata    0    00003b50    00000740     
                  00003b50    00000500     LCD.o (.rodata.Font)
                  00004050    00000101     libc.a : aeabi_ctype.S.obj (.rodata:__aeabi_ctype_table_)
                  00004151    0000003b     LCD.o (.rodata.Rcmd1)
                  0000418c    0000002b     LCD.o (.rodata.Rcmd3)
                  000041b7    00000012     main.o (.rodata.str1.2846389346932560359.1)
                  000041c9    00000011     libc.a : _printfi.c.obj (.rodata.str1.10348868589481759720.1)
                  000041da    00000011            : _printfi.c.obj (.rodata.str1.15363888844622738466.1)
                  000041eb    00000001     --HOLE-- [fill = 0]
                  000041ec    00000010     main.o (.rodata..L__const.main.UI_Menu_FSM)
                  000041fc    0000000d     LCD.o (.rodata.Rcmd2green)
                  00004209    0000000d     LCD.o (.rodata.Rcmd2red)
                  00004216    0000000d     main.o (.rodata.str1.12180500075719773345.1)
                  00004223    0000000d     main.o (.rodata.str1.14112174005742061988.1)
                  00004230    0000000d     main.o (.rodata.str1.288608917962107522.1)
                  0000423d    0000000c     main.o (.rodata.str1.15159059442110792349.1)
                  00004249    0000000b     main.o (.rodata.str1.16265332423659789559.1)
                  00004254    0000000a     main.o (.rodata.str1.15996357275703397564.1)
                  0000425e    00000009     main.o (.rodata.str1.18227636981041470289.1)
                  00004267    00000009     main.o (.rodata.str1.7702501944640899365.1)
                  00004270    00000007     main.o (.rodata.str1.17100691992556644108.1)
                  00004277    00000007     main.o (.rodata.str1.8154729771448623357.1)
                  0000427e    00000004     main.o (.rodata.TransitionTable)
                  00004282    0000000e     --HOLE-- [fill = 0]

.init_array 
*          0    00000000    00000000     UNINITIALIZED

.binit     0    00000000    00000000     

.bss       0    20200000    00000048     UNINITIALIZED
                  20200000    00000022     (.common:FeedbackReceiveBuffer)
                  20200022    00000001     LCD.o (.bss.ColStart)
                  20200023    00000001     LCD.o (.bss.RowStart)
                  20200024    00000020     (.common:RobotPacket)
                  20200044    00000004     (.common:LaunchpadPacket)

.data      0    20200048    00000042     UNINITIALIZED
                  20200048    00000014     main.o (.data.UART0_Config)
                  2020005c    00000008     main.o (.data.Group1)
                  20200064    00000008     mspm0g350x_int.o (.data.TimerG6)
                  2020006c    00000008     mspm0g350x_int.o (.data.TimerG8)
                  20200074    00000004     main.o (.data.ClockFrequency)
                  20200078    00000004     LCD.o (.data.StX)
                  2020007c    00000004     LCD.o (.data.StY)
                  20200080    00000004     libc.a : aeabi_portable.c.obj (.data.__aeabi_errno)
                  20200084    00000002     LCD.o (.data.StTextColor)
                  20200086    00000002     LCD.o (.data._height)
                  20200088    00000002     LCD.o (.data._width)

.stack     0    20207e00    00000200     UNINITIALIZED
                  20207e00    00000004     libc.a : boot_cortex_m.c.obj (.stack)
                  20207e04    000001fc     --HOLE--

__llvm_prf_cnts 
*          0    20200000    00000000     UNINITIALIZED

__llvm_prf_bits 
*          0    20200000    00000000     UNINITIALIZED

MODULE SUMMARY

       Module                         code    ro data   rw data
       ------                         ----    -------   -------
    .\
       main.o                         1804    142       102    
       startup_mspm0g350x_ticlang.o   8       192       0      
    +--+------------------------------+-------+---------+---------+
       Total:                         1812    334       102    
                                                               
    .\LP-MSPM0G3507\
       LCD.o                          1750    1408      16     
       clock.o                        1056    0         0      
       ADC.o                          632     0         0      
       uart.o                         444     0         0      
       SPI.o                          276     0         0      
       mspm0g350x_int.o               230     0         16     
       MKII.o                         220     0         0      
       bsp.o                          176     0         0      
    +--+------------------------------+-------+---------+---------+
       Total:                         4784    1408      32     
                                                               
    C:\ti\ccs2040\ccs\tools\compiler\ti-cgt-armllvm_4.0.4.LTS\lib\armv6m-ti-none-eabi/c/libc.a
       _printfi.c.obj                 4510    34        0      
       aeabi_ctype.S.obj              0       257       0      
       s_scalbn.c.obj                 216     0         0      
       snprintf.c.obj                 148     0         0      
       copy_decompress_lzss.c.obj     124     0         0      
       s_frexp.c.obj                  92      0         0      
       _ltoa.c.obj                    88      0         0      
       atoi.c.obj                     64      0         0      
       autoinit.c.obj                 60      0         0      
       boot_cortex_m.c.obj            40      0         0      
       memccpy.c.obj                  34      0         0      
       copy_zero_init.c.obj           22      0         0      
       copy_decompress_none.c.obj     18      0         0      
       memcpy16.S.obj                 18      0         0      
       wcslen.c.obj                   16      0         0      
       memset16.S.obj                 14      0         0      
       aeabi_portable.c.obj           8       0         4      
       exit.c.obj                     6       0         0      
       pre_init.c.obj                 4       0         0      
    +--+------------------------------+-------+---------+---------+
       Total:                         5482    291       4      
                                                               
    C:\ti\ccs2040\ccs\tools\compiler\ti-cgt-armllvm_4.0.4.LTS\lib\armv6m-ti-none-eabi/c/libsysbm.a
       hostexit.c.obj                 4       0         0      
    +--+------------------------------+-------+---------+---------+
       Total:                         4       0         0      
                                                               
    C:\ti\ccs2040\ccs\tools\compiler\ti-cgt-armllvm_4.0.4.LTS\lib\armv6m-ti-none-eabi/libclang_rt.builtins.a
       adddf3.S.obj                   418     0         0      
       divdf3.S.obj                   268     0         0      
       muldf3.S.obj                   228     0         0      
       comparedf2.c.obj               220     0         0      
       addsf3.S.obj                   216     0         0      
       udivmoddi4.S.obj               162     0         0      
       mulsf3.S.obj                   140     0         0      
       divsf3.S.obj                   130     0         0      
       comparesf2.S.obj               118     0         0      
       truncdfsf2.S.obj               116     0         0      
       aeabi_dcmp.S.obj               98      0         0      
       aeabi_fcmp.S.obj               98      0         0      
       aeabi_idivmod.S.obj            86      0         0      
       fixdfsi.S.obj                  74      0         0      
       aeabi_uidivmod.S.obj           64      0         0      
       extendsfdf2.S.obj              64      0         0      
       floatsisf.S.obj                60      0         0      
       muldsi3.S.obj                  58      0         0      
       fixsfsi.S.obj                  56      0         0      
       floatsidf.S.obj                44      0         0      
       floatunsisf.S.obj              40      0         0      
       muldi3.S.obj                   36      0         0      
       ashldi3.S.obj                  30      0         0      
       aeabi_uldivmod.S.obj           20      0         0      
       aeabi_memset.S.obj             14      0         0      
       aeabi_memcpy.S.obj             8       0         0      
       aeabi_div0.c.obj               4       0         0      
    +--+------------------------------+-------+---------+---------+
       Total:                         2870    0         0      
                                                               
       Stack:                         0       0         512    
       Linker Generated:              0       75        0      
    +--+------------------------------+-------+---------+---------+
       Grand Total:                   14952   2108      650    


LINKER GENERATED COPY TABLES

__TI_cinit_table @ 000042cc records: 2, size/record: 8, table size: 16
	.data: load addr=00004290, load size=00000027 bytes, run addr=20200048, run size=00000042 bytes, compression=lzss
	.bss: load addr=000042c4, load size=00000008 bytes, run addr=20200000, run size=00000048 bytes, compression=zero_init


LINKER GENERATED HANDLER TABLE

__TI_handler_table @ 000042b8 records: 3, size/record: 4, table size: 12
	index: 0, handler: __TI_decompress_lzss
	index: 1, handler: __TI_decompress_none
	index: 2, handler: __TI_zero_init


FAR CALL TRAMPOLINES

callee name               trampoline name
   callee addr  tramp addr   call addr  call info
--------------  -----------  ---------  ----------------
__aeabi_dsub              $Tramp$TT$L$PI$$__aeabi_dsub
   00001525     00003a54     00003a50   libc.a : _printfi.c.obj (.text.OUTLINED_FUNCTION_0)

[1 trampolines]
[1 trampoline calls]


GLOBAL SYMBOLS: SORTED ALPHABETICALLY BY Name 

address   name                          
-------   ----                          
00003a6f  ADC0_IRQHandler               
000032d5  ADC0_In                       
00001fd1  ADC0_Init                     
00003a77  ADC1_IRQHandler               
00003319  ADC1_In                       
00001ed5  ADC1_Init                     
00003a7f  AES_IRQHandler                
00003549  ActivatePortAandB             
0000391d  BP_TurnOffBlueLED             
00003931  BP_TurnOffGreenLED            
000039a5  BP_TurnOffRedLED              
00003b3a  C$$EXIT                       
00003a87  CANFD0_IRQHandler             
000038d5  CPUCyclesPer1ms               
00002fe9  CPUCyclesPer1us               
000039b5  ClockDelay                    
000036ad  ClockDelay_1ms                
20200074  ClockFrequency                
000017fd  ClockInitialization_40MHz     
00002619  ClockInitialization_4MHz_32MHz
00000fb5  ClockInitialization_80MHz     
00003149  ConvertToCurrent              
00003a8f  DAC0_IRQHandler               
00003a97  DMA_IRQHandler                
00003a05  Default_Callback              
00003b37  Default_Handler               
00003a9f  Error_Handler                 
20200000  FeedbackReceiveBuffer         
00003aa7  GROUP0_IRQHandler             
000039c5  GROUP1_IRQHandler             
000036d9  GetUserInput                  
2020005c  Group1                        
00003789  Group1CallbackFunction        
00003b3b  HOSTexit                      
00003b37  HardFault_Handler             
00003aaf  I2C0_IRQHandler               
00003ab7  I2C1_IRQHandler               
000026d1  InitializeBoosterpack         
000022a1  InitializeSPI                 
000016b9  InitializeUART                
0000137d  LCD_DrawChar                  
00002b05  LCD_DrawString                
00001b99  LCD_FillRect                  
00003705  LCD_FillScreen                
00003a3f  LCD_Init                      
000035b9  LCD_SetCursor                 
00003945  LCD_SetTextColor              
20200044  LaunchpadPacket               
00003b37  NMI_Handler                   
000035ed  NextStateTable                
00000a91  OutputLCDMenu                 
00003b37  PendSV_Handler                
00003abf  RTC_IRQHandler                
00003b3f  Reset_Handler                 
20200024  RobotPacket                   
00003ac7  SPI0_IRQHandler               
00003acf  SPI1_IRQHandler               
0000361d  SPISendByte                   
00003b37  SVC_Handler                   
20200084  StTextColor                   
20200078  StX                           
2020007c  StY                           
00003b37  SysTick_Handler               
00003ad7  TIMA0_IRQHandler              
00003adf  TIMA1_IRQHandler              
00003ae7  TIMG0_IRQHandler              
00003aef  TIMG12_IRQHandler             
000039d5  TIMG6_IRQHandler              
00003af7  TIMG7_IRQHandler              
000039e5  TIMG8_IRQHandler              
00003981  TI_memcpy_small               
00003a31  TI_memset_small               
20200064  TimerG6                       
2020006c  TimerG8                       
0000427e  TransitionTable               
20200048  UART0_Config                  
00003aff  UART0_IRQHandler              
00003b07  UART1_IRQHandler              
00003b0f  UART2_IRQHandler              
00003b17  UART3_IRQHandler              
000031f1  UART_WriteControl             
000020c5  UpdateReadFeedback            
00002775  UpdateWriteControl            
20208000  __STACK_END                   
00000200  __STACK_SIZE                  
00000000  __TI_ATRegion0_region_sz      
00000000  __TI_ATRegion0_src_addr       
00000000  __TI_ATRegion0_trg_addr       
00000000  __TI_ATRegion1_region_sz      
00000000  __TI_ATRegion1_src_addr       
00000000  __TI_ATRegion1_trg_addr       
00000000  __TI_ATRegion2_region_sz      
00000000  __TI_ATRegion2_src_addr       
00000000  __TI_ATRegion2_trg_addr       
000042cc  __TI_CINIT_Base               
000042dc  __TI_CINIT_Limit              
000042dc  __TI_CINIT_Warm               
000042b8  __TI_Handler_Table_Base       
000042c4  __TI_Handler_Table_Limit      
00003495  __TI_auto_init_nobinit_nopinit
00002c91  __TI_decompress_lzss          
00003993  __TI_decompress_none          
00003041  __TI_ltoa                     
ffffffff  __TI_pprof_out_hndl           
000000c1  __TI_printfi                  
ffffffff  __TI_prof_data_size           
ffffffff  __TI_prof_data_start          
00000000  __TI_static_base__            
00003905  __TI_zero_init_nomemset       
0000152f  __adddf3                      
0000254b  __addsf3                      
00004050  __aeabi_ctype_table_          
00004050  __aeabi_ctype_table_C         
00002d81  __aeabi_d2f                   
00003289  __aeabi_d2iz                  
0000152f  __aeabi_dadd                  
00002ec5  __aeabi_dcmpeq                
00002f01  __aeabi_dcmpge                
00002f15  __aeabi_dcmpgt                
00002eed  __aeabi_dcmple                
00002ed9  __aeabi_dcmplt                
00001dc9  __aeabi_ddiv                  
00002385  __aeabi_dmul                  
00001525  __aeabi_dsub                  
20200080  __aeabi_errno                 
00003b21  __aeabi_errno_addr            
0000339d  __aeabi_f2d                   
00003581  __aeabi_f2iz                  
0000254b  __aeabi_fadd                  
00002f29  __aeabi_fcmpeq                
00002f65  __aeabi_fcmpge                
00002f79  __aeabi_fcmpgt                
00002f51  __aeabi_fcmple                
00002f3d  __aeabi_fcmplt                
00002c0d  __aeabi_fdiv                  
000029f1  __aeabi_fmul                  
00002541  __aeabi_fsub                  
0000375d  __aeabi_i2d                   
0000341d  __aeabi_i2f                   
000030f1  __aeabi_idiv                  
000016b7  __aeabi_idiv0                 
000030f1  __aeabi_idivmod               
000028bb  __aeabi_ldiv0                 
00003899  __aeabi_llsl                  
00003851  __aeabi_lmul                  
00003b29  __aeabi_memcpy                
00003b29  __aeabi_memcpy4               
00003b29  __aeabi_memcpy8               
00003a15  __aeabi_memset                
00003a15  __aeabi_memset4               
00003a15  __aeabi_memset8               
00003801  __aeabi_ui2f                  
0000335d  __aeabi_uidiv                 
0000335d  __aeabi_uidivmod              
00003959  __aeabi_uldivmod              
00003899  __ashldi3                     
ffffffff  __binit__                     
00002df5  __cmpdf2                      
000034d1  __cmpsf2                      
00001dc9  __divdf3                      
00002c0d  __divsf3                      
00002df5  __eqdf2                       
000034d1  __eqsf2                       
0000339d  __extendsfdf2                 
00003289  __fixdfsi                     
00003581  __fixsfsi                     
0000375d  __floatsidf                   
0000341d  __floatsisf                   
00003801  __floatunsisf                 
00002d0d  __gedf2                       
00003459  __gesf2                       
00002d0d  __gtdf2                       
00003459  __gtsf2                       
00002df5  __ledf2                       
000034d1  __lesf2                       
00002df5  __ltdf2                       
000034d1  __ltsf2                       
UNDEFED   __mpu_init                    
00002385  __muldf3                      
00003851  __muldi3                      
0000350d  __muldsi3                     
000029f1  __mulsf3                      
00002df5  __nedf2                       
000034d1  __nesf2                       
20207e00  __stack                       
20200000  __start___llvm_prf_bits       
20200000  __start___llvm_prf_cnts       
20200000  __stop___llvm_prf_bits        
20200000  __stop___llvm_prf_cnts        
00001525  __subdf3                      
00002541  __subsf3                      
00002d81  __truncdfsf2                  
000028bd  __udivmoddi4                  
00003829  _c_int00_noargs               
UNDEFED   _system_post_cinit            
00003b43  _system_pre_init              
00003b31  abort                         
000033dd  atoi                          
ffffffff  binit                         
00002f8d  frexp                         
00002f8d  frexpl                        
00000000  interruptVectors              
00002469  ldexp                         
00002469  ldexpl                        
00001cb1  main                          
00003875  memccpy                       
00002469  scalbn                        
00002469  scalbnl                       
0000323d  snprintf                      
000039f5  wcslen                        


GLOBAL SYMBOLS: SORTED BY Symbol Address 

address   name                          
-------   ----                          
00000000  __TI_ATRegion0_region_sz      
00000000  __TI_ATRegion0_src_addr       
00000000  __TI_ATRegion0_trg_addr       
00000000  __TI_ATRegion1_region_sz      
00000000  __TI_ATRegion1_src_addr       
00000000  __TI_ATRegion1_trg_addr       
00000000  __TI_ATRegion2_region_sz      
00000000  __TI_ATRegion2_src_addr       
00000000  __TI_ATRegion2_trg_addr       
00000000  __TI_static_base__            
00000000  interruptVectors              
000000c1  __TI_printfi                  
00000200  __STACK_SIZE                  
00000a91  OutputLCDMenu                 
00000fb5  ClockInitialization_80MHz     
0000137d  LCD_DrawChar                  
00001525  __aeabi_dsub                  
00001525  __subdf3                      
0000152f  __adddf3                      
0000152f  __aeabi_dadd                  
000016b7  __aeabi_idiv0                 
000016b9  InitializeUART                
000017fd  ClockInitialization_40MHz     
00001b99  LCD_FillRect                  
00001cb1  main                          
00001dc9  __aeabi_ddiv                  
00001dc9  __divdf3                      
00001ed5  ADC1_Init                     
00001fd1  ADC0_Init                     
000020c5  UpdateReadFeedback            
000022a1  InitializeSPI                 
00002385  __aeabi_dmul                  
00002385  __muldf3                      
00002469  ldexp                         
00002469  ldexpl                        
00002469  scalbn                        
00002469  scalbnl                       
00002541  __aeabi_fsub                  
00002541  __subsf3                      
0000254b  __addsf3                      
0000254b  __aeabi_fadd                  
00002619  ClockInitialization_4MHz_32MHz
000026d1  InitializeBoosterpack         
00002775  UpdateWriteControl            
000028bb  __aeabi_ldiv0                 
000028bd  __udivmoddi4                  
000029f1  __aeabi_fmul                  
000029f1  __mulsf3                      
00002b05  LCD_DrawString                
00002c0d  __aeabi_fdiv                  
00002c0d  __divsf3                      
00002c91  __TI_decompress_lzss          
00002d0d  __gedf2                       
00002d0d  __gtdf2                       
00002d81  __aeabi_d2f                   
00002d81  __truncdfsf2                  
00002df5  __cmpdf2                      
00002df5  __eqdf2                       
00002df5  __ledf2                       
00002df5  __ltdf2                       
00002df5  __nedf2                       
00002ec5  __aeabi_dcmpeq                
00002ed9  __aeabi_dcmplt                
00002eed  __aeabi_dcmple                
00002f01  __aeabi_dcmpge                
00002f15  __aeabi_dcmpgt                
00002f29  __aeabi_fcmpeq                
00002f3d  __aeabi_fcmplt                
00002f51  __aeabi_fcmple                
00002f65  __aeabi_fcmpge                
00002f79  __aeabi_fcmpgt                
00002f8d  frexp                         
00002f8d  frexpl                        
00002fe9  CPUCyclesPer1us               
00003041  __TI_ltoa                     
000030f1  __aeabi_idiv                  
000030f1  __aeabi_idivmod               
00003149  ConvertToCurrent              
000031f1  UART_WriteControl             
0000323d  snprintf                      
00003289  __aeabi_d2iz                  
00003289  __fixdfsi                     
000032d5  ADC0_In                       
00003319  ADC1_In                       
0000335d  __aeabi_uidiv                 
0000335d  __aeabi_uidivmod              
0000339d  __aeabi_f2d                   
0000339d  __extendsfdf2                 
000033dd  atoi                          
0000341d  __aeabi_i2f                   
0000341d  __floatsisf                   
00003459  __gesf2                       
00003459  __gtsf2                       
00003495  __TI_auto_init_nobinit_nopinit
000034d1  __cmpsf2                      
000034d1  __eqsf2                       
000034d1  __lesf2                       
000034d1  __ltsf2                       
000034d1  __nesf2                       
0000350d  __muldsi3                     
00003549  ActivatePortAandB             
00003581  __aeabi_f2iz                  
00003581  __fixsfsi                     
000035b9  LCD_SetCursor                 
000035ed  NextStateTable                
0000361d  SPISendByte                   
000036ad  ClockDelay_1ms                
000036d9  GetUserInput                  
00003705  LCD_FillScreen                
0000375d  __aeabi_i2d                   
0000375d  __floatsidf                   
00003789  Group1CallbackFunction        
00003801  __aeabi_ui2f                  
00003801  __floatunsisf                 
00003829  _c_int00_noargs               
00003851  __aeabi_lmul                  
00003851  __muldi3                      
00003875  memccpy                       
00003899  __aeabi_llsl                  
00003899  __ashldi3                     
000038d5  CPUCyclesPer1ms               
00003905  __TI_zero_init_nomemset       
0000391d  BP_TurnOffBlueLED             
00003931  BP_TurnOffGreenLED            
00003945  LCD_SetTextColor              
00003959  __aeabi_uldivmod              
00003981  TI_memcpy_small               
00003993  __TI_decompress_none          
000039a5  BP_TurnOffRedLED              
000039b5  ClockDelay                    
000039c5  GROUP1_IRQHandler             
000039d5  TIMG6_IRQHandler              
000039e5  TIMG8_IRQHandler              
000039f5  wcslen                        
00003a05  Default_Callback              
00003a15  __aeabi_memset                
00003a15  __aeabi_memset4               
00003a15  __aeabi_memset8               
00003a31  TI_memset_small               
00003a3f  LCD_Init                      
00003a6f  ADC0_IRQHandler               
00003a77  ADC1_IRQHandler               
00003a7f  AES_IRQHandler                
00003a87  CANFD0_IRQHandler             
00003a8f  DAC0_IRQHandler               
00003a97  DMA_IRQHandler                
00003a9f  Error_Handler                 
00003aa7  GROUP0_IRQHandler             
00003aaf  I2C0_IRQHandler               
00003ab7  I2C1_IRQHandler               
00003abf  RTC_IRQHandler                
00003ac7  SPI0_IRQHandler               
00003acf  SPI1_IRQHandler               
00003ad7  TIMA0_IRQHandler              
00003adf  TIMA1_IRQHandler              
00003ae7  TIMG0_IRQHandler              
00003aef  TIMG12_IRQHandler             
00003af7  TIMG7_IRQHandler              
00003aff  UART0_IRQHandler              
00003b07  UART1_IRQHandler              
00003b0f  UART2_IRQHandler              
00003b17  UART3_IRQHandler              
00003b21  __aeabi_errno_addr            
00003b29  __aeabi_memcpy                
00003b29  __aeabi_memcpy4               
00003b29  __aeabi_memcpy8               
00003b31  abort                         
00003b37  Default_Handler               
00003b37  HardFault_Handler             
00003b37  NMI_Handler                   
00003b37  PendSV_Handler                
00003b37  SVC_Handler                   
00003b37  SysTick_Handler               
00003b3a  C$$EXIT                       
00003b3b  HOSTexit                      
00003b3f  Reset_Handler                 
00003b43  _system_pre_init              
00004050  __aeabi_ctype_table_          
00004050  __aeabi_ctype_table_C         
0000427e  TransitionTable               
000042b8  __TI_Handler_Table_Base       
000042c4  __TI_Handler_Table_Limit      
000042cc  __TI_CINIT_Base               
000042dc  __TI_CINIT_Limit              
000042dc  __TI_CINIT_Warm               
20200000  FeedbackReceiveBuffer         
20200000  __start___llvm_prf_bits       
20200000  __start___llvm_prf_cnts       
20200000  __stop___llvm_prf_bits        
20200000  __stop___llvm_prf_cnts        
20200024  RobotPacket                   
20200044  LaunchpadPacket               
20200048  UART0_Config                  
2020005c  Group1                        
20200064  TimerG6                       
2020006c  TimerG8                       
20200074  ClockFrequency                
20200078  StX                           
2020007c  StY                           
20200080  __aeabi_errno                 
20200084  StTextColor                   
20207e00  __stack                       
20208000  __STACK_END                   
ffffffff  __TI_pprof_out_hndl           
ffffffff  __TI_prof_data_size           
ffffffff  __TI_prof_data_start          
ffffffff  __binit__                     
ffffffff  binit                         
UNDEFED   __mpu_init                    
UNDEFED   _system_post_cinit            

[210 symbols]
