<?xml version="1.0" encoding="ISO-8859-1" ?>
<link_info>
   <banner>TI ARM Clang Linker Unix v4.0.4.LTS</banner>
   <copyright>Copyright (c) 1996-2018 Texas Instruments Incorporated</copyright>
   <command_line>/opt/ti/ccs2040/ccs/tools/compiler/ti-cgt-armllvm_4.0.4.LTS/bin/tiarmlnk -I/opt/ti/ccs2040/ccs/tools/compiler/ti-cgt-armllvm_4.0.4.LTS/lib -o robot.out -mrobot.map -i/home/diana/ti/mspm0_sdk_2_10_00_04/source -i/home/diana/workspace_ccstheia/ece3430-final/robot -i/opt/ti/ccs2040/ccs/tools/compiler/ti-cgt-armllvm_4.0.4.LTS/lib --diag_wrap=off --display_error_number --warn_sections --xml_link_info=robot_linkInfo.xml --rom_model ./bno055.o ./hcsr04.o ./main.o ./motors.o ./startup_mspm0g350x_ticlang.o ./ti_msp_dl_config.o ./LP_MSPM0G3507/LCD.o ./LP_MSPM0G3507/MKII.o ./LP_MSPM0G3507/SPI.o ./LP_MSPM0G3507/bsp.o ./LP_MSPM0G3507/clock.o ./LP_MSPM0G3507/i2c.o ./LP_MSPM0G3507/mspm0g350x_int.o ./LP_MSPM0G3507/opt3001.o ./LP_MSPM0G3507/scheduler.o ./LP_MSPM0G3507/timer.o ./LP_MSPM0G3507/tmp006.o ./LP_MSPM0G3507/uart.o ../mspm0g3507.cmd -l/home/diana/ti/mspm0_sdk_2_10_00_04/source/ti/driverlib/lib/ticlang/m0p/mspm0g1x0x_g3x0x/driverlib.a -llibc.a --start-group -llibc++.a -llibc++abi.a -llibc.a -llibsys.a -llibsysbm.a -llibclang_rt.builtins.a -llibclang_rt.profile.a --end-group --cg_opt_level=2</command_line>
   <link_time>0x69fd3f28</link_time>
   <link_errors>0x0</link_errors>
   <output_file>/home/diana/workspace_ccstheia/ece3430-final/robot/Debug/robot.out</output_file>
   <entry_point>
      <name>_c_int00_noargs</name>
      <address>0x1691</address>
   </entry_point>
   <input_file_list>
      <input_file id="fl-1">
         <path>/home/diana/workspace_ccstheia/ece3430-final/robot/Debug/./</path>
         <kind>object</kind>
         <file>bno055.o</file>
         <name>bno055.o</name>
      </input_file>
      <input_file id="fl-2">
         <path>/home/diana/workspace_ccstheia/ece3430-final/robot/Debug/./</path>
         <kind>object</kind>
         <file>hcsr04.o</file>
         <name>hcsr04.o</name>
      </input_file>
      <input_file id="fl-3">
         <path>/home/diana/workspace_ccstheia/ece3430-final/robot/Debug/./</path>
         <kind>object</kind>
         <file>main.o</file>
         <name>main.o</name>
      </input_file>
      <input_file id="fl-4">
         <path>/home/diana/workspace_ccstheia/ece3430-final/robot/Debug/./</path>
         <kind>object</kind>
         <file>motors.o</file>
         <name>motors.o</name>
      </input_file>
      <input_file id="fl-5">
         <path>/home/diana/workspace_ccstheia/ece3430-final/robot/Debug/./</path>
         <kind>object</kind>
         <file>startup_mspm0g350x_ticlang.o</file>
         <name>startup_mspm0g350x_ticlang.o</name>
      </input_file>
      <input_file id="fl-6">
         <path>/home/diana/workspace_ccstheia/ece3430-final/robot/Debug/./</path>
         <kind>object</kind>
         <file>ti_msp_dl_config.o</file>
         <name>ti_msp_dl_config.o</name>
      </input_file>
      <input_file id="fl-7">
         <path>/home/diana/workspace_ccstheia/ece3430-final/robot/Debug/./LP_MSPM0G3507/</path>
         <kind>object</kind>
         <file>LCD.o</file>
         <name>LCD.o</name>
      </input_file>
      <input_file id="fl-8">
         <path>/home/diana/workspace_ccstheia/ece3430-final/robot/Debug/./LP_MSPM0G3507/</path>
         <kind>object</kind>
         <file>MKII.o</file>
         <name>MKII.o</name>
      </input_file>
      <input_file id="fl-9">
         <path>/home/diana/workspace_ccstheia/ece3430-final/robot/Debug/./LP_MSPM0G3507/</path>
         <kind>object</kind>
         <file>SPI.o</file>
         <name>SPI.o</name>
      </input_file>
      <input_file id="fl-a">
         <path>/home/diana/workspace_ccstheia/ece3430-final/robot/Debug/./LP_MSPM0G3507/</path>
         <kind>object</kind>
         <file>bsp.o</file>
         <name>bsp.o</name>
      </input_file>
      <input_file id="fl-b">
         <path>/home/diana/workspace_ccstheia/ece3430-final/robot/Debug/./LP_MSPM0G3507/</path>
         <kind>object</kind>
         <file>clock.o</file>
         <name>clock.o</name>
      </input_file>
      <input_file id="fl-c">
         <path>/home/diana/workspace_ccstheia/ece3430-final/robot/Debug/./LP_MSPM0G3507/</path>
         <kind>object</kind>
         <file>i2c.o</file>
         <name>i2c.o</name>
      </input_file>
      <input_file id="fl-d">
         <path>/home/diana/workspace_ccstheia/ece3430-final/robot/Debug/./LP_MSPM0G3507/</path>
         <kind>object</kind>
         <file>mspm0g350x_int.o</file>
         <name>mspm0g350x_int.o</name>
      </input_file>
      <input_file id="fl-e">
         <path>/home/diana/workspace_ccstheia/ece3430-final/robot/Debug/./LP_MSPM0G3507/</path>
         <kind>object</kind>
         <file>opt3001.o</file>
         <name>opt3001.o</name>
      </input_file>
      <input_file id="fl-f">
         <path>/home/diana/workspace_ccstheia/ece3430-final/robot/Debug/./LP_MSPM0G3507/</path>
         <kind>object</kind>
         <file>scheduler.o</file>
         <name>scheduler.o</name>
      </input_file>
      <input_file id="fl-10">
         <path>/home/diana/workspace_ccstheia/ece3430-final/robot/Debug/./LP_MSPM0G3507/</path>
         <kind>object</kind>
         <file>timer.o</file>
         <name>timer.o</name>
      </input_file>
      <input_file id="fl-11">
         <path>/home/diana/workspace_ccstheia/ece3430-final/robot/Debug/./LP_MSPM0G3507/</path>
         <kind>object</kind>
         <file>tmp006.o</file>
         <name>tmp006.o</name>
      </input_file>
      <input_file id="fl-12">
         <path>/home/diana/workspace_ccstheia/ece3430-final/robot/Debug/./LP_MSPM0G3507/</path>
         <kind>object</kind>
         <file>uart.o</file>
         <name>uart.o</name>
      </input_file>
      <input_file id="fl-1e">
         <path>/home/diana/workspace_ccstheia/ece3430-final/robot/Debug/</path>
         <kind>object</kind>
         <file>&lt;internal&gt;</file>
         <name>&lt;internal&gt;</name>
      </input_file>
      <input_file id="fl-1f">
         <path>/home/diana/ti/mspm0_sdk_2_10_00_04/source/ti/driverlib/lib/ticlang/m0p/mspm0g1x0x_g3x0x/</path>
         <kind>archive</kind>
         <file>driverlib.a</file>
         <name>dl_common.o</name>
      </input_file>
      <input_file id="fl-36">
         <path>/opt/ti/ccs2040/ccs/tools/compiler/ti-cgt-armllvm_4.0.4.LTS/lib/armv6m-ti-none-eabi/c/</path>
         <kind>archive</kind>
         <file>libc.a</file>
         <name>e_sqrt.c.obj</name>
      </input_file>
      <input_file id="fl-37">
         <path>/opt/ti/ccs2040/ccs/tools/compiler/ti-cgt-armllvm_4.0.4.LTS/lib/armv6m-ti-none-eabi/c/</path>
         <kind>archive</kind>
         <file>libc.a</file>
         <name>aeabi_portable.c.obj</name>
      </input_file>
      <input_file id="fl-38">
         <path>/opt/ti/ccs2040/ccs/tools/compiler/ti-cgt-armllvm_4.0.4.LTS/lib/armv6m-ti-none-eabi/c/</path>
         <kind>archive</kind>
         <file>libc.a</file>
         <name>assert.c.obj</name>
      </input_file>
      <input_file id="fl-39">
         <path>/opt/ti/ccs2040/ccs/tools/compiler/ti-cgt-armllvm_4.0.4.LTS/lib/armv6m-ti-none-eabi/c/</path>
         <kind>archive</kind>
         <file>libc.a</file>
         <name>defs.c.obj</name>
      </input_file>
      <input_file id="fl-3a">
         <path>/opt/ti/ccs2040/ccs/tools/compiler/ti-cgt-armllvm_4.0.4.LTS/lib/armv6m-ti-none-eabi/c/</path>
         <kind>archive</kind>
         <file>libc.a</file>
         <name>memory.c.obj</name>
      </input_file>
      <input_file id="fl-3b">
         <path>/opt/ti/ccs2040/ccs/tools/compiler/ti-cgt-armllvm_4.0.4.LTS/lib/armv6m-ti-none-eabi/c/</path>
         <kind>archive</kind>
         <file>libc.a</file>
         <name>copy_zero_init.c.obj</name>
      </input_file>
      <input_file id="fl-3c">
         <path>/opt/ti/ccs2040/ccs/tools/compiler/ti-cgt-armllvm_4.0.4.LTS/lib/armv6m-ti-none-eabi/c/</path>
         <kind>archive</kind>
         <file>libc.a</file>
         <name>copy_decompress_none.c.obj</name>
      </input_file>
      <input_file id="fl-3d">
         <path>/opt/ti/ccs2040/ccs/tools/compiler/ti-cgt-armllvm_4.0.4.LTS/lib/armv6m-ti-none-eabi/c/</path>
         <kind>archive</kind>
         <file>libc.a</file>
         <name>copy_decompress_lzss.c.obj</name>
      </input_file>
      <input_file id="fl-3e">
         <path>/opt/ti/ccs2040/ccs/tools/compiler/ti-cgt-armllvm_4.0.4.LTS/lib/armv6m-ti-none-eabi/c/</path>
         <kind>archive</kind>
         <file>libc.a</file>
         <name>boot_cortex_m.c.obj</name>
      </input_file>
      <input_file id="fl-3f">
         <path>/opt/ti/ccs2040/ccs/tools/compiler/ti-cgt-armllvm_4.0.4.LTS/lib/armv6m-ti-none-eabi/c/</path>
         <kind>archive</kind>
         <file>libc.a</file>
         <name>mathacl_init.c.obj</name>
      </input_file>
      <input_file id="fl-40">
         <path>/opt/ti/ccs2040/ccs/tools/compiler/ti-cgt-armllvm_4.0.4.LTS/lib/armv6m-ti-none-eabi/c/</path>
         <kind>archive</kind>
         <file>libc.a</file>
         <name>sprintf.c.obj</name>
      </input_file>
      <input_file id="fl-41">
         <path>/opt/ti/ccs2040/ccs/tools/compiler/ti-cgt-armllvm_4.0.4.LTS/lib/armv6m-ti-none-eabi/c/</path>
         <kind>archive</kind>
         <file>libc.a</file>
         <name>fflush.c.obj</name>
      </input_file>
      <input_file id="fl-42">
         <path>/opt/ti/ccs2040/ccs/tools/compiler/ti-cgt-armllvm_4.0.4.LTS/lib/armv6m-ti-none-eabi/c/</path>
         <kind>archive</kind>
         <file>libc.a</file>
         <name>fputs.c.obj</name>
      </input_file>
      <input_file id="fl-43">
         <path>/opt/ti/ccs2040/ccs/tools/compiler/ti-cgt-armllvm_4.0.4.LTS/lib/armv6m-ti-none-eabi/c/</path>
         <kind>archive</kind>
         <file>libc.a</file>
         <name>_io_perm.c.obj</name>
      </input_file>
      <input_file id="fl-44">
         <path>/opt/ti/ccs2040/ccs/tools/compiler/ti-cgt-armllvm_4.0.4.LTS/lib/armv6m-ti-none-eabi/c/</path>
         <kind>archive</kind>
         <file>libc.a</file>
         <name>setvbuf.c.obj</name>
      </input_file>
      <input_file id="fl-45">
         <path>/opt/ti/ccs2040/ccs/tools/compiler/ti-cgt-armllvm_4.0.4.LTS/lib/armv6m-ti-none-eabi/c/</path>
         <kind>archive</kind>
         <file>libc.a</file>
         <name>exit.c.obj</name>
      </input_file>
      <input_file id="fl-46">
         <path>/opt/ti/ccs2040/ccs/tools/compiler/ti-cgt-armllvm_4.0.4.LTS/lib/armv6m-ti-none-eabi/c/</path>
         <kind>archive</kind>
         <file>libc.a</file>
         <name>_lock.c.obj</name>
      </input_file>
      <input_file id="fl-47">
         <path>/opt/ti/ccs2040/ccs/tools/compiler/ti-cgt-armllvm_4.0.4.LTS/lib/armv6m-ti-none-eabi/c/</path>
         <kind>archive</kind>
         <file>libc.a</file>
         <name>args_main.c.obj</name>
      </input_file>
      <input_file id="fl-48">
         <path>/opt/ti/ccs2040/ccs/tools/compiler/ti-cgt-armllvm_4.0.4.LTS/lib/armv6m-ti-none-eabi/c/</path>
         <kind>archive</kind>
         <file>libc.a</file>
         <name>autoinit.c.obj</name>
      </input_file>
      <input_file id="fl-49">
         <path>/opt/ti/ccs2040/ccs/tools/compiler/ti-cgt-armllvm_4.0.4.LTS/lib/armv6m-ti-none-eabi/c/</path>
         <kind>archive</kind>
         <file>libc.a</file>
         <name>pre_init.c.obj</name>
      </input_file>
      <input_file id="fl-4a">
         <path>/opt/ti/ccs2040/ccs/tools/compiler/ti-cgt-armllvm_4.0.4.LTS/lib/armv6m-ti-none-eabi/c/</path>
         <kind>archive</kind>
         <file>libc.a</file>
         <name>cpy_tbl.c.obj</name>
      </input_file>
      <input_file id="fl-4b">
         <path>/opt/ti/ccs2040/ccs/tools/compiler/ti-cgt-armllvm_4.0.4.LTS/lib/armv6m-ti-none-eabi/c/</path>
         <kind>archive</kind>
         <file>libc.a</file>
         <name>_printfi.c.obj</name>
      </input_file>
      <input_file id="fl-4c">
         <path>/opt/ti/ccs2040/ccs/tools/compiler/ti-cgt-armllvm_4.0.4.LTS/lib/armv6m-ti-none-eabi/c/</path>
         <kind>archive</kind>
         <file>libc.a</file>
         <name>fopen.c.obj</name>
      </input_file>
      <input_file id="fl-4d">
         <path>/opt/ti/ccs2040/ccs/tools/compiler/ti-cgt-armllvm_4.0.4.LTS/lib/armv6m-ti-none-eabi/c/</path>
         <kind>archive</kind>
         <file>libc.a</file>
         <name>fseek.c.obj</name>
      </input_file>
      <input_file id="fl-4e">
         <path>/opt/ti/ccs2040/ccs/tools/compiler/ti-cgt-armllvm_4.0.4.LTS/lib/armv6m-ti-none-eabi/c/</path>
         <kind>archive</kind>
         <file>libc.a</file>
         <name>s_frexp.c.obj</name>
      </input_file>
      <input_file id="fl-4f">
         <path>/opt/ti/ccs2040/ccs/tools/compiler/ti-cgt-armllvm_4.0.4.LTS/lib/armv6m-ti-none-eabi/c/</path>
         <kind>archive</kind>
         <file>libc.a</file>
         <name>s_scalbn.c.obj</name>
      </input_file>
      <input_file id="fl-50">
         <path>/opt/ti/ccs2040/ccs/tools/compiler/ti-cgt-armllvm_4.0.4.LTS/lib/armv6m-ti-none-eabi/c/</path>
         <kind>archive</kind>
         <file>libc.a</file>
         <name>wcslen.c.obj</name>
      </input_file>
      <input_file id="fl-51">
         <path>/opt/ti/ccs2040/ccs/tools/compiler/ti-cgt-armllvm_4.0.4.LTS/lib/armv6m-ti-none-eabi/c/</path>
         <kind>archive</kind>
         <file>libc.a</file>
         <name>_ltoa.c.obj</name>
      </input_file>
      <input_file id="fl-52">
         <path>/opt/ti/ccs2040/ccs/tools/compiler/ti-cgt-armllvm_4.0.4.LTS/lib/armv6m-ti-none-eabi/c/</path>
         <kind>archive</kind>
         <file>libc.a</file>
         <name>atoi.c.obj</name>
      </input_file>
      <input_file id="fl-53">
         <path>/opt/ti/ccs2040/ccs/tools/compiler/ti-cgt-armllvm_4.0.4.LTS/lib/armv6m-ti-none-eabi/c/</path>
         <kind>archive</kind>
         <file>libc.a</file>
         <name>memccpy.c.obj</name>
      </input_file>
      <input_file id="fl-54">
         <path>/opt/ti/ccs2040/ccs/tools/compiler/ti-cgt-armllvm_4.0.4.LTS/lib/armv6m-ti-none-eabi/c/</path>
         <kind>archive</kind>
         <file>libc.a</file>
         <name>fclose.c.obj</name>
      </input_file>
      <input_file id="fl-55">
         <path>/opt/ti/ccs2040/ccs/tools/compiler/ti-cgt-armllvm_4.0.4.LTS/lib/armv6m-ti-none-eabi/c/</path>
         <kind>archive</kind>
         <file>libc.a</file>
         <name>aeabi_ctype.S.obj</name>
      </input_file>
      <input_file id="fl-f5">
         <path>/opt/ti/ccs2040/ccs/tools/compiler/ti-cgt-armllvm_4.0.4.LTS/lib/armv6m-ti-none-eabi/c/</path>
         <kind>archive</kind>
         <file>libsysbm.a</file>
         <name>hostexit.c.obj</name>
      </input_file>
      <input_file id="fl-f6">
         <path>/opt/ti/ccs2040/ccs/tools/compiler/ti-cgt-armllvm_4.0.4.LTS/lib/armv6m-ti-none-eabi/c/</path>
         <kind>archive</kind>
         <file>libsysbm.a</file>
         <name>write.c.obj</name>
      </input_file>
      <input_file id="fl-f7">
         <path>/opt/ti/ccs2040/ccs/tools/compiler/ti-cgt-armllvm_4.0.4.LTS/lib/armv6m-ti-none-eabi/c/</path>
         <kind>archive</kind>
         <file>libsysbm.a</file>
         <name>host_device.c.obj</name>
      </input_file>
      <input_file id="fl-f8">
         <path>/opt/ti/ccs2040/ccs/tools/compiler/ti-cgt-armllvm_4.0.4.LTS/lib/armv6m-ti-none-eabi/c/</path>
         <kind>archive</kind>
         <file>libsysbm.a</file>
         <name>remove.c.obj</name>
      </input_file>
      <input_file id="fl-f9">
         <path>/opt/ti/ccs2040/ccs/tools/compiler/ti-cgt-armllvm_4.0.4.LTS/lib/armv6m-ti-none-eabi/c/</path>
         <kind>archive</kind>
         <file>libsysbm.a</file>
         <name>open.c.obj</name>
      </input_file>
      <input_file id="fl-fa">
         <path>/opt/ti/ccs2040/ccs/tools/compiler/ti-cgt-armllvm_4.0.4.LTS/lib/armv6m-ti-none-eabi/c/</path>
         <kind>archive</kind>
         <file>libsysbm.a</file>
         <name>lseek.c.obj</name>
      </input_file>
      <input_file id="fl-fb">
         <path>/opt/ti/ccs2040/ccs/tools/compiler/ti-cgt-armllvm_4.0.4.LTS/lib/armv6m-ti-none-eabi/c/</path>
         <kind>archive</kind>
         <file>libsysbm.a</file>
         <name>close.c.obj</name>
      </input_file>
      <input_file id="fl-fc">
         <path>/opt/ti/ccs2040/ccs/tools/compiler/ti-cgt-armllvm_4.0.4.LTS/lib/armv6m-ti-none-eabi/c/</path>
         <kind>archive</kind>
         <file>libsysbm.a</file>
         <name>unlink.c.obj</name>
      </input_file>
      <input_file id="fl-fd">
         <path>/opt/ti/ccs2040/ccs/tools/compiler/ti-cgt-armllvm_4.0.4.LTS/lib/armv6m-ti-none-eabi/c/</path>
         <kind>archive</kind>
         <file>libsysbm.a</file>
         <name>hostclose.c.obj</name>
      </input_file>
      <input_file id="fl-fe">
         <path>/opt/ti/ccs2040/ccs/tools/compiler/ti-cgt-armllvm_4.0.4.LTS/lib/armv6m-ti-none-eabi/c/</path>
         <kind>archive</kind>
         <file>libsysbm.a</file>
         <name>hostlseek.c.obj</name>
      </input_file>
      <input_file id="fl-ff">
         <path>/opt/ti/ccs2040/ccs/tools/compiler/ti-cgt-armllvm_4.0.4.LTS/lib/armv6m-ti-none-eabi/c/</path>
         <kind>archive</kind>
         <file>libsysbm.a</file>
         <name>hostopen.c.obj</name>
      </input_file>
      <input_file id="fl-100">
         <path>/opt/ti/ccs2040/ccs/tools/compiler/ti-cgt-armllvm_4.0.4.LTS/lib/armv6m-ti-none-eabi/c/</path>
         <kind>archive</kind>
         <file>libsysbm.a</file>
         <name>hostread.c.obj</name>
      </input_file>
      <input_file id="fl-101">
         <path>/opt/ti/ccs2040/ccs/tools/compiler/ti-cgt-armllvm_4.0.4.LTS/lib/armv6m-ti-none-eabi/c/</path>
         <kind>archive</kind>
         <file>libsysbm.a</file>
         <name>hostrename.c.obj</name>
      </input_file>
      <input_file id="fl-102">
         <path>/opt/ti/ccs2040/ccs/tools/compiler/ti-cgt-armllvm_4.0.4.LTS/lib/armv6m-ti-none-eabi/c/</path>
         <kind>archive</kind>
         <file>libsysbm.a</file>
         <name>hostunlink.c.obj</name>
      </input_file>
      <input_file id="fl-103">
         <path>/opt/ti/ccs2040/ccs/tools/compiler/ti-cgt-armllvm_4.0.4.LTS/lib/armv6m-ti-none-eabi/c/</path>
         <kind>archive</kind>
         <file>libsysbm.a</file>
         <name>hostwrite.c.obj</name>
      </input_file>
      <input_file id="fl-104">
         <path>/opt/ti/ccs2040/ccs/tools/compiler/ti-cgt-armllvm_4.0.4.LTS/lib/armv6m-ti-none-eabi/c/</path>
         <kind>archive</kind>
         <file>libsysbm.a</file>
         <name>trgmsg.c.obj</name>
      </input_file>
      <input_file id="fl-105">
         <path>/opt/ti/ccs2040/ccs/tools/compiler/ti-cgt-armllvm_4.0.4.LTS/lib/armv6m-ti-none-eabi/</path>
         <kind>archive</kind>
         <file>libclang_rt.builtins.a</file>
         <name>adddf3.S.obj</name>
      </input_file>
      <input_file id="fl-106">
         <path>/opt/ti/ccs2040/ccs/tools/compiler/ti-cgt-armllvm_4.0.4.LTS/lib/armv6m-ti-none-eabi/</path>
         <kind>archive</kind>
         <file>libclang_rt.builtins.a</file>
         <name>muldf3.S.obj</name>
      </input_file>
      <input_file id="fl-107">
         <path>/opt/ti/ccs2040/ccs/tools/compiler/ti-cgt-armllvm_4.0.4.LTS/lib/armv6m-ti-none-eabi/</path>
         <kind>archive</kind>
         <file>libclang_rt.builtins.a</file>
         <name>muldsi3.S.obj</name>
      </input_file>
      <input_file id="fl-108">
         <path>/opt/ti/ccs2040/ccs/tools/compiler/ti-cgt-armllvm_4.0.4.LTS/lib/armv6m-ti-none-eabi/</path>
         <kind>archive</kind>
         <file>libclang_rt.builtins.a</file>
         <name>divdf3.S.obj</name>
      </input_file>
      <input_file id="fl-109">
         <path>/opt/ti/ccs2040/ccs/tools/compiler/ti-cgt-armllvm_4.0.4.LTS/lib/armv6m-ti-none-eabi/</path>
         <kind>archive</kind>
         <file>libclang_rt.builtins.a</file>
         <name>fixdfsi.S.obj</name>
      </input_file>
      <input_file id="fl-10a">
         <path>/opt/ti/ccs2040/ccs/tools/compiler/ti-cgt-armllvm_4.0.4.LTS/lib/armv6m-ti-none-eabi/</path>
         <kind>archive</kind>
         <file>libclang_rt.builtins.a</file>
         <name>floatsidf.S.obj</name>
      </input_file>
      <input_file id="fl-10b">
         <path>/opt/ti/ccs2040/ccs/tools/compiler/ti-cgt-armllvm_4.0.4.LTS/lib/armv6m-ti-none-eabi/</path>
         <kind>archive</kind>
         <file>libclang_rt.builtins.a</file>
         <name>floatsisf.S.obj</name>
      </input_file>
      <input_file id="fl-10c">
         <path>/opt/ti/ccs2040/ccs/tools/compiler/ti-cgt-armllvm_4.0.4.LTS/lib/armv6m-ti-none-eabi/</path>
         <kind>archive</kind>
         <file>libclang_rt.builtins.a</file>
         <name>floatunsidf.S.obj</name>
      </input_file>
      <input_file id="fl-10d">
         <path>/opt/ti/ccs2040/ccs/tools/compiler/ti-cgt-armllvm_4.0.4.LTS/lib/armv6m-ti-none-eabi/</path>
         <kind>archive</kind>
         <file>libclang_rt.builtins.a</file>
         <name>muldi3.S.obj</name>
      </input_file>
      <input_file id="fl-10e">
         <path>/opt/ti/ccs2040/ccs/tools/compiler/ti-cgt-armllvm_4.0.4.LTS/lib/armv6m-ti-none-eabi/</path>
         <kind>archive</kind>
         <file>libclang_rt.builtins.a</file>
         <name>truncdfsf2.S.obj</name>
      </input_file>
      <input_file id="fl-10f">
         <path>/opt/ti/ccs2040/ccs/tools/compiler/ti-cgt-armllvm_4.0.4.LTS/lib/armv6m-ti-none-eabi/</path>
         <kind>archive</kind>
         <file>libclang_rt.builtins.a</file>
         <name>aeabi_dcmp.S.obj</name>
      </input_file>
      <input_file id="fl-110">
         <path>/opt/ti/ccs2040/ccs/tools/compiler/ti-cgt-armllvm_4.0.4.LTS/lib/armv6m-ti-none-eabi/</path>
         <kind>archive</kind>
         <file>libclang_rt.builtins.a</file>
         <name>aeabi_idivmod.S.obj</name>
      </input_file>
      <input_file id="fl-111">
         <path>/opt/ti/ccs2040/ccs/tools/compiler/ti-cgt-armllvm_4.0.4.LTS/lib/armv6m-ti-none-eabi/</path>
         <kind>archive</kind>
         <file>libclang_rt.builtins.a</file>
         <name>aeabi_memcpy.S.obj</name>
      </input_file>
      <input_file id="fl-112">
         <path>/opt/ti/ccs2040/ccs/tools/compiler/ti-cgt-armllvm_4.0.4.LTS/lib/armv6m-ti-none-eabi/</path>
         <kind>archive</kind>
         <file>libclang_rt.builtins.a</file>
         <name>aeabi_memset.S.obj</name>
      </input_file>
      <input_file id="fl-113">
         <path>/opt/ti/ccs2040/ccs/tools/compiler/ti-cgt-armllvm_4.0.4.LTS/lib/armv6m-ti-none-eabi/</path>
         <kind>archive</kind>
         <file>libclang_rt.builtins.a</file>
         <name>aeabi_uidivmod.S.obj</name>
      </input_file>
      <input_file id="fl-114">
         <path>/opt/ti/ccs2040/ccs/tools/compiler/ti-cgt-armllvm_4.0.4.LTS/lib/armv6m-ti-none-eabi/</path>
         <kind>archive</kind>
         <file>libclang_rt.builtins.a</file>
         <name>aeabi_uldivmod.S.obj</name>
      </input_file>
      <input_file id="fl-115">
         <path>/opt/ti/ccs2040/ccs/tools/compiler/ti-cgt-armllvm_4.0.4.LTS/lib/armv6m-ti-none-eabi/</path>
         <kind>archive</kind>
         <file>libclang_rt.builtins.a</file>
         <name>udivmoddi4.S.obj</name>
      </input_file>
      <input_file id="fl-116">
         <path>/opt/ti/ccs2040/ccs/tools/compiler/ti-cgt-armllvm_4.0.4.LTS/lib/armv6m-ti-none-eabi/</path>
         <kind>archive</kind>
         <file>libclang_rt.builtins.a</file>
         <name>ashldi3.S.obj</name>
      </input_file>
      <input_file id="fl-117">
         <path>/opt/ti/ccs2040/ccs/tools/compiler/ti-cgt-armllvm_4.0.4.LTS/lib/armv6m-ti-none-eabi/</path>
         <kind>archive</kind>
         <file>libclang_rt.builtins.a</file>
         <name>comparedf2.c.obj</name>
      </input_file>
      <input_file id="fl-118">
         <path>/opt/ti/ccs2040/ccs/tools/compiler/ti-cgt-armllvm_4.0.4.LTS/lib/armv6m-ti-none-eabi/</path>
         <kind>archive</kind>
         <file>libclang_rt.builtins.a</file>
         <name>aeabi_div0.c.obj</name>
      </input_file>
      <input_file id="fl-119">
         <path>/opt/ti/ccs2040/ccs/tools/compiler/ti-cgt-armllvm_4.0.4.LTS/lib/armv6m-ti-none-eabi/c/</path>
         <kind>archive</kind>
         <file>libc.a</file>
         <name>getdevice.c.obj</name>
      </input_file>
      <input_file id="fl-11a">
         <path>/opt/ti/ccs2040/ccs/tools/compiler/ti-cgt-armllvm_4.0.4.LTS/lib/armv6m-ti-none-eabi/c/</path>
         <kind>archive</kind>
         <file>libc.a</file>
         <name>memcpy16.S.obj</name>
      </input_file>
      <input_file id="fl-11b">
         <path>/opt/ti/ccs2040/ccs/tools/compiler/ti-cgt-armllvm_4.0.4.LTS/lib/armv6m-ti-none-eabi/c/</path>
         <kind>archive</kind>
         <file>libc.a</file>
         <name>memset16.S.obj</name>
      </input_file>
      <input_file id="fl-11c">
         <path>/opt/ti/ccs2040/ccs/tools/compiler/ti-cgt-armllvm_4.0.4.LTS/lib/armv6m-ti-none-eabi/c/</path>
         <kind>archive</kind>
         <file>libc.a</file>
         <name>strcmp-armv6m.S.obj</name>
      </input_file>
   </input_file_list>
   <object_component_list>
      <object_component id="oc-18">
         <name>.intvecs</name>
         <load_address>0x0</load_address>
         <readonly>true</readonly>
         <run_address>0x0</run_address>
         <size>0xc0</size>
         <alignment>0x4</alignment>
         <input_file_ref idref="fl-5"/>
      </object_component>
      <object_component id="oc-84">
         <name>.text.main</name>
         <load_address>0xc0</load_address>
         <readonly>true</readonly>
         <executable>true</executable>
         <run_address>0xc0</run_address>
         <size>0x340</size>
         <alignment>0x4</alignment>
         <input_file_ref idref="fl-3"/>
      </object_component>
      <object_component id="oc-105">
         <name>.text.ClockInitialization_80MHz</name>
         <load_address>0x400</load_address>
         <readonly>true</readonly>
         <executable>true</executable>
         <run_address>0x400</run_address>
         <size>0x1ec</size>
         <alignment>0x4</alignment>
         <input_file_ref idref="fl-b"/>
      </object_component>
      <object_component id="oc-c3">
         <name>.text.readUltrasonic</name>
         <load_address>0x5ec</load_address>
         <readonly>true</readonly>
         <executable>true</executable>
         <run_address>0x5ec</run_address>
         <size>0x170</size>
         <alignment>0x4</alignment>
         <input_file_ref idref="fl-2"/>
      </object_component>
      <object_component id="oc-ad">
         <name>.text.InitializeUART</name>
         <load_address>0x75c</load_address>
         <readonly>true</readonly>
         <executable>true</executable>
         <run_address>0x75c</run_address>
         <size>0x144</size>
         <alignment>0x4</alignment>
         <input_file_ref idref="fl-12"/>
      </object_component>
      <object_component id="oc-104">
         <name>.text.ClockInitialization_40MHz</name>
         <load_address>0x8a0</load_address>
         <readonly>true</readonly>
         <executable>true</executable>
         <run_address>0x8a0</run_address>
         <size>0x140</size>
         <alignment>0x4</alignment>
         <input_file_ref idref="fl-b"/>
      </object_component>
      <object_component id="oc-b2">
         <name>.text.InitializeI2C</name>
         <load_address>0x9e0</load_address>
         <readonly>true</readonly>
         <executable>true</executable>
         <run_address>0x9e0</run_address>
         <size>0x138</size>
         <alignment>0x4</alignment>
         <input_file_ref idref="fl-c"/>
      </object_component>
      <object_component id="oc-123">
         <name>.text.I2C_Send</name>
         <load_address>0xb18</load_address>
         <readonly>true</readonly>
         <executable>true</executable>
         <run_address>0xb18</run_address>
         <size>0xe8</size>
         <alignment>0x4</alignment>
         <input_file_ref idref="fl-c"/>
      </object_component>
      <object_component id="oc-ce">
         <name>.text.__muldf3</name>
         <load_address>0xc00</load_address>
         <readonly>true</readonly>
         <executable>true</executable>
         <run_address>0xc00</run_address>
         <size>0xe4</size>
         <alignment>0x4</alignment>
         <input_file_ref idref="fl-106"/>
      </object_component>
      <object_component id="oc-114">
         <name>.text.InitializeTimerPWM</name>
         <load_address>0xce4</load_address>
         <readonly>true</readonly>
         <executable>true</executable>
         <run_address>0xce4</run_address>
         <size>0xe0</size>
         <alignment>0x4</alignment>
         <input_file_ref idref="fl-10"/>
      </object_component>
      <object_component id="oc-12c">
         <name>.text.I2C_Receive</name>
         <load_address>0xdc4</load_address>
         <readonly>true</readonly>
         <executable>true</executable>
         <run_address>0xdc4</run_address>
         <size>0xc8</size>
         <alignment>0x4</alignment>
         <input_file_ref idref="fl-c"/>
      </object_component>
      <object_component id="oc-a2">
         <name>.text.initializeMotors</name>
         <load_address>0xe8c</load_address>
         <readonly>true</readonly>
         <executable>true</executable>
         <run_address>0xe8c</run_address>
         <size>0xc8</size>
         <alignment>0x4</alignment>
         <input_file_ref idref="fl-4"/>
      </object_component>
      <object_component id="oc-106">
         <name>.text.ClockInitialization_4MHz_32MHz</name>
         <load_address>0xf54</load_address>
         <readonly>true</readonly>
         <executable>true</executable>
         <run_address>0xf54</run_address>
         <size>0xb8</size>
         <alignment>0x4</alignment>
         <input_file_ref idref="fl-b"/>
      </object_component>
      <object_component id="oc-9d">
         <name>.text.InitializeLaunchpad</name>
         <load_address>0x100c</load_address>
         <readonly>true</readonly>
         <executable>true</executable>
         <run_address>0x100c</run_address>
         <size>0xb0</size>
         <alignment>0x4</alignment>
         <input_file_ref idref="fl-a"/>
      </object_component>
      <object_component id="oc-98">
         <name>.text:memcpy</name>
         <load_address>0x10bc</load_address>
         <readonly>true</readonly>
         <executable>true</executable>
         <run_address>0x10bc</run_address>
         <size>0x9a</size>
         <alignment>0x1</alignment>
         <input_file_ref idref="fl-11a"/>
      </object_component>
      <object_component id="oc-33">
         <name>.text.Default_Handler</name>
         <load_address>0x1156</load_address>
         <readonly>true</readonly>
         <executable>true</executable>
         <run_address>0x1156</run_address>
         <size>0x2</size>
         <alignment>0x2</alignment>
         <input_file_ref idref="fl-5"/>
      </object_component>
      <object_component id="oc-c2">
         <name>.text.driveMotor</name>
         <load_address>0x1158</load_address>
         <readonly>true</readonly>
         <executable>true</executable>
         <run_address>0x1158</run_address>
         <size>0x94</size>
         <alignment>0x4</alignment>
         <input_file_ref idref="fl-4"/>
      </object_component>
      <object_component id="oc-14e">
         <name>.text.I2CFillTXFIFO</name>
         <load_address>0x11ec</load_address>
         <readonly>true</readonly>
         <executable>true</executable>
         <run_address>0x11ec</run_address>
         <size>0x84</size>
         <alignment>0x4</alignment>
         <input_file_ref idref="fl-c"/>
      </object_component>
      <object_component id="oc-1c">
         <name>.text:decompress:lzss</name>
         <load_address>0x1270</load_address>
         <readonly>true</readonly>
         <executable>true</executable>
         <run_address>0x1270</run_address>
         <size>0x7c</size>
         <alignment>0x4</alignment>
         <input_file_ref idref="fl-3d"/>
      </object_component>
      <object_component id="oc-135">
         <name>.text.HOSTexit</name>
         <load_address>0x12ec</load_address>
         <readonly>true</readonly>
         <executable>true</executable>
         <run_address>0x12ec</run_address>
         <size>0x4</size>
         <alignment>0x2</alignment>
         <input_file_ref idref="fl-f5"/>
      </object_component>
      <object_component id="oc-d2">
         <name>.text.__truncdfsf2</name>
         <load_address>0x12f0</load_address>
         <readonly>true</readonly>
         <executable>true</executable>
         <run_address>0x12f0</run_address>
         <size>0x74</size>
         <alignment>0x10</alignment>
         <input_file_ref idref="fl-10e"/>
      </object_component>
      <object_component id="oc-109">
         <name>.text.InitializeTimerClock</name>
         <load_address>0x1364</load_address>
         <readonly>true</readonly>
         <executable>true</executable>
         <run_address>0x1364</run_address>
         <size>0x68</size>
         <alignment>0x4</alignment>
         <input_file_ref idref="fl-10"/>
      </object_component>
      <object_component id="oc-126">
         <name>.text.CPUCyclesPer1us</name>
         <load_address>0x13cc</load_address>
         <readonly>true</readonly>
         <executable>true</executable>
         <run_address>0x13cc</run_address>
         <size>0x58</size>
         <alignment>0x4</alignment>
         <input_file_ref idref="fl-a"/>
      </object_component>
      <object_component id="oc-127">
         <name>.text.UpdateDutyCycle</name>
         <load_address>0x1424</load_address>
         <readonly>true</readonly>
         <executable>true</executable>
         <run_address>0x1424</run_address>
         <size>0x4c</size>
         <alignment>0x4</alignment>
         <input_file_ref idref="fl-10"/>
      </object_component>
      <object_component id="oc-10f">
         <name>.text.__aeabi_uidivmod</name>
         <load_address>0x1470</load_address>
         <readonly>true</readonly>
         <executable>true</executable>
         <run_address>0x1470</run_address>
         <size>0x40</size>
         <alignment>0x4</alignment>
         <input_file_ref idref="fl-113"/>
      </object_component>
      <object_component id="oc-c6">
         <name>.text.__floatsisf</name>
         <load_address>0x14b0</load_address>
         <readonly>true</readonly>
         <executable>true</executable>
         <run_address>0x14b0</run_address>
         <size>0x3c</size>
         <alignment>0x4</alignment>
         <input_file_ref idref="fl-10b"/>
      </object_component>
      <object_component id="oc-bc">
         <name>.text.initializeBNO055</name>
         <load_address>0x14ec</load_address>
         <readonly>true</readonly>
         <executable>true</executable>
         <run_address>0x14ec</run_address>
         <size>0x3c</size>
         <alignment>0x4</alignment>
         <input_file_ref idref="fl-1"/>
      </object_component>
      <object_component id="oc-e6">
         <name>.text:__TI_auto_init_nobinit_nopinit</name>
         <load_address>0x1528</load_address>
         <readonly>true</readonly>
         <executable>true</executable>
         <run_address>0x1528</run_address>
         <size>0x3c</size>
         <alignment>0x4</alignment>
         <input_file_ref idref="fl-48"/>
      </object_component>
      <object_component id="oc-12f">
         <name>.text.__muldsi3</name>
         <load_address>0x1564</load_address>
         <readonly>true</readonly>
         <executable>true</executable>
         <run_address>0x1564</run_address>
         <size>0x3a</size>
         <alignment>0x4</alignment>
         <input_file_ref idref="fl-107"/>
      </object_component>
      <object_component id="oc-148">
         <name>.text.__aeabi_idiv0</name>
         <load_address>0x159e</load_address>
         <readonly>true</readonly>
         <executable>true</executable>
         <run_address>0x159e</run_address>
         <size>0x2</size>
         <alignment>0x2</alignment>
         <input_file_ref idref="fl-118"/>
      </object_component>
      <object_component id="oc-ff">
         <name>.text.ActivatePortAandB</name>
         <load_address>0x15a0</load_address>
         <readonly>true</readonly>
         <executable>true</executable>
         <run_address>0x15a0</run_address>
         <size>0x38</size>
         <alignment>0x4</alignment>
         <input_file_ref idref="fl-a"/>
      </object_component>
      <object_component id="oc-c5">
         <name>.text.readBNO055</name>
         <load_address>0x15d8</load_address>
         <readonly>true</readonly>
         <executable>true</executable>
         <run_address>0x15d8</run_address>
         <size>0x38</size>
         <alignment>0x2</alignment>
         <input_file_ref idref="fl-1"/>
      </object_component>
      <object_component id="oc-c1">
         <name>.text.GetUserInput</name>
         <load_address>0x1610</load_address>
         <readonly>true</readonly>
         <executable>true</executable>
         <run_address>0x1610</run_address>
         <size>0x2c</size>
         <alignment>0x4</alignment>
         <input_file_ref idref="fl-12"/>
      </object_component>
      <object_component id="oc-ca">
         <name>.text.__floatsidf</name>
         <load_address>0x163c</load_address>
         <readonly>true</readonly>
         <executable>true</executable>
         <run_address>0x163c</run_address>
         <size>0x2c</size>
         <alignment>0x4</alignment>
         <input_file_ref idref="fl-10a"/>
      </object_component>
      <object_component id="oc-113">
         <name>.text.InitializeTimerCompare</name>
         <load_address>0x1668</load_address>
         <readonly>true</readonly>
         <executable>true</executable>
         <run_address>0x1668</run_address>
         <size>0x28</size>
         <alignment>0x4</alignment>
         <input_file_ref idref="fl-10"/>
      </object_component>
      <object_component id="oc-6b">
         <name>.text:_c_int00_noargs</name>
         <load_address>0x1690</load_address>
         <readonly>true</readonly>
         <executable>true</executable>
         <run_address>0x1690</run_address>
         <size>0x28</size>
         <alignment>0x4</alignment>
         <input_file_ref idref="fl-3e"/>
      </object_component>
      <object_component id="oc-128">
         <name>.text.__floatunsidf</name>
         <load_address>0x16b8</load_address>
         <readonly>true</readonly>
         <executable>true</executable>
         <run_address>0x16b8</run_address>
         <size>0x24</size>
         <alignment>0x4</alignment>
         <input_file_ref idref="fl-10c"/>
      </object_component>
      <object_component id="oc-a8">
         <name>.text.initializeUltrasonic</name>
         <load_address>0x16dc</load_address>
         <readonly>true</readonly>
         <executable>true</executable>
         <run_address>0x16dc</run_address>
         <size>0x24</size>
         <alignment>0x4</alignment>
         <input_file_ref idref="fl-2"/>
      </object_component>
      <object_component id="oc-10e">
         <name>.text.CPUCyclesPer1ms</name>
         <load_address>0x1700</load_address>
         <readonly>true</readonly>
         <executable>true</executable>
         <run_address>0x1700</run_address>
         <size>0x18</size>
         <alignment>0x2</alignment>
         <input_file_ref idref="fl-a"/>
      </object_component>
      <object_component id="oc-115">
         <name>.text.EnableTimer</name>
         <load_address>0x1718</load_address>
         <readonly>true</readonly>
         <executable>true</executable>
         <run_address>0x1718</run_address>
         <size>0x18</size>
         <alignment>0x4</alignment>
         <input_file_ref idref="fl-10"/>
      </object_component>
      <object_component id="oc-62">
         <name>.text:decompress:ZI:__TI_zero_init_nomemset</name>
         <load_address>0x1730</load_address>
         <readonly>true</readonly>
         <executable>true</executable>
         <run_address>0x1730</run_address>
         <size>0x16</size>
         <alignment>0x2</alignment>
         <input_file_ref idref="fl-3b"/>
      </object_component>
      <object_component id="oc-103">
         <name>.text.TurnOffLED2Blue</name>
         <load_address>0x1748</load_address>
         <readonly>true</readonly>
         <executable>true</executable>
         <run_address>0x1748</run_address>
         <size>0x14</size>
         <alignment>0x4</alignment>
         <input_file_ref idref="fl-a"/>
      </object_component>
      <object_component id="oc-102">
         <name>.text.TurnOffLED2Green</name>
         <load_address>0x175c</load_address>
         <readonly>true</readonly>
         <executable>true</executable>
         <run_address>0x175c</run_address>
         <size>0x14</size>
         <alignment>0x4</alignment>
         <input_file_ref idref="fl-a"/>
      </object_component>
      <object_component id="oc-101">
         <name>.text.TurnOffLED2Red</name>
         <load_address>0x1770</load_address>
         <readonly>true</readonly>
         <executable>true</executable>
         <run_address>0x1770</run_address>
         <size>0x14</size>
         <alignment>0x4</alignment>
         <input_file_ref idref="fl-a"/>
      </object_component>
      <object_component id="oc-20">
         <name>.text:decompress:none</name>
         <load_address>0x1784</load_address>
         <readonly>true</readonly>
         <executable>true</executable>
         <run_address>0x1784</run_address>
         <size>0x12</size>
         <alignment>0x2</alignment>
         <input_file_ref idref="fl-3c"/>
      </object_component>
      <object_component id="oc-b7">
         <name>.text.ClockDelay</name>
         <load_address>0x1796</load_address>
         <readonly>true</readonly>
         <executable>true</executable>
         <run_address>0x1796</run_address>
         <size>0x10</size>
         <alignment>0x2</alignment>
         <input_file_ref idref="fl-b"/>
      </object_component>
      <object_component id="oc-39">
         <name>.text.GROUP1_IRQHandler</name>
         <load_address>0x17a8</load_address>
         <readonly>true</readonly>
         <executable>true</executable>
         <run_address>0x17a8</run_address>
         <size>0x10</size>
         <alignment>0x4</alignment>
         <input_file_ref idref="fl-d"/>
      </object_component>
      <object_component id="oc-49">
         <name>.text.TIMG7_IRQHandler</name>
         <load_address>0x17b8</load_address>
         <readonly>true</readonly>
         <executable>true</executable>
         <run_address>0x17b8</run_address>
         <size>0x10</size>
         <alignment>0x4</alignment>
         <input_file_ref idref="fl-d"/>
      </object_component>
      <object_component id="oc-3a">
         <name>.text.TIMG8_IRQHandler</name>
         <load_address>0x17c8</load_address>
         <readonly>true</readonly>
         <executable>true</executable>
         <run_address>0x17c8</run_address>
         <size>0x10</size>
         <alignment>0x4</alignment>
         <input_file_ref idref="fl-d"/>
      </object_component>
      <object_component id="oc-100">
         <name>.text.TurnOffLED1</name>
         <load_address>0x17d8</load_address>
         <readonly>true</readonly>
         <executable>true</executable>
         <run_address>0x17d8</run_address>
         <size>0x10</size>
         <alignment>0x4</alignment>
         <input_file_ref idref="fl-a"/>
      </object_component>
      <object_component id="oc-92">
         <name>.text.Default_Callback</name>
         <load_address>0x17e8</load_address>
         <readonly>true</readonly>
         <executable>true</executable>
         <run_address>0x17e8</run_address>
         <size>0xe</size>
         <alignment>0x2</alignment>
         <input_file_ref idref="fl-d"/>
      </object_component>
      <object_component id="oc-3c">
         <name>.text.ADC0_IRQHandler</name>
         <load_address>0x17f6</load_address>
         <readonly>true</readonly>
         <executable>true</executable>
         <run_address>0x17f6</run_address>
         <size>0x8</size>
         <alignment>0x2</alignment>
         <input_file_ref idref="fl-d"/>
      </object_component>
      <object_component id="oc-3d">
         <name>.text.ADC1_IRQHandler</name>
         <load_address>0x17fe</load_address>
         <readonly>true</readonly>
         <executable>true</executable>
         <run_address>0x17fe</run_address>
         <size>0x8</size>
         <alignment>0x2</alignment>
         <input_file_ref idref="fl-d"/>
      </object_component>
      <object_component id="oc-4d">
         <name>.text.AES_IRQHandler</name>
         <load_address>0x1806</load_address>
         <readonly>true</readonly>
         <executable>true</executable>
         <run_address>0x1806</run_address>
         <size>0x8</size>
         <alignment>0x2</alignment>
         <input_file_ref idref="fl-d"/>
      </object_component>
      <object_component id="oc-3e">
         <name>.text.CANFD0_IRQHandler</name>
         <load_address>0x180e</load_address>
         <readonly>true</readonly>
         <executable>true</executable>
         <run_address>0x180e</run_address>
         <size>0x8</size>
         <alignment>0x2</alignment>
         <input_file_ref idref="fl-d"/>
      </object_component>
      <object_component id="oc-3f">
         <name>.text.DAC0_IRQHandler</name>
         <load_address>0x1816</load_address>
         <readonly>true</readonly>
         <executable>true</executable>
         <run_address>0x1816</run_address>
         <size>0x8</size>
         <alignment>0x2</alignment>
         <input_file_ref idref="fl-d"/>
      </object_component>
      <object_component id="oc-4f">
         <name>.text.DMA_IRQHandler</name>
         <load_address>0x181e</load_address>
         <readonly>true</readonly>
         <executable>true</executable>
         <run_address>0x181e</run_address>
         <size>0x8</size>
         <alignment>0x2</alignment>
         <input_file_ref idref="fl-d"/>
      </object_component>
      <object_component id="oc-11c">
         <name>.text.Error_Handler</name>
         <load_address>0x1826</load_address>
         <readonly>true</readonly>
         <executable>true</executable>
         <run_address>0x1826</run_address>
         <size>0x8</size>
         <alignment>0x2</alignment>
         <input_file_ref idref="fl-a"/>
      </object_component>
      <object_component id="oc-34">
         <name>.text.GROUP0_IRQHandler</name>
         <load_address>0x182e</load_address>
         <readonly>true</readonly>
         <executable>true</executable>
         <run_address>0x182e</run_address>
         <size>0x8</size>
         <alignment>0x2</alignment>
         <input_file_ref idref="fl-d"/>
      </object_component>
      <object_component id="oc-4b">
         <name>.text.I2C0_IRQHandler</name>
         <load_address>0x1836</load_address>
         <readonly>true</readonly>
         <executable>true</executable>
         <run_address>0x1836</run_address>
         <size>0x8</size>
         <alignment>0x2</alignment>
         <input_file_ref idref="fl-d"/>
      </object_component>
      <object_component id="oc-4c">
         <name>.text.I2C1_IRQHandler</name>
         <load_address>0x183e</load_address>
         <readonly>true</readonly>
         <executable>true</executable>
         <run_address>0x183e</run_address>
         <size>0x8</size>
         <alignment>0x2</alignment>
         <input_file_ref idref="fl-d"/>
      </object_component>
      <object_component id="oc-4e">
         <name>.text.RTC_IRQHandler</name>
         <load_address>0x1846</load_address>
         <readonly>true</readonly>
         <executable>true</executable>
         <run_address>0x1846</run_address>
         <size>0x8</size>
         <alignment>0x2</alignment>
         <input_file_ref idref="fl-d"/>
      </object_component>
      <object_component id="oc-40">
         <name>.text.SPI0_IRQHandler</name>
         <load_address>0x184e</load_address>
         <readonly>true</readonly>
         <executable>true</executable>
         <run_address>0x184e</run_address>
         <size>0x8</size>
         <alignment>0x2</alignment>
         <input_file_ref idref="fl-d"/>
      </object_component>
      <object_component id="oc-41">
         <name>.text.SPI1_IRQHandler</name>
         <load_address>0x1856</load_address>
         <readonly>true</readonly>
         <executable>true</executable>
         <run_address>0x1856</run_address>
         <size>0x8</size>
         <alignment>0x2</alignment>
         <input_file_ref idref="fl-d"/>
      </object_component>
      <object_component id="oc-47">
         <name>.text.TIMA0_IRQHandler</name>
         <load_address>0x185e</load_address>
         <readonly>true</readonly>
         <executable>true</executable>
         <run_address>0x185e</run_address>
         <size>0x8</size>
         <alignment>0x2</alignment>
         <input_file_ref idref="fl-d"/>
      </object_component>
      <object_component id="oc-48">
         <name>.text.TIMA1_IRQHandler</name>
         <load_address>0x1866</load_address>
         <readonly>true</readonly>
         <executable>true</executable>
         <run_address>0x1866</run_address>
         <size>0x8</size>
         <alignment>0x2</alignment>
         <input_file_ref idref="fl-d"/>
      </object_component>
      <object_component id="oc-45">
         <name>.text.TIMG0_IRQHandler</name>
         <load_address>0x186e</load_address>
         <readonly>true</readonly>
         <executable>true</executable>
         <run_address>0x186e</run_address>
         <size>0x8</size>
         <alignment>0x2</alignment>
         <input_file_ref idref="fl-d"/>
      </object_component>
      <object_component id="oc-4a">
         <name>.text.TIMG12_IRQHandler</name>
         <load_address>0x1876</load_address>
         <readonly>true</readonly>
         <executable>true</executable>
         <run_address>0x1876</run_address>
         <size>0x8</size>
         <alignment>0x2</alignment>
         <input_file_ref idref="fl-d"/>
      </object_component>
      <object_component id="oc-46">
         <name>.text.TIMG6_IRQHandler</name>
         <load_address>0x187e</load_address>
         <readonly>true</readonly>
         <executable>true</executable>
         <run_address>0x187e</run_address>
         <size>0x8</size>
         <alignment>0x2</alignment>
         <input_file_ref idref="fl-d"/>
      </object_component>
      <object_component id="oc-44">
         <name>.text.UART0_IRQHandler</name>
         <load_address>0x1886</load_address>
         <readonly>true</readonly>
         <executable>true</executable>
         <run_address>0x1886</run_address>
         <size>0x8</size>
         <alignment>0x2</alignment>
         <input_file_ref idref="fl-d"/>
      </object_component>
      <object_component id="oc-42">
         <name>.text.UART1_IRQHandler</name>
         <load_address>0x188e</load_address>
         <readonly>true</readonly>
         <executable>true</executable>
         <run_address>0x188e</run_address>
         <size>0x8</size>
         <alignment>0x2</alignment>
         <input_file_ref idref="fl-d"/>
      </object_component>
      <object_component id="oc-43">
         <name>.text.UART2_IRQHandler</name>
         <load_address>0x1896</load_address>
         <readonly>true</readonly>
         <executable>true</executable>
         <run_address>0x1896</run_address>
         <size>0x8</size>
         <alignment>0x2</alignment>
         <input_file_ref idref="fl-d"/>
      </object_component>
      <object_component id="oc-3b">
         <name>.text.UART3_IRQHandler</name>
         <load_address>0x189e</load_address>
         <readonly>true</readonly>
         <executable>true</executable>
         <run_address>0x189e</run_address>
         <size>0x8</size>
         <alignment>0x2</alignment>
         <input_file_ref idref="fl-d"/>
      </object_component>
      <object_component id="oc-5b">
         <name>.text.__aeabi_memcpy</name>
         <load_address>0x18a8</load_address>
         <readonly>true</readonly>
         <executable>true</executable>
         <run_address>0x18a8</run_address>
         <size>0x8</size>
         <alignment>0x4</alignment>
         <input_file_ref idref="fl-111"/>
      </object_component>
      <object_component id="oc-df">
         <name>.text:abort</name>
         <load_address>0x18b0</load_address>
         <readonly>true</readonly>
         <executable>true</executable>
         <run_address>0x18b0</run_address>
         <size>0x6</size>
         <alignment>0x2</alignment>
         <input_file_ref idref="fl-45"/>
      </object_component>
      <object_component id="oc-2f">
         <name>.text.Reset_Handler</name>
         <load_address>0x18b6</load_address>
         <readonly>true</readonly>
         <executable>true</executable>
         <run_address>0x18b6</run_address>
         <size>0x4</size>
         <alignment>0x2</alignment>
         <input_file_ref idref="fl-5"/>
      </object_component>
      <object_component id="oc-80">
         <name>.text._system_pre_init</name>
         <load_address>0x18ba</load_address>
         <readonly>true</readonly>
         <executable>true</executable>
         <run_address>0x18ba</run_address>
         <size>0x4</size>
         <alignment>0x2</alignment>
         <input_file_ref idref="fl-49"/>
      </object_component>
      <object_component id="oc-1a0">
         <name>.cinit..data.load</name>
         <load_address>0x18c0</load_address>
         <readonly>true</readonly>
         <run_address>0x18c0</run_address>
         <size>0x3c</size>
         <alignment>0x1</alignment>
      </object_component>
      <object_component id="oc-19e">
         <name>__TI_handler_table</name>
         <load_address>0x18fc</load_address>
         <readonly>true</readonly>
         <run_address>0x18fc</run_address>
         <size>0xc</size>
         <alignment>0x4</alignment>
      </object_component>
      <object_component id="oc-1a1">
         <name>.cinit..bss.load</name>
         <load_address>0x1908</load_address>
         <readonly>true</readonly>
         <run_address>0x1908</run_address>
         <size>0x8</size>
         <alignment>0x4</alignment>
      </object_component>
      <object_component id="oc-19f">
         <name>__TI_cinit_table</name>
         <load_address>0x1910</load_address>
         <readonly>true</readonly>
         <run_address>0x1910</run_address>
         <size>0x10</size>
         <alignment>0x4</alignment>
      </object_component>
      <object_component id="oc-168">
         <name>.binit</name>
         <load_address>0x0</load_address>
         <readonly>true</readonly>
         <run_address>0x0</run_address>
         <size>0x0</size>
         <alignment>0x4</alignment>
      </object_component>
      <object_component id="oc-d6">
         <name>.data.ClockFrequency</name>
         <load_address>0x20200088</load_address>
         <readwrite>true</readwrite>
         <run_address>0x20200088</run_address>
         <size>0x4</size>
         <alignment>0x4</alignment>
         <input_file_ref idref="fl-3"/>
      </object_component>
      <object_component id="oc-d7">
         <name>.data.UART0_Config</name>
         <load_address>0x20200040</load_address>
         <readwrite>true</readwrite>
         <run_address>0x20200040</run_address>
         <size>0x14</size>
         <alignment>0x4</alignment>
         <input_file_ref idref="fl-3"/>
      </object_component>
      <object_component id="oc-d8">
         <name>.data.i2c1_config</name>
         <load_address>0x20200080</load_address>
         <readwrite>true</readwrite>
         <run_address>0x20200080</run_address>
         <size>0x8</size>
         <alignment>0x4</alignment>
         <input_file_ref idref="fl-3"/>
      </object_component>
      <object_component id="oc-116">
         <name>.data.PWMTimerClockConfig</name>
         <load_address>0x20200054</load_address>
         <readwrite>true</readwrite>
         <run_address>0x20200054</run_address>
         <size>0xc</size>
         <alignment>0x4</alignment>
         <input_file_ref idref="fl-4"/>
      </object_component>
      <object_component id="oc-117">
         <name>.data.PWMTimerConfig</name>
         <load_address>0x20200068</load_address>
         <readwrite>true</readwrite>
         <run_address>0x20200068</run_address>
         <size>0x8</size>
         <alignment>0x4</alignment>
         <input_file_ref idref="fl-4"/>
      </object_component>
      <object_component id="oc-db">
         <name>.data.RightPWMTimerPWMConfig</name>
         <load_address>0x20200020</load_address>
         <readwrite>true</readwrite>
         <run_address>0x20200020</run_address>
         <size>0x20</size>
         <alignment>0x4</alignment>
         <input_file_ref idref="fl-4"/>
      </object_component>
      <object_component id="oc-da">
         <name>.data.LeftPWMTimerPWMConfig</name>
         <load_address>0x20200000</load_address>
         <readwrite>true</readwrite>
         <run_address>0x20200000</run_address>
         <size>0x20</size>
         <alignment>0x4</alignment>
         <input_file_ref idref="fl-4"/>
      </object_component>
      <object_component id="oc-74">
         <name>.data.Group1</name>
         <load_address>0x20200060</load_address>
         <readwrite>true</readwrite>
         <run_address>0x20200060</run_address>
         <size>0x8</size>
         <alignment>0x4</alignment>
         <input_file_ref idref="fl-d"/>
      </object_component>
      <object_component id="oc-76">
         <name>.data.TimerG7</name>
         <load_address>0x20200070</load_address>
         <readwrite>true</readwrite>
         <run_address>0x20200070</run_address>
         <size>0x8</size>
         <alignment>0x4</alignment>
         <input_file_ref idref="fl-d"/>
      </object_component>
      <object_component id="oc-75">
         <name>.data.TimerG8</name>
         <load_address>0x20200078</load_address>
         <readwrite>true</readwrite>
         <run_address>0x20200078</run_address>
         <size>0x8</size>
         <alignment>0x4</alignment>
         <input_file_ref idref="fl-d"/>
      </object_component>
      <object_component id="oc-d9">
         <name>.common:motor_commands_buffer</name>
         <uninitialized>true</uninitialized>
         <readwrite>true</readwrite>
         <run_address>0x2020008c</run_address>
         <size>0x4</size>
         <alignment>0x1</alignment>
      </object_component>
      <object_component id="oc-1a">
         <name>.stack</name>
         <uninitialized>true</uninitialized>
         <readwrite>true</readwrite>
         <run_address>0x20207e00</run_address>
         <size>0x4</size>
         <alignment>0x4</alignment>
         <input_file_ref idref="fl-3e"/>
      </object_component>
      <object_component id="oc-1a3">
         <name>.stack</name>
         <uninitialized>true</uninitialized>
         <readwrite>true</readwrite>
         <run_address>0x20207e00</run_address>
         <size>0x0</size>
         <alignment>0x8</alignment>
      </object_component>
      <object_component id="oc-124">
         <name>.debug_abbrev</name>
         <load_address>0x0</load_address>
         <run_address>0x0</run_address>
         <size>0xe8</size>
         <alignment>0x1</alignment>
         <input_file_ref idref="fl-1"/>
      </object_component>
      <object_component id="oc-11a">
         <name>.debug_abbrev</name>
         <load_address>0xe8</load_address>
         <run_address>0xe8</run_address>
         <size>0x13a</size>
         <alignment>0x1</alignment>
         <input_file_ref idref="fl-2"/>
      </object_component>
      <object_component id="oc-dc">
         <name>.debug_abbrev</name>
         <load_address>0x222</load_address>
         <run_address>0x222</run_address>
         <size>0xf5</size>
         <alignment>0x1</alignment>
         <input_file_ref idref="fl-3"/>
      </object_component>
      <object_component id="oc-118">
         <name>.debug_abbrev</name>
         <load_address>0x317</load_address>
         <run_address>0x317</run_address>
         <size>0x111</size>
         <alignment>0x1</alignment>
         <input_file_ref idref="fl-4"/>
      </object_component>
      <object_component id="oc-50">
         <name>.debug_abbrev</name>
         <load_address>0x428</load_address>
         <run_address>0x428</run_address>
         <size>0x6d</size>
         <alignment>0x1</alignment>
         <input_file_ref idref="fl-5"/>
      </object_component>
      <object_component id="oc-107">
         <name>.debug_abbrev</name>
         <load_address>0x495</load_address>
         <run_address>0x495</run_address>
         <size>0x13e</size>
         <alignment>0x1</alignment>
         <input_file_ref idref="fl-a"/>
      </object_component>
      <object_component id="oc-121">
         <name>.debug_abbrev</name>
         <load_address>0x5d3</load_address>
         <run_address>0x5d3</run_address>
         <size>0x150</size>
         <alignment>0x1</alignment>
         <input_file_ref idref="fl-b"/>
      </object_component>
      <object_component id="oc-11f">
         <name>.debug_abbrev</name>
         <load_address>0x723</load_address>
         <run_address>0x723</run_address>
         <size>0x127</size>
         <alignment>0x1</alignment>
         <input_file_ref idref="fl-c"/>
      </object_component>
      <object_component id="oc-72">
         <name>.debug_abbrev</name>
         <load_address>0x84a</load_address>
         <run_address>0x84a</run_address>
         <size>0xaa</size>
         <alignment>0x1</alignment>
         <input_file_ref idref="fl-d"/>
      </object_component>
      <object_component id="oc-146">
         <name>.debug_abbrev</name>
         <load_address>0x8f4</load_address>
         <run_address>0x8f4</run_address>
         <size>0x13b</size>
         <alignment>0x1</alignment>
         <input_file_ref idref="fl-10"/>
      </object_component>
      <object_component id="oc-11d">
         <name>.debug_abbrev</name>
         <load_address>0xa2f</load_address>
         <run_address>0xa2f</run_address>
         <size>0xf5</size>
         <alignment>0x1</alignment>
         <input_file_ref idref="fl-12"/>
      </object_component>
      <object_component id="oc-79">
         <name>.debug_abbrev</name>
         <load_address>0xb24</load_address>
         <run_address>0xb24</run_address>
         <size>0xc2</size>
         <alignment>0x1</alignment>
         <input_file_ref idref="fl-3b"/>
      </object_component>
      <object_component id="oc-5f">
         <name>.debug_abbrev</name>
         <load_address>0xbe6</load_address>
         <run_address>0xbe6</run_address>
         <size>0x70</size>
         <alignment>0x1</alignment>
         <input_file_ref idref="fl-3c"/>
      </object_component>
      <object_component id="oc-57">
         <name>.debug_abbrev</name>
         <load_address>0xc56</load_address>
         <run_address>0xc56</run_address>
         <size>0x8d</size>
         <alignment>0x1</alignment>
         <input_file_ref idref="fl-3d"/>
      </object_component>
      <object_component id="oc-52">
         <name>.debug_abbrev</name>
         <load_address>0xce3</load_address>
         <run_address>0xce3</run_address>
         <size>0xaf</size>
         <alignment>0x1</alignment>
         <input_file_ref idref="fl-3e"/>
      </object_component>
      <object_component id="oc-139">
         <name>.debug_abbrev</name>
         <load_address>0xd92</load_address>
         <run_address>0xd92</run_address>
         <size>0x98</size>
         <alignment>0x1</alignment>
         <input_file_ref idref="fl-45"/>
      </object_component>
      <object_component id="oc-13f">
         <name>.debug_abbrev</name>
         <load_address>0xe2a</load_address>
         <run_address>0xe2a</run_address>
         <size>0x170</size>
         <alignment>0x1</alignment>
         <input_file_ref idref="fl-48"/>
      </object_component>
      <object_component id="oc-9b">
         <name>.debug_abbrev</name>
         <load_address>0xf9a</load_address>
         <run_address>0xf9a</run_address>
         <size>0x39</size>
         <alignment>0x1</alignment>
         <input_file_ref idref="fl-49"/>
      </object_component>
      <object_component id="oc-151">
         <name>.debug_abbrev</name>
         <load_address>0xfd3</load_address>
         <run_address>0xfd3</run_address>
         <size>0x2c</size>
         <alignment>0x1</alignment>
         <input_file_ref idref="fl-f5"/>
      </object_component>
      <object_component id="oc-133">
         <name>.debug_abbrev</name>
         <load_address>0xfff</load_address>
         <run_address>0xfff</run_address>
         <size>0x27</size>
         <alignment>0x1</alignment>
         <input_file_ref idref="fl-106"/>
      </object_component>
      <object_component id="oc-150">
         <name>.debug_abbrev</name>
         <load_address>0x1026</load_address>
         <run_address>0x1026</run_address>
         <size>0x27</size>
         <alignment>0x1</alignment>
         <input_file_ref idref="fl-107"/>
      </object_component>
      <object_component id="oc-12e">
         <name>.debug_abbrev</name>
         <load_address>0x104d</load_address>
         <run_address>0x104d</run_address>
         <size>0x27</size>
         <alignment>0x1</alignment>
         <input_file_ref idref="fl-10a"/>
      </object_component>
      <object_component id="oc-12d">
         <name>.debug_abbrev</name>
         <load_address>0x1074</load_address>
         <run_address>0x1074</run_address>
         <size>0x27</size>
         <alignment>0x1</alignment>
         <input_file_ref idref="fl-10b"/>
      </object_component>
      <object_component id="oc-14f">
         <name>.debug_abbrev</name>
         <load_address>0x109b</load_address>
         <run_address>0x109b</run_address>
         <size>0x27</size>
         <alignment>0x1</alignment>
         <input_file_ref idref="fl-10c"/>
      </object_component>
      <object_component id="oc-134">
         <name>.debug_abbrev</name>
         <load_address>0x10c2</load_address>
         <run_address>0x10c2</run_address>
         <size>0x27</size>
         <alignment>0x1</alignment>
         <input_file_ref idref="fl-10e"/>
      </object_component>
      <object_component id="oc-78">
         <name>.debug_abbrev</name>
         <load_address>0x10e9</load_address>
         <run_address>0x10e9</run_address>
         <size>0x27</size>
         <alignment>0x1</alignment>
         <input_file_ref idref="fl-111"/>
      </object_component>
      <object_component id="oc-14d">
         <name>.debug_abbrev</name>
         <load_address>0x1110</load_address>
         <run_address>0x1110</run_address>
         <size>0x27</size>
         <alignment>0x1</alignment>
         <input_file_ref idref="fl-113"/>
      </object_component>
      <object_component id="oc-15c">
         <name>.debug_abbrev</name>
         <load_address>0x1137</load_address>
         <run_address>0x1137</run_address>
         <size>0x59</size>
         <alignment>0x1</alignment>
         <input_file_ref idref="fl-118"/>
      </object_component>
      <object_component id="oc-f8">
         <name>.debug_abbrev</name>
         <load_address>0x1190</load_address>
         <run_address>0x1190</run_address>
         <size>0x25</size>
         <alignment>0x1</alignment>
         <input_file_ref idref="fl-11a"/>
      </object_component>
      <object_component id="oc-1a5">
         <name>.debug_abbrev</name>
         <load_address>0x11b5</load_address>
         <run_address>0x11b5</run_address>
         <size>0xf</size>
         <alignment>0x0</alignment>
      </object_component>
      <object_component id="oc-bd">
         <name>.debug_info</name>
         <load_address>0x0</load_address>
         <run_address>0x0</run_address>
         <size>0x64d</size>
         <alignment>0x1</alignment>
         <input_file_ref idref="fl-1"/>
      </object_component>
      <object_component id="oc-a9">
         <name>.debug_info</name>
         <load_address>0x64d</load_address>
         <run_address>0x64d</run_address>
         <size>0x8d1</size>
         <alignment>0x1</alignment>
         <input_file_ref idref="fl-2"/>
      </object_component>
      <object_component id="oc-85">
         <name>.debug_info</name>
         <load_address>0xf1e</load_address>
         <run_address>0xf1e</run_address>
         <size>0x1837</size>
         <alignment>0x1</alignment>
         <input_file_ref idref="fl-3"/>
      </object_component>
      <object_component id="oc-a4">
         <name>.debug_info</name>
         <load_address>0x2755</load_address>
         <run_address>0x2755</run_address>
         <size>0xf55</size>
         <alignment>0x1</alignment>
         <input_file_ref idref="fl-4"/>
      </object_component>
      <object_component id="oc-19">
         <name>.debug_info</name>
         <load_address>0x36aa</load_address>
         <run_address>0x36aa</run_address>
         <size>0x80</size>
         <alignment>0x1</alignment>
         <input_file_ref idref="fl-5"/>
      </object_component>
      <object_component id="oc-9e">
         <name>.debug_info</name>
         <load_address>0x372a</load_address>
         <run_address>0x372a</run_address>
         <size>0x980</size>
         <alignment>0x1</alignment>
         <input_file_ref idref="fl-a"/>
      </object_component>
      <object_component id="oc-b8">
         <name>.debug_info</name>
         <load_address>0x40aa</load_address>
         <run_address>0x40aa</run_address>
         <size>0xddc</size>
         <alignment>0x1</alignment>
         <input_file_ref idref="fl-b"/>
      </object_component>
      <object_component id="oc-b3">
         <name>.debug_info</name>
         <load_address>0x4e86</load_address>
         <run_address>0x4e86</run_address>
         <size>0x803</size>
         <alignment>0x1</alignment>
         <input_file_ref idref="fl-c"/>
      </object_component>
      <object_component id="oc-35">
         <name>.debug_info</name>
         <load_address>0x5689</load_address>
         <run_address>0x5689</run_address>
         <size>0x39f</size>
         <alignment>0x1</alignment>
         <input_file_ref idref="fl-d"/>
      </object_component>
      <object_component id="oc-10a">
         <name>.debug_info</name>
         <load_address>0x5a28</load_address>
         <run_address>0x5a28</run_address>
         <size>0xc2e</size>
         <alignment>0x1</alignment>
         <input_file_ref idref="fl-10"/>
      </object_component>
      <object_component id="oc-ae">
         <name>.debug_info</name>
         <load_address>0x6656</load_address>
         <run_address>0x6656</run_address>
         <size>0x662</size>
         <alignment>0x1</alignment>
         <input_file_ref idref="fl-12"/>
      </object_component>
      <object_component id="oc-64">
         <name>.debug_info</name>
         <load_address>0x6cb8</load_address>
         <run_address>0x6cb8</run_address>
         <size>0x192</size>
         <alignment>0x1</alignment>
         <input_file_ref idref="fl-3b"/>
      </object_component>
      <object_component id="oc-21">
         <name>.debug_info</name>
         <load_address>0x6e4a</load_address>
         <run_address>0x6e4a</run_address>
         <size>0xc6</size>
         <alignment>0x1</alignment>
         <input_file_ref idref="fl-3c"/>
      </object_component>
      <object_component id="oc-1d">
         <name>.debug_info</name>
         <load_address>0x6f10</load_address>
         <run_address>0x6f10</run_address>
         <size>0x17c</size>
         <alignment>0x1</alignment>
         <input_file_ref idref="fl-3d"/>
      </object_component>
      <object_component id="oc-1b">
         <name>.debug_info</name>
         <load_address>0x708c</load_address>
         <run_address>0x708c</run_address>
         <size>0x423</size>
         <alignment>0x1</alignment>
         <input_file_ref idref="fl-3e"/>
      </object_component>
      <object_component id="oc-e0">
         <name>.debug_info</name>
         <load_address>0x74af</load_address>
         <run_address>0x74af</run_address>
         <size>0xf8</size>
         <alignment>0x1</alignment>
         <input_file_ref idref="fl-45"/>
      </object_component>
      <object_component id="oc-e8">
         <name>.debug_info</name>
         <load_address>0x75a7</load_address>
         <run_address>0x75a7</run_address>
         <size>0x744</size>
         <alignment>0x1</alignment>
         <input_file_ref idref="fl-48"/>
      </object_component>
      <object_component id="oc-81">
         <name>.debug_info</name>
         <load_address>0x7ceb</load_address>
         <run_address>0x7ceb</run_address>
         <size>0x46</size>
         <alignment>0x1</alignment>
         <input_file_ref idref="fl-49"/>
      </object_component>
      <object_component id="oc-136">
         <name>.debug_info</name>
         <load_address>0x7d31</load_address>
         <run_address>0x7d31</run_address>
         <size>0x3b</size>
         <alignment>0x1</alignment>
         <input_file_ref idref="fl-f5"/>
      </object_component>
      <object_component id="oc-cf">
         <name>.debug_info</name>
         <load_address>0x7d6c</load_address>
         <run_address>0x7d6c</run_address>
         <size>0x18f</size>
         <alignment>0x1</alignment>
         <input_file_ref idref="fl-106"/>
      </object_component>
      <object_component id="oc-130">
         <name>.debug_info</name>
         <load_address>0x7efb</load_address>
         <run_address>0x7efb</run_address>
         <size>0x191</size>
         <alignment>0x1</alignment>
         <input_file_ref idref="fl-107"/>
      </object_component>
      <object_component id="oc-cb">
         <name>.debug_info</name>
         <load_address>0x808c</load_address>
         <run_address>0x808c</run_address>
         <size>0x195</size>
         <alignment>0x1</alignment>
         <input_file_ref idref="fl-10a"/>
      </object_component>
      <object_component id="oc-c7">
         <name>.debug_info</name>
         <load_address>0x8221</load_address>
         <run_address>0x8221</run_address>
         <size>0x195</size>
         <alignment>0x1</alignment>
         <input_file_ref idref="fl-10b"/>
      </object_component>
      <object_component id="oc-129">
         <name>.debug_info</name>
         <load_address>0x83b6</load_address>
         <run_address>0x83b6</run_address>
         <size>0x199</size>
         <alignment>0x1</alignment>
         <input_file_ref idref="fl-10c"/>
      </object_component>
      <object_component id="oc-d3">
         <name>.debug_info</name>
         <load_address>0x854f</load_address>
         <run_address>0x854f</run_address>
         <size>0x197</size>
         <alignment>0x1</alignment>
         <input_file_ref idref="fl-10e"/>
      </object_component>
      <object_component id="oc-5c">
         <name>.debug_info</name>
         <load_address>0x86e6</load_address>
         <run_address>0x86e6</run_address>
         <size>0x19b</size>
         <alignment>0x1</alignment>
         <input_file_ref idref="fl-111"/>
      </object_component>
      <object_component id="oc-110">
         <name>.debug_info</name>
         <load_address>0x8881</load_address>
         <run_address>0x8881</run_address>
         <size>0x1be</size>
         <alignment>0x1</alignment>
         <input_file_ref idref="fl-113"/>
      </object_component>
      <object_component id="oc-149">
         <name>.debug_info</name>
         <load_address>0x8a3f</load_address>
         <run_address>0x8a3f</run_address>
         <size>0x85</size>
         <alignment>0x1</alignment>
         <input_file_ref idref="fl-118"/>
      </object_component>
      <object_component id="oc-95">
         <name>.debug_info</name>
         <load_address>0x8ac4</load_address>
         <run_address>0x8ac4</run_address>
         <size>0x2fb</size>
         <alignment>0x1</alignment>
         <input_file_ref idref="fl-11a"/>
      </object_component>
      <object_component id="oc-1a4">
         <name>.debug_info</name>
         <load_address>0x8dbf</load_address>
         <run_address>0x8dbf</run_address>
         <size>0xae</size>
         <alignment>0x0</alignment>
      </object_component>
      <object_component id="oc-be">
         <name>.debug_ranges</name>
         <load_address>0x0</load_address>
         <run_address>0x0</run_address>
         <size>0x18</size>
         <alignment>0x1</alignment>
         <input_file_ref idref="fl-1"/>
      </object_component>
      <object_component id="oc-aa">
         <name>.debug_ranges</name>
         <load_address>0x18</load_address>
         <run_address>0x18</run_address>
         <size>0xe8</size>
         <alignment>0x1</alignment>
         <input_file_ref idref="fl-2"/>
      </object_component>
      <object_component id="oc-a5">
         <name>.debug_ranges</name>
         <load_address>0x100</load_address>
         <run_address>0x100</run_address>
         <size>0x18</size>
         <alignment>0x1</alignment>
         <input_file_ref idref="fl-4"/>
      </object_component>
      <object_component id="oc-30">
         <name>.debug_ranges</name>
         <load_address>0x118</load_address>
         <run_address>0x118</run_address>
         <size>0x18</size>
         <alignment>0x1</alignment>
         <input_file_ref idref="fl-5"/>
      </object_component>
      <object_component id="oc-9f">
         <name>.debug_ranges</name>
         <load_address>0x130</load_address>
         <run_address>0x130</run_address>
         <size>0xa0</size>
         <alignment>0x1</alignment>
         <input_file_ref idref="fl-a"/>
      </object_component>
      <object_component id="oc-b9">
         <name>.debug_ranges</name>
         <load_address>0x1d0</load_address>
         <run_address>0x1d0</run_address>
         <size>0x48</size>
         <alignment>0x1</alignment>
         <input_file_ref idref="fl-b"/>
      </object_component>
      <object_component id="oc-b4">
         <name>.debug_ranges</name>
         <load_address>0x218</load_address>
         <run_address>0x218</run_address>
         <size>0x28</size>
         <alignment>0x1</alignment>
         <input_file_ref idref="fl-c"/>
      </object_component>
      <object_component id="oc-36">
         <name>.debug_ranges</name>
         <load_address>0x240</load_address>
         <run_address>0x240</run_address>
         <size>0xd0</size>
         <alignment>0x1</alignment>
         <input_file_ref idref="fl-d"/>
      </object_component>
      <object_component id="oc-10b">
         <name>.debug_ranges</name>
         <load_address>0x310</load_address>
         <run_address>0x310</run_address>
         <size>0x50</size>
         <alignment>0x1</alignment>
         <input_file_ref idref="fl-10"/>
      </object_component>
      <object_component id="oc-af">
         <name>.debug_ranges</name>
         <load_address>0x360</load_address>
         <run_address>0x360</run_address>
         <size>0x20</size>
         <alignment>0x1</alignment>
         <input_file_ref idref="fl-12"/>
      </object_component>
      <object_component id="oc-65">
         <name>.debug_ranges</name>
         <load_address>0x380</load_address>
         <run_address>0x380</run_address>
         <size>0x18</size>
         <alignment>0x1</alignment>
         <input_file_ref idref="fl-3b"/>
      </object_component>
      <object_component id="oc-5a">
         <name>.debug_ranges</name>
         <load_address>0x398</load_address>
         <run_address>0x398</run_address>
         <size>0x50</size>
[...]
            <run_size>0x4</run_size>
            <compression>zero_init</compression>
         </cprec>
      </cptbl>
   </cptbl_list>
   <handler_table>
      <handler_table_name>__TI_handler_table</handler_table_name>
      <handler>
         <index>0x0</index>
         <name>__TI_decompress_lzss</name>
      </handler>
      <handler>
         <index>0x1</index>
         <name>__TI_decompress_none</name>
      </handler>
      <handler>
         <index>0x2</index>
         <name>__TI_zero_init</name>
      </handler>
   </handler_table>
   <symbol_table>
      <symbol id="sm-1">
         <name>__start___llvm_prf_cnts</name>
         <value>0x20200000</value>
      </symbol>
      <symbol id="sm-2">
         <name>__stop___llvm_prf_cnts</name>
         <value>0x20200000</value>
      </symbol>
      <symbol id="sm-3">
         <name>__start___llvm_prf_bits</name>
         <value>0x20200000</value>
      </symbol>
      <symbol id="sm-4">
         <name>__stop___llvm_prf_bits</name>
         <value>0x20200000</value>
      </symbol>
      <symbol id="sm-5">
         <name>__TI_CINIT_Base</name>
         <value>0x1910</value>
      </symbol>
      <symbol id="sm-6">
         <name>__TI_CINIT_Limit</name>
         <value>0x1920</value>
      </symbol>
      <symbol id="sm-7">
         <name>__TI_CINIT_Warm</name>
         <value>0x1920</value>
      </symbol>
      <symbol id="sm-8">
         <name>__TI_Handler_Table_Base</name>
         <value>0x18fc</value>
      </symbol>
      <symbol id="sm-9">
         <name>__TI_Handler_Table_Limit</name>
         <value>0x1908</value>
      </symbol>
      <symbol id="sm-a">
         <name>binit</name>
         <value>0xffffffff</value>
      </symbol>
      <symbol id="sm-b">
         <name>__binit__</name>
         <value>0xffffffff</value>
      </symbol>
      <symbol id="sm-c">
         <name>__STACK_SIZE</name>
         <value>0x200</value>
      </symbol>
      <symbol id="sm-d">
         <name>__STACK_END</name>
         <value>0x20208000</value>
      </symbol>
      <symbol id="sm-e">
         <name>__TI_pprof_out_hndl</name>
         <value>0xffffffff</value>
      </symbol>
      <symbol id="sm-f">
         <name>__TI_prof_data_start</name>
         <value>0xffffffff</value>
      </symbol>
      <symbol id="sm-10">
         <name>__TI_prof_data_size</name>
         <value>0xffffffff</value>
      </symbol>
      <symbol id="sm-3e">
         <name>initializeBNO055</name>
         <value>0x14ed</value>
         <object_component_ref idref="oc-bc"/>
      </symbol>
      <symbol id="sm-3f">
         <name>readBNO055</name>
         <value>0x15d9</value>
         <object_component_ref idref="oc-c5"/>
      </symbol>
      <symbol id="sm-4d">
         <name>initializeUltrasonic</name>
         <value>0x16dd</value>
         <object_component_ref idref="oc-a8"/>
      </symbol>
      <symbol id="sm-4e">
         <name>readUltrasonic</name>
         <value>0x5ed</value>
         <object_component_ref idref="oc-c3"/>
      </symbol>
      <symbol id="sm-58">
         <name>main</name>
         <value>0xc1</value>
         <object_component_ref idref="oc-84"/>
      </symbol>
      <symbol id="sm-59">
         <name>ClockFrequency</name>
         <value>0x20200088</value>
         <object_component_ref idref="oc-d6"/>
      </symbol>
      <symbol id="sm-5a">
         <name>UART0_Config</name>
         <value>0x20200040</value>
         <object_component_ref idref="oc-d7"/>
      </symbol>
      <symbol id="sm-5b">
         <name>i2c1_config</name>
         <value>0x20200080</value>
         <object_component_ref idref="oc-d8"/>
      </symbol>
      <symbol id="sm-5c">
         <name>motor_commands_buffer</name>
         <value>0x2020008c</value>
      </symbol>
      <symbol id="sm-6a">
         <name>initializeMotors</name>
         <value>0xe8d</value>
         <object_component_ref idref="oc-a2"/>
      </symbol>
      <symbol id="sm-6b">
         <name>PWMTimerClockConfig</name>
         <value>0x20200054</value>
         <object_component_ref idref="oc-116"/>
      </symbol>
      <symbol id="sm-6c">
         <name>PWMTimerConfig</name>
         <value>0x20200068</value>
         <object_component_ref idref="oc-117"/>
      </symbol>
      <symbol id="sm-6d">
         <name>LeftPWMTimerPWMConfig</name>
         <value>0x20200000</value>
         <object_component_ref idref="oc-da"/>
      </symbol>
      <symbol id="sm-6e">
         <name>RightPWMTimerPWMConfig</name>
         <value>0x20200020</value>
         <object_component_ref idref="oc-db"/>
      </symbol>
      <symbol id="sm-6f">
         <name>driveMotor</name>
         <value>0x1159</value>
         <object_component_ref idref="oc-c2"/>
      </symbol>
      <symbol id="sm-7a">
         <name>Default_Handler</name>
         <value>0x1157</value>
         <object_component_ref idref="oc-33"/>
      </symbol>
      <symbol id="sm-7b">
         <name>Reset_Handler</name>
         <value>0x18b7</value>
         <object_component_ref idref="oc-2f"/>
      </symbol>
      <symbol id="sm-7c">
         <name>interruptVectors</name>
         <value>0x0</value>
         <object_component_ref idref="oc-18"/>
      </symbol>
      <symbol id="sm-7d">
         <name>NMI_Handler</name>
         <value>0x1157</value>
         <object_component_ref idref="oc-33"/>
      </symbol>
      <symbol id="sm-7e">
         <name>HardFault_Handler</name>
         <value>0x1157</value>
         <object_component_ref idref="oc-33"/>
      </symbol>
      <symbol id="sm-7f">
         <name>SVC_Handler</name>
         <value>0x1157</value>
         <object_component_ref idref="oc-33"/>
      </symbol>
      <symbol id="sm-80">
         <name>PendSV_Handler</name>
         <value>0x1157</value>
         <object_component_ref idref="oc-33"/>
      </symbol>
      <symbol id="sm-81">
         <name>SysTick_Handler</name>
         <value>0x1157</value>
         <object_component_ref idref="oc-33"/>
      </symbol>
      <symbol id="sm-a5">
         <name>Error_Handler</name>
         <value>0x1827</value>
         <object_component_ref idref="oc-11c"/>
      </symbol>
      <symbol id="sm-a6">
         <name>CPUCyclesPer1us</name>
         <value>0x13cd</value>
         <object_component_ref idref="oc-126"/>
      </symbol>
      <symbol id="sm-a7">
         <name>CPUCyclesPer1ms</name>
         <value>0x1701</value>
         <object_component_ref idref="oc-10e"/>
      </symbol>
      <symbol id="sm-a8">
         <name>ActivatePortAandB</name>
         <value>0x15a1</value>
         <object_component_ref idref="oc-ff"/>
      </symbol>
      <symbol id="sm-a9">
         <name>InitializeLaunchpad</name>
         <value>0x100d</value>
         <object_component_ref idref="oc-9d"/>
      </symbol>
      <symbol id="sm-aa">
         <name>TurnOffLED1</name>
         <value>0x17d9</value>
         <object_component_ref idref="oc-100"/>
      </symbol>
      <symbol id="sm-ab">
         <name>TurnOffLED2Red</name>
         <value>0x1771</value>
         <object_component_ref idref="oc-101"/>
      </symbol>
      <symbol id="sm-ac">
         <name>TurnOffLED2Green</name>
         <value>0x175d</value>
         <object_component_ref idref="oc-102"/>
      </symbol>
      <symbol id="sm-ad">
         <name>TurnOffLED2Blue</name>
         <value>0x1749</value>
         <object_component_ref idref="oc-103"/>
      </symbol>
      <symbol id="sm-c0">
         <name>ClockInitialization_4MHz_32MHz</name>
         <value>0xf55</value>
         <object_component_ref idref="oc-106"/>
      </symbol>
      <symbol id="sm-c1">
         <name>ClockInitialization_80MHz</name>
         <value>0x401</value>
         <object_component_ref idref="oc-105"/>
      </symbol>
      <symbol id="sm-c2">
         <name>ClockInitialization_40MHz</name>
         <value>0x8a1</value>
         <object_component_ref idref="oc-104"/>
      </symbol>
      <symbol id="sm-c3">
         <name>ClockDelay</name>
         <value>0x1797</value>
         <object_component_ref idref="oc-b7"/>
      </symbol>
      <symbol id="sm-d7">
         <name>InitializeI2C</name>
         <value>0x9e1</value>
         <object_component_ref idref="oc-b2"/>
      </symbol>
      <symbol id="sm-d8">
         <name>I2C_Send</name>
         <value>0xb19</value>
         <object_component_ref idref="oc-123"/>
      </symbol>
      <symbol id="sm-d9">
         <name>I2C_Receive</name>
         <value>0xdc5</value>
         <object_component_ref idref="oc-12c"/>
      </symbol>
      <symbol id="sm-115">
         <name>Default_Callback</name>
         <value>0x17e9</value>
         <object_component_ref idref="oc-92"/>
      </symbol>
      <symbol id="sm-116">
         <name>GROUP0_IRQHandler</name>
         <value>0x182f</value>
         <object_component_ref idref="oc-34"/>
      </symbol>
      <symbol id="sm-117">
         <name>GROUP1_IRQHandler</name>
         <value>0x17a9</value>
         <object_component_ref idref="oc-39"/>
      </symbol>
      <symbol id="sm-118">
         <name>Group1</name>
         <value>0x20200060</value>
         <object_component_ref idref="oc-74"/>
      </symbol>
      <symbol id="sm-119">
         <name>TIMG8_IRQHandler</name>
         <value>0x17c9</value>
         <object_component_ref idref="oc-3a"/>
      </symbol>
      <symbol id="sm-11a">
         <name>TimerG8</name>
         <value>0x20200078</value>
         <object_component_ref idref="oc-75"/>
      </symbol>
      <symbol id="sm-11b">
         <name>UART3_IRQHandler</name>
         <value>0x189f</value>
         <object_component_ref idref="oc-3b"/>
      </symbol>
      <symbol id="sm-11c">
         <name>ADC0_IRQHandler</name>
         <value>0x17f7</value>
         <object_component_ref idref="oc-3c"/>
      </symbol>
      <symbol id="sm-11d">
         <name>ADC1_IRQHandler</name>
         <value>0x17ff</value>
         <object_component_ref idref="oc-3d"/>
      </symbol>
      <symbol id="sm-11e">
         <name>CANFD0_IRQHandler</name>
         <value>0x180f</value>
         <object_component_ref idref="oc-3e"/>
      </symbol>
      <symbol id="sm-11f">
         <name>DAC0_IRQHandler</name>
         <value>0x1817</value>
         <object_component_ref idref="oc-3f"/>
      </symbol>
      <symbol id="sm-120">
         <name>SPI0_IRQHandler</name>
         <value>0x184f</value>
         <object_component_ref idref="oc-40"/>
      </symbol>
      <symbol id="sm-121">
         <name>SPI1_IRQHandler</name>
         <value>0x1857</value>
         <object_component_ref idref="oc-41"/>
      </symbol>
      <symbol id="sm-122">
         <name>UART1_IRQHandler</name>
         <value>0x188f</value>
         <object_component_ref idref="oc-42"/>
      </symbol>
      <symbol id="sm-123">
         <name>UART2_IRQHandler</name>
         <value>0x1897</value>
         <object_component_ref idref="oc-43"/>
      </symbol>
      <symbol id="sm-124">
         <name>UART0_IRQHandler</name>
         <value>0x1887</value>
         <object_component_ref idref="oc-44"/>
      </symbol>
      <symbol id="sm-125">
         <name>TIMG0_IRQHandler</name>
         <value>0x186f</value>
         <object_component_ref idref="oc-45"/>
      </symbol>
      <symbol id="sm-126">
         <name>TIMG6_IRQHandler</name>
         <value>0x187f</value>
         <object_component_ref idref="oc-46"/>
      </symbol>
      <symbol id="sm-127">
         <name>TIMA0_IRQHandler</name>
         <value>0x185f</value>
         <object_component_ref idref="oc-47"/>
      </symbol>
      <symbol id="sm-128">
         <name>TIMA1_IRQHandler</name>
         <value>0x1867</value>
         <object_component_ref idref="oc-48"/>
      </symbol>
      <symbol id="sm-129">
         <name>TIMG7_IRQHandler</name>
         <value>0x17b9</value>
         <object_component_ref idref="oc-49"/>
      </symbol>
      <symbol id="sm-12a">
         <name>TimerG7</name>
         <value>0x20200070</value>
         <object_component_ref idref="oc-76"/>
      </symbol>
      <symbol id="sm-12b">
         <name>TIMG12_IRQHandler</name>
         <value>0x1877</value>
         <object_component_ref idref="oc-4a"/>
      </symbol>
      <symbol id="sm-12c">
         <name>I2C0_IRQHandler</name>
         <value>0x1837</value>
         <object_component_ref idref="oc-4b"/>
      </symbol>
      <symbol id="sm-12d">
         <name>I2C1_IRQHandler</name>
         <value>0x183f</value>
         <object_component_ref idref="oc-4c"/>
      </symbol>
      <symbol id="sm-12e">
         <name>AES_IRQHandler</name>
         <value>0x1807</value>
         <object_component_ref idref="oc-4d"/>
      </symbol>
      <symbol id="sm-12f">
         <name>RTC_IRQHandler</name>
         <value>0x1847</value>
         <object_component_ref idref="oc-4e"/>
      </symbol>
      <symbol id="sm-130">
         <name>DMA_IRQHandler</name>
         <value>0x181f</value>
         <object_component_ref idref="oc-4f"/>
      </symbol>
      <symbol id="sm-148">
         <name>InitializeTimerClock</name>
         <value>0x1365</value>
         <object_component_ref idref="oc-109"/>
      </symbol>
      <symbol id="sm-149">
         <name>InitializeTimerCompare</name>
         <value>0x1669</value>
         <object_component_ref idref="oc-113"/>
      </symbol>
      <symbol id="sm-14a">
         <name>EnableTimer</name>
         <value>0x1719</value>
         <object_component_ref idref="oc-115"/>
      </symbol>
      <symbol id="sm-14b">
         <name>InitializeTimerPWM</name>
         <value>0xce5</value>
         <object_component_ref idref="oc-114"/>
      </symbol>
      <symbol id="sm-14c">
         <name>UpdateDutyCycle</name>
         <value>0x1425</value>
         <object_component_ref idref="oc-127"/>
      </symbol>
      <symbol id="sm-15a">
         <name>InitializeUART</name>
         <value>0x75d</value>
         <object_component_ref idref="oc-ad"/>
      </symbol>
      <symbol id="sm-15b">
         <name>GetUserInput</name>
         <value>0x1611</value>
         <object_component_ref idref="oc-c1"/>
      </symbol>
      <symbol id="sm-15c">
         <name>__TI_ATRegion0_src_addr</name>
         <value>0x0</value>
      </symbol>
      <symbol id="sm-15d">
         <name>__TI_ATRegion0_trg_addr</name>
         <value>0x0</value>
      </symbol>
      <symbol id="sm-15e">
         <name>__TI_ATRegion0_region_sz</name>
         <value>0x0</value>
      </symbol>
      <symbol id="sm-15f">
         <name>__TI_ATRegion1_src_addr</name>
         <value>0x0</value>
      </symbol>
      <symbol id="sm-160">
         <name>__TI_ATRegion1_trg_addr</name>
         <value>0x0</value>
      </symbol>
      <symbol id="sm-161">
         <name>__TI_ATRegion1_region_sz</name>
         <value>0x0</value>
      </symbol>
      <symbol id="sm-162">
         <name>__TI_ATRegion2_src_addr</name>
         <value>0x0</value>
      </symbol>
      <symbol id="sm-163">
         <name>__TI_ATRegion2_trg_addr</name>
         <value>0x0</value>
      </symbol>
      <symbol id="sm-164">
         <name>__TI_ATRegion2_region_sz</name>
         <value>0x0</value>
      </symbol>
      <symbol id="sm-174">
         <name>__TI_zero_init_nomemset</name>
         <value>0x1731</value>
         <object_component_ref idref="oc-62"/>
      </symbol>
      <symbol id="sm-17d">
         <name>__TI_decompress_none</name>
         <value>0x1785</value>
         <object_component_ref idref="oc-20"/>
      </symbol>
      <symbol id="sm-188">
         <name>__TI_decompress_lzss</name>
         <value>0x1271</value>
         <object_component_ref idref="oc-1c"/>
      </symbol>
      <symbol id="sm-193">
         <name>_c_int00_noargs</name>
         <value>0x1691</value>
         <object_component_ref idref="oc-6b"/>
      </symbol>
      <symbol id="sm-194">
         <name>__stack</name>
         <value>0x20207e00</value>
         <object_component_ref idref="oc-1a"/>
      </symbol>
      <symbol id="sm-1a4">
         <name>abort</name>
         <value>0x18b1</value>
         <object_component_ref idref="oc-df"/>
      </symbol>
      <symbol id="sm-1b1">
         <name>__TI_auto_init_nobinit_nopinit</name>
         <value>0x1529</value>
         <object_component_ref idref="oc-e6"/>
      </symbol>
      <symbol id="sm-1b9">
         <name>_system_pre_init</name>
         <value>0x18bb</value>
         <object_component_ref idref="oc-80"/>
      </symbol>
      <symbol id="sm-1cc">
         <name>HOSTexit</name>
         <value>0x12ed</value>
         <object_component_ref idref="oc-135"/>
      </symbol>
      <symbol id="sm-1cd">
         <name>C$$EXIT</name>
         <value>0x12ec</value>
         <object_component_ref idref="oc-135"/>
      </symbol>
      <symbol id="sm-1e2">
         <name>__aeabi_dmul</name>
         <value>0xc01</value>
         <object_component_ref idref="oc-ce"/>
      </symbol>
      <symbol id="sm-1e3">
         <name>__muldf3</name>
         <value>0xc01</value>
         <object_component_ref idref="oc-ce"/>
      </symbol>
      <symbol id="sm-1e9">
         <name>__muldsi3</name>
         <value>0x1565</value>
         <object_component_ref idref="oc-12f"/>
      </symbol>
      <symbol id="sm-1ef">
         <name>__aeabi_i2d</name>
         <value>0x163d</value>
         <object_component_ref idref="oc-ca"/>
      </symbol>
      <symbol id="sm-1f0">
         <name>__floatsidf</name>
         <value>0x163d</value>
         <object_component_ref idref="oc-ca"/>
      </symbol>
      <symbol id="sm-1f6">
         <name>__aeabi_i2f</name>
         <value>0x14b1</value>
         <object_component_ref idref="oc-c6"/>
      </symbol>
      <symbol id="sm-1f7">
         <name>__floatsisf</name>
         <value>0x14b1</value>
         <object_component_ref idref="oc-c6"/>
      </symbol>
      <symbol id="sm-1fd">
         <name>__aeabi_ui2d</name>
         <value>0x16b9</value>
         <object_component_ref idref="oc-128"/>
      </symbol>
      <symbol id="sm-1fe">
         <name>__floatunsidf</name>
         <value>0x16b9</value>
         <object_component_ref idref="oc-128"/>
      </symbol>
      <symbol id="sm-205">
         <name>__aeabi_d2f</name>
         <value>0x12f1</value>
         <object_component_ref idref="oc-d2"/>
      </symbol>
      <symbol id="sm-206">
         <name>__truncdfsf2</name>
         <value>0x12f1</value>
         <object_component_ref idref="oc-d2"/>
      </symbol>
      <symbol id="sm-20c">
         <name>__aeabi_memcpy</name>
         <value>0x18a9</value>
         <object_component_ref idref="oc-5b"/>
      </symbol>
      <symbol id="sm-20d">
         <name>__aeabi_memcpy4</name>
         <value>0x18a9</value>
         <object_component_ref idref="oc-5b"/>
      </symbol>
      <symbol id="sm-20e">
         <name>__aeabi_memcpy8</name>
         <value>0x18a9</value>
         <object_component_ref idref="oc-5b"/>
      </symbol>
      <symbol id="sm-214">
         <name>__aeabi_uidiv</name>
         <value>0x1471</value>
         <object_component_ref idref="oc-10f"/>
      </symbol>
      <symbol id="sm-215">
         <name>__aeabi_uidivmod</name>
         <value>0x1471</value>
         <object_component_ref idref="oc-10f"/>
      </symbol>
      <symbol id="sm-220">
         <name>__aeabi_idiv0</name>
         <value>0x159f</value>
         <object_component_ref idref="oc-148"/>
      </symbol>
      <symbol id="sm-23a">
         <name>memcpy</name>
         <value>0x10bd</value>
         <object_component_ref idref="oc-98"/>
      </symbol>
      <symbol id="sm-23b">
         <name>__TI_static_base__</name>
         <value>0x0</value>
      </symbol>
      <symbol id="sm-23e">
         <name>__mpu_init</name>
         <value>0x0</value>
      </symbol>
      <symbol id="sm-23f">
         <name>_system_post_cinit</name>
         <value>0x0</value>
      </symbol>
   </symbol_table>
   <title>Link successful</title>
</link_info>
