******************************************************************************
            TI ARM Clang Linker Unix v4.0.4                    
******************************************************************************
>> Linked Mon Apr 27 14:54:42 2026

OUTPUT FILE NAME:   <robot.out>
ENTRY POINT SYMBOL: "_c_int00_noargs"  address: 000015e1


MEMORY CONFIGURATION

         name            origin    length      used     unused   attr    fill
----------------------  --------  ---------  --------  --------  ----  --------
  FLASH                 00000000   00020000  00001870  0001e790  R  X
  SRAM                  20200000   00008000  00000290  00007d70  RW X
  BCR_CONFIG            41c00000   000000ff  00000000  000000ff  R   
  BSL_CONFIG            41c00100   00000080  00000000  00000080  R   


SEGMENT ALLOCATION MAP

run origin  load origin   length   init length attrs members
----------  ----------- ---------- ----------- ----- -------
00000000    00000000    00001870   00001870    r-x
  00000000    00000000    000000c0   000000c0    r-- .intvecs
  000000c0    000000c0    00001750   00001750    r-x .text
  00001810    00001810    00000060   00000060    r-- .cinit
20200000    20200000    00000090   00000000    rw-
  20200000    20200000    0000008c   00000000    rw- .data
  2020008c    2020008c    00000004   00000000    rw- .bss
20207e00    20207e00    00000200   00000000    rw-
  20207e00    20207e00    00000200   00000000    rw- .stack


SECTION ALLOCATION MAP

 output                                  attributes/
section   page    origin      length       input sections
--------  ----  ----------  ----------   ----------------
.intvecs   0    00000000    000000c0     
                  00000000    000000c0     startup_mspm0g350x_ticlang.o (.intvecs)

.text      0    000000c0    00001750     
                  000000c0    0000033c     main.o (.text.main)
                  000003fc    000001ec     clock.o (.text.ClockInitialization_80MHz)
                  000005e8    00000144     uart.o (.text.InitializeUART)
                  0000072c    00000140     clock.o (.text.ClockInitialization_40MHz)
                  0000086c    00000138     i2c.o (.text.InitializeI2C)
                  000009a4    000000e8     i2c.o (.text.I2C_Send)
                  00000a8c    000000e4     libclang_rt.builtins.a : muldf3.S.obj (.text.__muldf3)
                  00000b70    000000e0     timer.o (.text.InitializeTimerPWM)
                  00000c50    000000cc     hcsr04.o (.text.readUltrasonic)
                  00000d1c    000000c8     i2c.o (.text.I2C_Receive)
                  00000de4    000000c8     motors.o (.text.initializeMotors)
                  00000eac    000000b8     clock.o (.text.ClockInitialization_4MHz_32MHz)
                  00000f64    000000b0     bsp.o (.text.InitializeLaunchpad)
                  00001014    0000009a     libc.a : memcpy16.S.obj (.text:memcpy)
                  000010ae    00000002     startup_mspm0g350x_ticlang.o (.text.Default_Handler)
                  000010b0    00000094     motors.o (.text.driveMotor)
                  00001144    00000084     i2c.o (.text.I2CFillTXFIFO)
                  000011c8    0000007c     libc.a : copy_decompress_lzss.c.obj (.text:decompress:lzss)
                  00001244    00000008     mspm0g350x_int.o (.text.ADC0_IRQHandler)
                  0000124c    00000004     libsysbm.a : hostexit.c.obj (.text.HOSTexit)
                  00001250    00000074     libclang_rt.builtins.a : truncdfsf2.S.obj (.text.__truncdfsf2)
                  000012c4    00000068     timer.o (.text.InitializeTimerClock)
                  0000132c    00000058     bsp.o (.text.CPUCyclesPer1us)
                  00001384    0000004c     timer.o (.text.UpdateDutyCycle)
                  000013d0    00000040     libclang_rt.builtins.a : aeabi_uidivmod.S.obj (.text.__aeabi_uidivmod)
                  00001410    0000003c                            : floatsisf.S.obj (.text.__floatsisf)
                  0000144c    0000003c     libc.a : autoinit.c.obj (.text:__TI_auto_init_nobinit_nopinit)
                  00001488    0000003a     libclang_rt.builtins.a : muldsi3.S.obj (.text.__muldsi3)
                  000014c2    00000002                            : aeabi_div0.c.obj (.text.__aeabi_idiv0)
                  000014c4    00000038     bsp.o (.text.ActivatePortAandB)
                  000014fc    00000038     bno055.o (.text.initializeBNO055)
                  00001534    0000002c     uart.o (.text.GetUserInput)
                  00001560    0000002c     libclang_rt.builtins.a : floatsidf.S.obj (.text.__floatsidf)
                  0000158c    0000002c     bno055.o (.text.readBNO055)
                  000015b8    00000028     timer.o (.text.InitializeTimerCompare)
                  000015e0    00000028     libc.a : boot_cortex_m.c.obj (.text:_c_int00_noargs)
                  00001608    00000024     libclang_rt.builtins.a : floatunsidf.S.obj (.text.__floatunsidf)
                  0000162c    00000024     hcsr04.o (.text.initializeUltrasonic)
                  00001650    00000018     bsp.o (.text.CPUCyclesPer1ms)
                  00001668    00000018     timer.o (.text.EnableTimer)
                  00001680    00000016     libc.a : copy_zero_init.c.obj (.text:decompress:ZI:__TI_zero_init_nomemset)
                  00001696    00000002     --HOLE-- [fill = 0]
                  00001698    00000014     bsp.o (.text.TurnOffLED2Blue)
                  000016ac    00000014     bsp.o (.text.TurnOffLED2Green)
                  000016c0    00000014     bsp.o (.text.TurnOffLED2Red)
                  000016d4    00000012     libc.a : copy_decompress_none.c.obj (.text:decompress:none)
                  000016e6    00000010     clock.o (.text.ClockDelay)
                  000016f6    00000002     --HOLE-- [fill = 0]
                  000016f8    00000010     mspm0g350x_int.o (.text.GROUP1_IRQHandler)
                  00001708    00000010     mspm0g350x_int.o (.text.TIMG7_IRQHandler)
                  00001718    00000010     mspm0g350x_int.o (.text.TIMG8_IRQHandler)
                  00001728    00000010     bsp.o (.text.TurnOffLED1)
                  00001738    0000000e     mspm0g350x_int.o (.text.Default_Callback)
                  00001746    00000008     mspm0g350x_int.o (.text.ADC1_IRQHandler)
                  0000174e    00000008     mspm0g350x_int.o (.text.AES_IRQHandler)
                  00001756    00000008     mspm0g350x_int.o (.text.CANFD0_IRQHandler)
                  0000175e    00000008     mspm0g350x_int.o (.text.DAC0_IRQHandler)
                  00001766    00000008     mspm0g350x_int.o (.text.DMA_IRQHandler)
                  0000176e    00000008     bsp.o (.text.Error_Handler)
                  00001776    00000008     mspm0g350x_int.o (.text.GROUP0_IRQHandler)
                  0000177e    00000008     mspm0g350x_int.o (.text.I2C0_IRQHandler)
                  00001786    00000008     mspm0g350x_int.o (.text.I2C1_IRQHandler)
                  0000178e    00000008     mspm0g350x_int.o (.text.RTC_IRQHandler)
                  00001796    00000008     mspm0g350x_int.o (.text.SPI0_IRQHandler)
                  0000179e    00000008     mspm0g350x_int.o (.text.SPI1_IRQHandler)
                  000017a6    00000008     mspm0g350x_int.o (.text.TIMA0_IRQHandler)
                  000017ae    00000008     mspm0g350x_int.o (.text.TIMA1_IRQHandler)
                  000017b6    00000008     mspm0g350x_int.o (.text.TIMG0_IRQHandler)
                  000017be    00000008     mspm0g350x_int.o (.text.TIMG12_IRQHandler)
                  000017c6    00000008     mspm0g350x_int.o (.text.TIMG6_IRQHandler)
                  000017ce    00000008     mspm0g350x_int.o (.text.UART0_IRQHandler)
                  000017d6    00000008     mspm0g350x_int.o (.text.UART1_IRQHandler)
                  000017de    00000008     mspm0g350x_int.o (.text.UART2_IRQHandler)
                  000017e6    00000008     mspm0g350x_int.o (.text.UART3_IRQHandler)
                  000017ee    00000002     --HOLE-- [fill = 0]
                  000017f0    00000008     libclang_rt.builtins.a : aeabi_memcpy.S.obj (.text.__aeabi_memcpy)
                  000017f8    00000006     libc.a : exit.c.obj (.text:abort)
                  000017fe    00000004     startup_mspm0g350x_ticlang.o (.text.Reset_Handler)
                  00001802    00000004     libc.a : pre_init.c.obj (.text._system_pre_init)
                  00001806    0000000a     --HOLE-- [fill = 0]

.cinit     0    00001810    00000060     
                  00001810    0000003c     (.cinit..data.load) [load image, compression = lzss]
                  0000184c    0000000c     (__TI_handler_table)
                  00001858    00000008     (.cinit..bss.load) [load image, compression = zero_init]
                  00001860    00000010     (__TI_cinit_table)

.init_array 
*          0    00000000    00000000     UNINITIALIZED

.binit     0    00000000    00000000     

.data      0    20200000    0000008c     UNINITIALIZED
                  20200000    00000020     motors.o (.data.LeftPWMTimerPWMConfig)
                  20200020    00000020     motors.o (.data.RightPWMTimerPWMConfig)
                  20200040    00000014     main.o (.data.UART0_Config)
                  20200054    0000000c     motors.o (.data.PWMTimerClockConfig)
                  20200060    00000008     mspm0g350x_int.o (.data.Group1)
                  20200068    00000008     motors.o (.data.PWMTimerConfig)
                  20200070    00000008     mspm0g350x_int.o (.data.TimerG7)
                  20200078    00000008     mspm0g350x_int.o (.data.TimerG8)
                  20200080    00000008     main.o (.data.i2c1_config)
                  20200088    00000004     main.o (.data.ClockFrequency)

.bss       0    2020008c    00000004     UNINITIALIZED
                  2020008c    00000004     (.common:motor_commands_buffer)

.stack     0    20207e00    00000200     UNINITIALIZED
                  20207e00    00000004     libc.a : boot_cortex_m.c.obj (.stack)
                  20207e04    000001fc     --HOLE--

__llvm_prf_cnts 
*          0    20200000    00000000     UNINITIALIZED

__llvm_prf_bits 
*          0    20200000    00000000     UNINITIALIZED

MODULE SUMMARY

       Module                         code   ro data   rw data
       ------                         ----   -------   -------
    ./
       main.o                         828    0         36     
       motors.o                       348    0         84     
       hcsr04.o                       240    0         0      
       startup_mspm0g350x_ticlang.o   6      192       0      
       bno055.o                       100    0         0      
    +--+------------------------------+------+---------+---------+
       Total:                         1522   192       120    
                                                              
    ./LP_MSPM0G3507/
       clock.o                        1012   0         0      
       i2c.o                          876    0         0      
       timer.o                        468    0         0      
       bsp.o                          428    0         0      
       uart.o                         368    0         0      
       mspm0g350x_int.o               230    0         24     
    +--+------------------------------+------+---------+---------+
       Total:                         3382   0         24     
                                                              
    /opt/ti/ccs2040/ccs/tools/compiler/ti-cgt-armllvm_4.0.4.LTS/lib/armv6m-ti-none-eabi/c/libc.a
       memcpy16.S.obj                 154    0         0      
       copy_decompress_lzss.c.obj     124    0         0      
       autoinit.c.obj                 60     0         0      
       boot_cortex_m.c.obj            40     0         0      
       copy_zero_init.c.obj           22     0         0      
       copy_decompress_none.c.obj     18     0         0      
       exit.c.obj                     6      0         0      
       pre_init.c.obj                 4      0         0      
    +--+------------------------------+------+---------+---------+
       Total:                         428    0         0      
                                                              
    /opt/ti/ccs2040/ccs/tools/compiler/ti-cgt-armllvm_4.0.4.LTS/lib/armv6m-ti-none-eabi/c/libsysbm.a
       hostexit.c.obj                 4      0         0      
    +--+------------------------------+------+---------+---------+
       Total:                         4      0         0      
                                                              
    /opt/ti/ccs2040/ccs/tools/compiler/ti-cgt-armllvm_4.0.4.LTS/lib/armv6m-ti-none-eabi/libclang_rt.builtins.a
       muldf3.S.obj                   228    0         0      
       truncdfsf2.S.obj               116    0         0      
       aeabi_uidivmod.S.obj           64     0         0      
       floatsisf.S.obj                60     0         0      
       muldsi3.S.obj                  58     0         0      
       floatsidf.S.obj                44     0         0      
       floatunsidf.S.obj              36     0         0      
       aeabi_memcpy.S.obj             8      0         0      
       aeabi_div0.c.obj               2      0         0      
    +--+------------------------------+------+---------+---------+
       Total:                         616    0         0      
                                                              
       Stack:                         0      0         512    
       Linker Generated:              0      96        0      
    +--+------------------------------+------+---------+---------+
       Grand Total:                   5952   288       656    


LINKER GENERATED COPY TABLES

__TI_cinit_table @ 00001860 records: 2, size/record: 8, table size: 16
	.data: load addr=00001810, load size=0000003c bytes, run addr=20200000, run size=0000008c bytes, compression=lzss
	.bss: load addr=00001858, load size=00000008 bytes, run addr=2020008c, run size=00000004 bytes, compression=zero_init


LINKER GENERATED HANDLER TABLE

__TI_handler_table @ 0000184c records: 3, size/record: 4, table size: 12
	index: 0, handler: __TI_decompress_lzss
	index: 1, handler: __TI_decompress_none
	index: 2, handler: __TI_zero_init


GLOBAL SYMBOLS: SORTED ALPHABETICALLY BY Name 

address   name                          
-------   ----                          
00001245  ADC0_IRQHandler               
00001747  ADC1_IRQHandler               
0000174f  AES_IRQHandler                
000014c5  ActivatePortAandB             
0000124c  C$$EXIT                       
00001757  CANFD0_IRQHandler             
00001651  CPUCyclesPer1ms               
0000132d  CPUCyclesPer1us               
000016e7  ClockDelay                    
20200088  ClockFrequency                
0000072d  ClockInitialization_40MHz     
00000ead  ClockInitialization_4MHz_32MHz
000003fd  ClockInitialization_80MHz     
0000175f  DAC0_IRQHandler               
00001767  DMA_IRQHandler                
00001739  Default_Callback              
000010af  Default_Handler               
00001669  EnableTimer                   
0000176f  Error_Handler                 
00001777  GROUP0_IRQHandler             
000016f9  GROUP1_IRQHandler             
00001535  GetUserInput                  
20200060  Group1                        
0000124d  HOSTexit                      
000010af  HardFault_Handler             
0000177f  I2C0_IRQHandler               
00001787  I2C1_IRQHandler               
00000d1d  I2C_Receive                   
000009a5  I2C_Send                      
0000086d  InitializeI2C                 
00000f65  InitializeLaunchpad           
000012c5  InitializeTimerClock          
000015b9  InitializeTimerCompare        
00000b71  InitializeTimerPWM            
000005e9  InitializeUART                
20200000  LeftPWMTimerPWMConfig         
000010af  NMI_Handler                   
20200054  PWMTimerClockConfig           
20200068  PWMTimerConfig                
000010af  PendSV_Handler                
0000178f  RTC_IRQHandler                
000017ff  Reset_Handler                 
20200020  RightPWMTimerPWMConfig        
00001797  SPI0_IRQHandler               
0000179f  SPI1_IRQHandler               
000010af  SVC_Handler                   
000010af  SysTick_Handler               
000017a7  TIMA0_IRQHandler              
000017af  TIMA1_IRQHandler              
000017b7  TIMG0_IRQHandler              
000017bf  TIMG12_IRQHandler             
000017c7  TIMG6_IRQHandler              
00001709  TIMG7_IRQHandler              
00001719  TIMG8_IRQHandler              
20200070  TimerG7                       
20200078  TimerG8                       
00001729  TurnOffLED1                   
00001699  TurnOffLED2Blue               
000016ad  TurnOffLED2Green              
000016c1  TurnOffLED2Red                
20200040  UART0_Config                  
000017cf  UART0_IRQHandler              
000017d7  UART1_IRQHandler              
000017df  UART2_IRQHandler              
000017e7  UART3_IRQHandler              
00001385  UpdateDutyCycle               
20208000  __STACK_END                   
00000200  __STACK_SIZE                  
00000000  __TI_ATRegion0_region_sz      
00000000  __TI_ATRegion0_src_addr       
00000000  __TI_ATRegion0_trg_addr       
00000000  __TI_ATRegion1_region_sz      
00000000  __TI_ATRegion1_src_addr       
00000000  __TI_ATRegion1_trg_addr       
00000000  __TI_ATRegion2_region_sz      
00000000  __TI_ATRegion2_src_addr       
00000000  __TI_ATRegion2_trg_addr       
00001860  __TI_CINIT_Base               
00001870  __TI_CINIT_Limit              
00001870  __TI_CINIT_Warm               
0000184c  __TI_Handler_Table_Base       
00001858  __TI_Handler_Table_Limit      
0000144d  __TI_auto_init_nobinit_nopinit
000011c9  __TI_decompress_lzss          
000016d5  __TI_decompress_none          
ffffffff  __TI_pprof_out_hndl           
ffffffff  __TI_prof_data_size           
ffffffff  __TI_prof_data_start          
00000000  __TI_static_base__            
00001681  __TI_zero_init_nomemset       
00001251  __aeabi_d2f                   
00000a8d  __aeabi_dmul                  
00001561  __aeabi_i2d                   
00001411  __aeabi_i2f                   
000014c3  __aeabi_idiv0                 
000017f1  __aeabi_memcpy                
000017f1  __aeabi_memcpy4               
000017f1  __aeabi_memcpy8               
00001609  __aeabi_ui2d                  
000013d1  __aeabi_uidiv                 
000013d1  __aeabi_uidivmod              
ffffffff  __binit__                     
00001561  __floatsidf                   
00001411  __floatsisf                   
00001609  __floatunsidf                 
UNDEFED   __mpu_init                    
00000a8d  __muldf3                      
00001489  __muldsi3                     
20207e00  __stack                       
20200000  __start___llvm_prf_bits       
20200000  __start___llvm_prf_cnts       
20200000  __stop___llvm_prf_bits        
20200000  __stop___llvm_prf_cnts        
00001251  __truncdfsf2                  
000015e1  _c_int00_noargs               
UNDEFED   _system_post_cinit            
00001803  _system_pre_init              
000017f9  abort                         
ffffffff  binit                         
000010b1  driveMotor                    
20200080  i2c1_config                   
000014fd  initializeBNO055              
00000de5  initializeMotors              
0000162d  initializeUltrasonic          
00000000  interruptVectors              
000000c1  main                          
00001015  memcpy                        
2020008c  motor_commands_buffer         
0000158d  readBNO055                    
00000c51  readUltrasonic                


GLOBAL SYMBOLS: SORTED BY Symbol Address 

address   name                          
-------   ----                          
00000000  __TI_ATRegion0_region_sz      
00000000  __TI_ATRegion0_src_addr       
00000000  __TI_ATRegion0_trg_addr       
00000000  __TI_ATRegion1_region_sz      
00000000  __TI_ATRegion1_src_addr       
00000000  __TI_ATRegion1_trg_addr       
00000000  __TI_ATRegion2_region_sz      
00000000  __TI_ATRegion2_src_addr       
00000000  __TI_ATRegion2_trg_addr       
00000000  __TI_static_base__            
00000000  interruptVectors              
000000c1  main                          
00000200  __STACK_SIZE                  
000003fd  ClockInitialization_80MHz     
000005e9  InitializeUART                
0000072d  ClockInitialization_40MHz     
0000086d  InitializeI2C                 
000009a5  I2C_Send                      
00000a8d  __aeabi_dmul                  
00000a8d  __muldf3                      
00000b71  InitializeTimerPWM            
00000c51  readUltrasonic                
00000d1d  I2C_Receive                   
00000de5  initializeMotors              
00000ead  ClockInitialization_4MHz_32MHz
00000f65  InitializeLaunchpad           
00001015  memcpy                        
000010af  Default_Handler               
000010af  HardFault_Handler             
000010af  NMI_Handler                   
000010af  PendSV_Handler                
000010af  SVC_Handler                   
000010af  SysTick_Handler               
000010b1  driveMotor                    
000011c9  __TI_decompress_lzss          
00001245  ADC0_IRQHandler               
0000124c  C$$EXIT                       
0000124d  HOSTexit                      
00001251  __aeabi_d2f                   
00001251  __truncdfsf2                  
000012c5  InitializeTimerClock          
0000132d  CPUCyclesPer1us               
00001385  UpdateDutyCycle               
000013d1  __aeabi_uidiv                 
000013d1  __aeabi_uidivmod              
00001411  __aeabi_i2f                   
00001411  __floatsisf                   
0000144d  __TI_auto_init_nobinit_nopinit
00001489  __muldsi3                     
000014c3  __aeabi_idiv0                 
000014c5  ActivatePortAandB             
000014fd  initializeBNO055              
00001535  GetUserInput                  
00001561  __aeabi_i2d                   
00001561  __floatsidf                   
0000158d  readBNO055                    
000015b9  InitializeTimerCompare        
000015e1  _c_int00_noargs               
00001609  __aeabi_ui2d                  
00001609  __floatunsidf                 
0000162d  initializeUltrasonic          
00001651  CPUCyclesPer1ms               
00001669  EnableTimer                   
00001681  __TI_zero_init_nomemset       
00001699  TurnOffLED2Blue               
000016ad  TurnOffLED2Green              
000016c1  TurnOffLED2Red                
000016d5  __TI_decompress_none          
000016e7  ClockDelay                    
000016f9  GROUP1_IRQHandler             
00001709  TIMG7_IRQHandler              
00001719  TIMG8_IRQHandler              
00001729  TurnOffLED1                   
00001739  Default_Callback              
00001747  ADC1_IRQHandler               
0000174f  AES_IRQHandler                
00001757  CANFD0_IRQHandler             
0000175f  DAC0_IRQHandler               
00001767  DMA_IRQHandler                
0000176f  Error_Handler                 
00001777  GROUP0_IRQHandler             
0000177f  I2C0_IRQHandler               
00001787  I2C1_IRQHandler               
0000178f  RTC_IRQHandler                
00001797  SPI0_IRQHandler               
0000179f  SPI1_IRQHandler               
000017a7  TIMA0_IRQHandler              
000017af  TIMA1_IRQHandler              
000017b7  TIMG0_IRQHandler              
000017bf  TIMG12_IRQHandler             
000017c7  TIMG6_IRQHandler              
000017cf  UART0_IRQHandler              
000017d7  UART1_IRQHandler              
000017df  UART2_IRQHandler              
000017e7  UART3_IRQHandler              
000017f1  __aeabi_memcpy                
000017f1  __aeabi_memcpy4               
000017f1  __aeabi_memcpy8               
000017f9  abort                         
000017ff  Reset_Handler                 
00001803  _system_pre_init              
0000184c  __TI_Handler_Table_Base       
00001858  __TI_Handler_Table_Limit      
00001860  __TI_CINIT_Base               
00001870  __TI_CINIT_Limit              
00001870  __TI_CINIT_Warm               
20200000  LeftPWMTimerPWMConfig         
20200000  __start___llvm_prf_bits       
20200000  __start___llvm_prf_cnts       
20200000  __stop___llvm_prf_bits        
20200000  __stop___llvm_prf_cnts        
20200020  RightPWMTimerPWMConfig        
20200040  UART0_Config                  
20200054  PWMTimerClockConfig           
20200060  Group1                        
20200068  PWMTimerConfig                
20200070  TimerG7                       
20200078  TimerG8                       
20200080  i2c1_config                   
20200088  ClockFrequency                
2020008c  motor_commands_buffer         
20207e00  __stack                       
20208000  __STACK_END                   
ffffffff  __TI_pprof_out_hndl           
ffffffff  __TI_prof_data_size           
ffffffff  __TI_prof_data_start          
ffffffff  __binit__                     
ffffffff  binit                         
UNDEFED   __mpu_init                    
UNDEFED   _system_post_cinit            

[130 symbols]
